Archive member included to satisfy reference by file (symbol)

d:/ac6/systemworkbench/plugins/fr.ac6.mcu.externaltools.arm-none.win32_1.15.0.201708311556/tools/compiler/bin/../lib/gcc/arm-none-eabi/6.3.1/thumb/v7-m\libgcc.a(_arm_addsubdf3.o)
                              src/BSP.o (__aeabi_i2d)
d:/ac6/systemworkbench/plugins/fr.ac6.mcu.externaltools.arm-none.win32_1.15.0.201708311556/tools/compiler/bin/../lib/gcc/arm-none-eabi/6.3.1/thumb/v7-m\libgcc.a(_arm_muldivdf3.o)
                              src/BSP.o (__aeabi_dmul)
d:/ac6/systemworkbench/plugins/fr.ac6.mcu.externaltools.arm-none.win32_1.15.0.201708311556/tools/compiler/bin/../lib/gcc/arm-none-eabi/6.3.1/thumb/v7-m\libgcc.a(_arm_fixunsdfsi.o)
                              src/BSP.o (__aeabi_d2uiz)
d:/ac6/systemworkbench/plugins/fr.ac6.mcu.externaltools.arm-none.win32_1.15.0.201708311556/tools/compiler/bin/../lib/gcc/arm-none-eabi/6.3.1/../../../../arm-none-eabi/lib/thumb/v7-m\libc.a(lib_a-errno.o)
                              src/syscalls.o (__errno)
d:/ac6/systemworkbench/plugins/fr.ac6.mcu.externaltools.arm-none.win32_1.15.0.201708311556/tools/compiler/bin/../lib/gcc/arm-none-eabi/6.3.1/../../../../arm-none-eabi/lib/thumb/v7-m\libc.a(lib_a-exit.o)
                              d:/ac6/systemworkbench/plugins/fr.ac6.mcu.externaltools.arm-none.win32_1.15.0.201708311556/tools/compiler/bin/../lib/gcc/arm-none-eabi/6.3.1/../../../../arm-none-eabi/lib/thumb/v7-m/crt0.o (exit)
d:/ac6/systemworkbench/plugins/fr.ac6.mcu.externaltools.arm-none.win32_1.15.0.201708311556/tools/compiler/bin/../lib/gcc/arm-none-eabi/6.3.1/../../../../arm-none-eabi/lib/thumb/v7-m\libc.a(lib_a-impure.o)
                              d:/ac6/systemworkbench/plugins/fr.ac6.mcu.externaltools.arm-none.win32_1.15.0.201708311556/tools/compiler/bin/../lib/gcc/arm-none-eabi/6.3.1/../../../../arm-none-eabi/lib/thumb/v7-m\libc.a(lib_a-exit.o) (_global_impure_ptr)
d:/ac6/systemworkbench/plugins/fr.ac6.mcu.externaltools.arm-none.win32_1.15.0.201708311556/tools/compiler/bin/../lib/gcc/arm-none-eabi/6.3.1/../../../../arm-none-eabi/lib/thumb/v7-m\libc.a(lib_a-init.o)
                              d:/ac6/systemworkbench/plugins/fr.ac6.mcu.externaltools.arm-none.win32_1.15.0.201708311556/tools/compiler/bin/../lib/gcc/arm-none-eabi/6.3.1/../../../../arm-none-eabi/lib/thumb/v7-m/crt0.o (__libc_init_array)
d:/ac6/systemworkbench/plugins/fr.ac6.mcu.externaltools.arm-none.win32_1.15.0.201708311556/tools/compiler/bin/../lib/gcc/arm-none-eabi/6.3.1/../../../../arm-none-eabi/lib/thumb/v7-m\libc.a(lib_a-memset.o)
                              d:/ac6/systemworkbench/plugins/fr.ac6.mcu.externaltools.arm-none.win32_1.15.0.201708311556/tools/compiler/bin/../lib/gcc/arm-none-eabi/6.3.1/../../../../arm-none-eabi/lib/thumb/v7-m/crt0.o (memset)
d:/ac6/systemworkbench/plugins/fr.ac6.mcu.externaltools.arm-none.win32_1.15.0.201708311556/tools/compiler/bin/../lib/gcc/arm-none-eabi/6.3.1/../../../../arm-none-eabi/lib/thumb/v7-m\libc.a(lib_a-printf.o)
                              src/BSP.o (printf)
d:/ac6/systemworkbench/plugins/fr.ac6.mcu.externaltools.arm-none.win32_1.15.0.201708311556/tools/compiler/bin/../lib/gcc/arm-none-eabi/6.3.1/../../../../arm-none-eabi/lib/thumb/v7-m\libc.a(lib_a-vfprintf.o)
                              d:/ac6/systemworkbench/plugins/fr.ac6.mcu.externaltools.arm-none.win32_1.15.0.201708311556/tools/compiler/bin/../lib/gcc/arm-none-eabi/6.3.1/../../../../arm-none-eabi/lib/thumb/v7-m\libc.a(lib_a-printf.o) (_vfprintf_r)
d:/ac6/systemworkbench/plugins/fr.ac6.mcu.externaltools.arm-none.win32_1.15.0.201708311556/tools/compiler/bin/../lib/gcc/arm-none-eabi/6.3.1/../../../../arm-none-eabi/lib/thumb/v7-m\libc.a(lib_a-wsetup.o)
                              d:/ac6/systemworkbench/plugins/fr.ac6.mcu.externaltools.arm-none.win32_1.15.0.201708311556/tools/compiler/bin/../lib/gcc/arm-none-eabi/6.3.1/../../../../arm-none-eabi/lib/thumb/v7-m\libc.a(lib_a-vfprintf.o) (__swsetup_r)
d:/ac6/systemworkbench/plugins/fr.ac6.mcu.externaltools.arm-none.win32_1.15.0.201708311556/tools/compiler/bin/../lib/gcc/arm-none-eabi/6.3.1/../../../../arm-none-eabi/lib/thumb/v7-m\libc.a(lib_a-__call_atexit.o)
                              d:/ac6/systemworkbench/plugins/fr.ac6.mcu.externaltools.arm-none.win32_1.15.0.201708311556/tools/compiler/bin/../lib/gcc/arm-none-eabi/6.3.1/../../../../arm-none-eabi/lib/thumb/v7-m\libc.a(lib_a-exit.o) (__call_exitprocs)
d:/ac6/systemworkbench/plugins/fr.ac6.mcu.externaltools.arm-none.win32_1.15.0.201708311556/tools/compiler/bin/../lib/gcc/arm-none-eabi/6.3.1/../../../../arm-none-eabi/lib/thumb/v7-m\libc.a(lib_a-atexit.o)
                              d:/ac6/systemworkbench/plugins/fr.ac6.mcu.externaltools.arm-none.win32_1.15.0.201708311556/tools/compiler/bin/../lib/gcc/arm-none-eabi/6.3.1/../../../../arm-none-eabi/lib/thumb/v7-m\libc.a(lib_a-__call_atexit.o) (atexit)
[...]
Memory Configuration

Name             Origin             Length             Attributes
RAM              0x20000000         0x00002800         xrw
ROM              0x08000000         0x00010000         xr
*default*        0x00000000         0xffffffff

Linker script and memory map

LOAD d:/ac6/systemworkbench/plugins/fr.ac6.mcu.externaltools.arm-none.win32_1.15.0.201708311556/tools/compiler/bin/../lib/gcc/arm-none-eabi/6.3.1/thumb/v7-m/crti.o
LOAD d:/ac6/systemworkbench/plugins/fr.ac6.mcu.externaltools.arm-none.win32_1.15.0.201708311556/tools/compiler/bin/../lib/gcc/arm-none-eabi/6.3.1/thumb/v7-m/crtbegin.o
LOAD d:/ac6/systemworkbench/plugins/fr.ac6.mcu.externaltools.arm-none.win32_1.15.0.201708311556/tools/compiler/bin/../lib/gcc/arm-none-eabi/6.3.1/../../../../arm-none-eabi/lib/thumb/v7-m/crt0.o
LOAD CMSIS/core/core_cm3.o
LOAD StdPeriph_Driver/src/misc.o
LOAD StdPeriph_Driver/src/stm32f10x_adc.o
LOAD StdPeriph_Driver/src/stm32f10x_bkp.o
LOAD StdPeriph_Driver/src/stm32f10x_can.o
LOAD StdPeriph_Driver/src/stm32f10x_cec.o
LOAD StdPeriph_Driver/src/stm32f10x_crc.o
LOAD StdPeriph_Driver/src/stm32f10x_dac.o
LOAD StdPeriph_Driver/src/stm32f10x_dbgmcu.o
LOAD StdPeriph_Driver/src/stm32f10x_dma.o
LOAD StdPeriph_Driver/src/stm32f10x_exti.o
LOAD StdPeriph_Driver/src/stm32f10x_flash.o
LOAD StdPeriph_Driver/src/stm32f10x_fsmc.o
LOAD StdPeriph_Driver/src/stm32f10x_gpio.o
LOAD StdPeriph_Driver/src/stm32f10x_i2c.o
LOAD StdPeriph_Driver/src/stm32f10x_iwdg.o
LOAD StdPeriph_Driver/src/stm32f10x_pwr.o
LOAD StdPeriph_Driver/src/stm32f10x_rcc.o
LOAD StdPeriph_Driver/src/stm32f10x_rtc.o
LOAD StdPeriph_Driver/src/stm32f10x_sdio.o
LOAD StdPeriph_Driver/src/stm32f10x_spi.o
LOAD StdPeriph_Driver/src/stm32f10x_tim.o
LOAD StdPeriph_Driver/src/stm32f10x_usart.o
LOAD StdPeriph_Driver/src/stm32f10x_wwdg.o
LOAD src/BSP.o
LOAD src/Driver_ADC.o
LOAD src/Driver_Core.o
LOAD src/Driver_I2C.o
LOAD src/Driver_NVIC.o
LOAD src/Driver_SPI.o
LOAD src/Driver_Timer.o
LOAD src/Driver_UART.o
LOAD src/Func_Clock.o
LOAD src/Func_Display.o
LOAD src/Hasiok.o
LOAD src/Utility.o
LOAD src/main.o
LOAD src/syscalls.o
LOAD src/system_stm32f10x.o
LOAD startup/startup_stm32f10x_md.o
LOAD d:/ac6/systemworkbench/plugins/fr.ac6.mcu.externaltools.arm-none.win32_1.15.0.201708311556/tools/compiler/bin/../lib/gcc/arm-none-eabi/6.3.1/../../../../arm-none-eabi/lib/thumb/v7-m\libm.a
START GROUP
LOAD d:/ac6/systemworkbench/plugins/fr.ac6.mcu.externaltools.arm-none.win32_1.15.0.201708311556/tools/compiler/bin/../lib/gcc/arm-none-eabi/6.3.1/thumb/v7-m\libgcc.a
LOAD d:/ac6/systemworkbench/plugins/fr.ac6.mcu.externaltools.arm-none.win32_1.15.0.201708311556/tools/compiler/bin/../lib/gcc/arm-none-eabi/6.3.1/../../../../arm-none-eabi/lib/thumb/v7-m\libc.a
END GROUP
LOAD d:/ac6/systemworkbench/plugins/fr.ac6.mcu.externaltools.arm-none.win32_1.15.0.201708311556/tools/compiler/bin/../lib/gcc/arm-none-eabi/6.3.1/thumb/v7-m/crtend.o
LOAD d:/ac6/systemworkbench/plugins/fr.ac6.mcu.externaltools.arm-none.win32_1.15.0.201708311556/tools/compiler/bin/../lib/gcc/arm-none-eabi/6.3.1/thumb/v7-m/crtn.o
                0x20002800                _estack = 0x20002800
                0x00000000                _Min_Heap_Size = 0x0
                0x00000400                _Min_Stack_Size = 0x400

.isr_vector     0x08000000      0x10c
                0x08000000                . = ALIGN (0x4)
 *(.isr_vector)
 .isr_vector    0x08000000      0x10c startup/startup_stm32f10x_md.o
                0x08000000                g_pfnVectors
                0x0800010c                . = ALIGN (0x4)

.text           0x08000110     0x711c
                0x08000110                . = ALIGN (0x4)
 *(.text)
 .text          0x08000110       0x6c d:/ac6/systemworkbench/plugins/fr.ac6.mcu.externaltools.arm-none.win32_1.15.0.201708311556/tools/compiler/bin/../lib/gcc/arm-none-eabi/6.3.1/thumb/v7-m/crtbegin.o
 .text          0x0800017c      0x370 d:/ac6/systemworkbench/plugins/fr.ac6.mcu.externaltools.arm-none.win32_1.15.0.201708311556/tools/compiler/bin/../lib/gcc/arm-none-eabi/6.3.1/thumb/v7-m\libgcc.a(_arm_addsubdf3.o)
                0x0800017c                __aeabi_drsub
                0x08000184                __aeabi_dsub
                0x08000184                __subdf3
                0x08000188                __aeabi_dadd
                0x08000188                __adddf3
                0x08000400                __floatunsidf
                0x08000400                __aeabi_ui2d
                0x08000420                __floatsidf
                0x08000420                __aeabi_i2d
                0x08000444                __aeabi_f2d
                0x08000444                __extendsfdf2
                0x08000480                __floatundidf
                0x08000480                __aeabi_ul2d
                0x08000490                __floatdidf
                0x08000490                __aeabi_l2d
 .text          0x080004ec      0x424 d:/ac6/systemworkbench/plugins/fr.ac6.mcu.externaltools.arm-none.win32_1.15.0.201708311556/tools/compiler/bin/../lib/gcc/arm-none-eabi/6.3.1/thumb/v7-m\libgcc.a(_arm_muldivdf3.o)
                0x080004ec                __aeabi_dmul
                0x080004ec                __muldf3
                0x08000740                __divdf3
                0x08000740                __aeabi_ddiv
 .text          0x08000910       0xec d:/ac6/systemworkbench/plugins/fr.ac6.mcu.externaltools.arm-none.win32_1.15.0.201708311556/tools/compiler/bin/../lib/gcc/arm-none-eabi/6.3.1/../../../../arm-none-eabi/lib/thumb/v7-m\libc.a(lib_a-memcpy.o)
                0x08000910                memcpy
 .text          0x080009fc      0x110 d:/ac6/systemworkbench/plugins/fr.ac6.mcu.externaltools.arm-none.win32_1.15.0.201708311556/tools/compiler/bin/../lib/gcc/arm-none-eabi/6.3.1/thumb/v7-m\libgcc.a(_arm_cmpdf2.o)
                0x080009fc                __gtdf2
                0x080009fc                __gedf2
                0x08000a04                __ltdf2
                0x08000a04                __ledf2
                0x08000a0c                __nedf2
                0x08000a0c                __eqdf2
                0x08000a0c                __cmpdf2
                0x08000a88                __aeabi_cdrcmple
                0x08000a98                __aeabi_cdcmpeq
                0x08000a98                __aeabi_cdcmple
                0x08000aa8                __aeabi_dcmpeq
                0x08000abc                __aeabi_dcmplt
                0x08000ad0                __aeabi_dcmple
                0x08000ae4                __aeabi_dcmpge
                0x08000af8                __aeabi_dcmpgt
 .text          0x08000b0c       0x2c d:/ac6/systemworkbench/plugins/fr.ac6.mcu.externaltools.arm-none.win32_1.15.0.201708311556/tools/compiler/bin/../lib/gcc/arm-none-eabi/6.3.1/thumb/v7-m\libgcc.a(_arm_unorddf2.o)
                0x08000b0c                __unorddf2
                0x08000b0c                __aeabi_dcmpun
 .text          0x08000b38       0x50 d:/ac6/systemworkbench/plugins/fr.ac6.mcu.externaltools.arm-none.win32_1.15.0.201708311556/tools/compiler/bin/../lib/gcc/arm-none-eabi/6.3.1/thumb/v7-m\libgcc.a(_arm_fixdfsi.o)
                0x08000b38                __aeabi_d2iz
                0x08000b38                __fixdfsi
 .text          0x08000b88       0x30 d:/ac6/systemworkbench/plugins/fr.ac6.mcu.externaltools.arm-none.win32_1.15.0.201708311556/tools/compiler/bin/../lib/gcc/arm-none-eabi/6.3.1/thumb/v7-m\libgcc.a(_aeabi_uldivmod.o)
                0x08000b88                __aeabi_uldivmod
 .text          0x08000bb8      0x2dc d:/ac6/systemworkbench/plugins/fr.ac6.mcu.externaltools.arm-none.win32_1.15.0.201708311556/tools/compiler/bin/../lib/gcc/arm-none-eabi/6.3.1/thumb/v7-m\libgcc.a(_udivmoddi4.o)
                0x08000bb8                __udivmoddi4
 .text          0x08000e94        0x4 d:/ac6/systemworkbench/plugins/fr.ac6.mcu.externaltools.arm-none.win32_1.15.0.201708311556/tools/compiler/bin/../lib/gcc/arm-none-eabi/6.3.1/thumb/v7-m\libgcc.a(_dvmd_tls.o)
                0x08000e94                __aeabi_idiv0
                0x08000e94                __aeabi_ldiv0
 *(.text*)
 .text.NVIC_PriorityGroupConfig
                0x08000e98       0x24 StdPeriph_Driver/src/misc.o
                0x08000e98                NVIC_PriorityGroupConfig
 .text.NVIC_Init
                0x08000ebc       0xc4 StdPeriph_Driver/src/misc.o
                0x08000ebc                NVIC_Init
 .text.ADC_Init
                0x08000f80       0xa4 StdPeriph_Driver/src/stm32f10x_adc.o
                0x08000f80                ADC_Init
 .text.ADC_StructInit
                0x08001024       0x36 StdPeriph_Driver/src/stm32f10x_adc.o
                0x08001024                ADC_StructInit
 .text.ADC_Cmd  0x0800105a       0x36 StdPeriph_Driver/src/stm32f10x_adc.o
                0x0800105a                ADC_Cmd
 .text.ADC_ResetCalibration
                0x08001090       0x1e StdPeriph_Driver/src/stm32f10x_adc.o
                0x08001090                ADC_ResetCalibration
 .text.ADC_GetResetCalibrationStatus
                0x080010ae       0x2e StdPeriph_Driver/src/stm32f10x_adc.o
                0x080010ae                ADC_GetResetCalibrationStatus
 .text.ADC_StartCalibration
                0x080010dc       0x1e StdPeriph_Driver/src/stm32f10x_adc.o
                0x080010dc                ADC_StartCalibration
 .text.ADC_GetCalibrationStatus
                0x080010fa       0x2e StdPeriph_Driver/src/stm32f10x_adc.o
                0x080010fa                ADC_GetCalibrationStatus
 .text.BKP_DeInit
                0x08001128       0x14 StdPeriph_Driver/src/stm32f10x_bkp.o
                0x08001128                BKP_DeInit
 .text.BKP_WriteBackupRegister
                0x0800113c       0x38 StdPeriph_Driver/src/stm32f10x_bkp.o
                0x0800113c                BKP_WriteBackupRegister
 .text.BKP_ReadBackupRegister
                0x08001174       0x30 StdPeriph_Driver/src/stm32f10x_bkp.o
                0x08001174                BKP_ReadBackupRegister
 .text.FLASH_SetLatency
                0x080011a4       0x38 StdPeriph_Driver/src/stm32f10x_flash.o
                0x080011a4                FLASH_SetLatency
 .text.FLASH_PrefetchBufferCmd
                0x080011dc       0x30 StdPeriph_Driver/src/stm32f10x_flash.o
                0x080011dc                FLASH_PrefetchBufferCmd
 .text.GPIO_Init
                0x0800120c      0x178 StdPeriph_Driver/src/stm32f10x_gpio.o
                0x0800120c                GPIO_Init
 .text.GPIO_StructInit
                0x08001384       0x26 StdPeriph_Driver/src/stm32f10x_gpio.o
                0x08001384                GPIO_StructInit
 .text.GPIO_ReadOutputDataBit
                0x080013aa       0x32 StdPeriph_Driver/src/stm32f10x_gpio.o
                0x080013aa                GPIO_ReadOutputDataBit
 .text.GPIO_SetBits
                0x080013dc       0x1c StdPeriph_Driver/src/stm32f10x_gpio.o
                0x080013dc                GPIO_SetBits
 .text.GPIO_ResetBits
                0x080013f8       0x1c StdPeriph_Driver/src/stm32f10x_gpio.o
                0x080013f8                GPIO_ResetBits
 .text.PWR_BackupAccessCmd
                0x08001414       0x20 StdPeriph_Driver/src/stm32f10x_pwr.o
                0x08001414                PWR_BackupAccessCmd
 .text.RCC_DeInit
                0x08001434       0x5c StdPeriph_Driver/src/stm32f10x_rcc.o
                0x08001434                RCC_DeInit
 .text.RCC_HSEConfig
                0x08001490       0x5c StdPeriph_Driver/src/stm32f10x_rcc.o
                0x08001490                RCC_HSEConfig
 .text.RCC_WaitForHSEStartUp
                0x080014ec       0x50 StdPeriph_Driver/src/stm32f10x_rcc.o
                0x080014ec                RCC_WaitForHSEStartUp
 .text.RCC_PLLConfig
                0x0800153c       0x3c StdPeriph_Driver/src/stm32f10x_rcc.o
                0x0800153c                RCC_PLLConfig
 .text.RCC_PLLCmd
                0x08001578       0x20 StdPeriph_Driver/src/stm32f10x_rcc.o
                0x08001578                RCC_PLLCmd
 .text.RCC_SYSCLKConfig
                0x08001598       0x38 StdPeriph_Driver/src/stm32f10x_rcc.o
                0x08001598                RCC_SYSCLKConfig
 .text.RCC_GetSYSCLKSource
                0x080015d0       0x1c StdPeriph_Driver/src/stm32f10x_rcc.o
                0x080015d0                RCC_GetSYSCLKSource
 .text.RCC_HCLKConfig
                0x080015ec       0x38 StdPeriph_Driver/src/stm32f10x_rcc.o
                0x080015ec                RCC_HCLKConfig
 .text.RCC_PCLK1Config
                0x08001624       0x38 StdPeriph_Driver/src/stm32f10x_rcc.o
                0x08001624                RCC_PCLK1Config
 .text.RCC_PCLK2Config
                0x0800165c       0x38 StdPeriph_Driver/src/stm32f10x_rcc.o
                0x0800165c                RCC_PCLK2Config
 .text.RCC_ADCCLKConfig
                0x08001694       0x38 StdPeriph_Driver/src/stm32f10x_rcc.o
                0x08001694                RCC_ADCCLKConfig
 .text.RCC_LSEConfig
                0x080016cc       0x40 StdPeriph_Driver/src/stm32f10x_rcc.o
                0x080016cc                RCC_LSEConfig
 .text.RCC_RTCCLKConfig
                0x0800170c       0x24 StdPeriph_Driver/src/stm32f10x_rcc.o
                0x0800170c                RCC_RTCCLKConfig
 .text.RCC_RTCCLKCmd
                0x08001730       0x20 StdPeriph_Driver/src/stm32f10x_rcc.o
                0x08001730                RCC_RTCCLKCmd
 .text.RCC_GetClocksFreq
                0x08001750      0x160 StdPeriph_Driver/src/stm32f10x_rcc.o
                0x08001750                RCC_GetClocksFreq
 .text.RCC_APB2PeriphClockCmd
                0x080018b0       0x3c StdPeriph_Driver/src/stm32f10x_rcc.o
                0x080018b0                RCC_APB2PeriphClockCmd
 .text.RCC_APB1PeriphClockCmd
                0x080018ec       0x3c StdPeriph_Driver/src/stm32f10x_rcc.o
                0x080018ec                RCC_APB1PeriphClockCmd
 .text.RCC_BackupResetCmd
                0x08001928       0x20 StdPeriph_Driver/src/stm32f10x_rcc.o
                0x08001928                RCC_BackupResetCmd
 .text.RCC_GetFlagStatus
                0x08001948       0x74 StdPeriph_Driver/src/stm32f10x_rcc.o
                0x08001948                RCC_GetFlagStatus
 .text.RTC_ITConfig
                0x080019bc       0x4c StdPeriph_Driver/src/stm32f10x_rtc.o
                0x080019bc                RTC_ITConfig
 .text.RTC_EnterConfigMode
                0x08001a08       0x20 StdPeriph_Driver/src/stm32f10x_rtc.o
                0x08001a08                RTC_EnterConfigMode
 .text.RTC_ExitConfigMode
                0x08001a28       0x20 StdPeriph_Driver/src/stm32f10x_rtc.o
                0x08001a28                RTC_ExitConfigMode
 .text.RTC_GetCounter
                0x08001a48       0x2c StdPeriph_Driver/src/stm32f10x_rtc.o
                0x08001a48                RTC_GetCounter
 .text.RTC_SetCounter
                0x08001a74       0x30 StdPeriph_Driver/src/stm32f10x_rtc.o
                0x08001a74                RTC_SetCounter
 .text.RTC_SetPrescaler
                0x08001aa4       0x34 StdPeriph_Driver/src/stm32f10x_rtc.o
                0x08001aa4                RTC_SetPrescaler
 .text.RTC_WaitForLastTask
                0x08001ad8       0x20 StdPeriph_Driver/src/stm32f10x_rtc.o
                0x08001ad8                RTC_WaitForLastTask
 .text.RTC_WaitForSynchro
                0x08001af8       0x30 StdPeriph_Driver/src/stm32f10x_rtc.o
                0x08001af8                RTC_WaitForSynchro
 .text.RTC_GetFlagStatus
                0x08001b28       0x38 StdPeriph_Driver/src/stm32f10x_rtc.o
                0x08001b28                RTC_GetFlagStatus
 .text.RTC_ClearFlag
                0x08001b60       0x2c StdPeriph_Driver/src/stm32f10x_rtc.o
                0x08001b60                RTC_ClearFlag
 .text.RTC_GetITStatus
                0x08001b8c       0x50 StdPeriph_Driver/src/stm32f10x_rtc.o
                0x08001b8c                RTC_GetITStatus
 .text.RTC_ClearITPendingBit
                0x08001bdc       0x2c StdPeriph_Driver/src/stm32f10x_rtc.o
                0x08001bdc                RTC_ClearITPendingBit
 .text.TIM_TimeBaseInit
                0x08001c08       0xf8 StdPeriph_Driver/src/stm32f10x_tim.o
                0x08001c08                TIM_TimeBaseInit
 .text.TIM_Cmd  0x08001d00       0x3e StdPeriph_Driver/src/stm32f10x_tim.o
                0x08001d00                TIM_Cmd
 .text.TIM_ITConfig
                0x08001d3e       0x46 StdPeriph_Driver/src/stm32f10x_tim.o
                0x08001d3e                TIM_ITConfig
 .text.TIM_GetITStatus
                0x08001d84       0x52 StdPeriph_Driver/src/stm32f10x_tim.o
                0x08001d84                TIM_GetITStatus
 .text.TIM_ClearITPendingBit
                0x08001dd6       0x20 StdPeriph_Driver/src/stm32f10x_tim.o
                0x08001dd6                TIM_ClearITPendingBit
 *fill*         0x08001df6        0x2 
 .text.USART_Init
                0x08001df8      0x174 StdPeriph_Driver/src/stm32f10x_usart.o
                0x08001df8                USART_Init
 .text.USART_Cmd
                0x08001f6c       0x3e StdPeriph_Driver/src/stm32f10x_usart.o
                0x08001f6c                USART_Cmd
 .text.USART_SendData
                0x08001faa       0x22 StdPeriph_Driver/src/stm32f10x_usart.o
                0x08001faa                USART_SendData
 .text.USART_GetFlagStatus
                0x08001fcc       0x36 StdPeriph_Driver/src/stm32f10x_usart.o
                0x08001fcc                USART_GetFlagStatus
 *fill*         0x08002002        0x2 
 .text.GPIO_Config
                0x08002004       0x2c src/BSP.o
                0x08002004                GPIO_Config
 .text.ADC1_Config
                0x08002030       0x78 src/Driver_ADC.o
                0x08002030                ADC1_Config
 .text.NVIC_SetPriority
                0x080020a8       0x54 src/Driver_Core.o
 .text.SysTick_Config
                0x080020fc       0x44 src/Driver_Core.o
 .text.RCC_Config
                0x08002140       0xb4 src/Driver_Core.o
                0x08002140                RCC_Config
 .text.RTC_Config
                0x080021f4       0x72 src/Driver_Core.o
                0x080021f4                RTC_Config
 .text.RTC_Resume
                0x08002266       0x30 src/Driver_Core.o
                0x08002266                RTC_Resume
 *fill*         0x08002296        0x2 
 .text.NVIC_Config
                0x08002298       0x80 src/Driver_NVIC.o
                0x08002298                NVIC_Config
 .text.RTC_IRQHandler
                0x08002318       0x1e src/Driver_NVIC.o
                0x08002318                RTC_IRQHandler
 *fill*         0x08002336        0x2 
 .text.TIM2_IRQHandler
                0x08002338       0x48 src/Driver_NVIC.o
                0x08002338                TIM2_IRQHandler
 .text.TIM4_IRQHandler
                0x08002380       0x2c src/Driver_NVIC.o
                0x08002380                TIM4_IRQHandler
 .text.CheckDispFlag
                0x080023ac       0x14 src/Driver_NVIC.o
                0x080023ac                CheckDispFlag
 .text.ResetDispFlag
                0x080023c0       0x18 src/Driver_NVIC.o
                0x080023c0                ResetDispFlag
 .text.TIM4_Config
                0x080023d8       0x38 src/Driver_Timer.o
                0x080023d8                TIM4_Config
 .text.__io_putchar
                0x08002410       0x1c src/Driver_UART.o
                0x08002410                __io_putchar
 .text.USART1_Config
                0x0800242c       0x78 src/Driver_UART.o
                0x0800242c                USART1_Config
 .text.USART1_Send_Char
                0x080024a4       0x34 src/Driver_UART.o
                0x080024a4                USART1_Send_Char
 .text.Clock_Init
                0x080024d8       0x4c src/Func_Clock.o
                0x080024d8                Clock_Init
 .text.Set_Time
                0x08002524       0x3c src/Func_Clock.o
                0x08002524                Set_Time
 .text.Set_Date
                0x08002560       0x38 src/Func_Clock.o
                0x08002560                Set_Date
 .text.Next_Day
                0x08002598       0x22 src/Func_Clock.o
                0x08002598                Next_Day
 .text.Next_Month
                0x080025ba       0x2a src/Func_Clock.o
                0x080025ba                Next_Month
 .text.Next_Year
                0x080025e4       0x32 src/Func_Clock.o
                0x080025e4                Next_Year
 *fill*         0x08002616        0x2 
 .text.IsLeap   0x08002618       0x60 src/Func_Clock.o
                0x08002618                IsLeap
 .text.Increment_Date
                0x08002678       0x84 src/Func_Clock.o
                0x08002678                Increment_Date
 .text.Clock_Update
                0x080026fc       0x3c src/Func_Clock.o
                0x080026fc                Clock_Update
 .text.BSP_Time_Display
                0x08002738       0xc0 src/Func_Clock.o
                0x08002738                BSP_Time_Display
 .text.Display_Update
                0x080027f8       0x38 src/Func_Display.o
                0x080027f8                Display_Update
 .text.SysTick_Handler
                0x08002830       0x24 src/Utility.o
                0x08002830                SysTick_Handler
 .text.main     0x08002854       0x6c src/main.o
                0x08002854                main
 .text._read    0x080028c0       0x3a src/syscalls.o
                0x080028c0                _read
 .text._write   0x080028fa       0x38 src/syscalls.o
                0x080028fa                _write
 *fill*         0x08002932        0x2 
 .text._sbrk    0x08002934       0x58 src/syscalls.o
                0x08002934                _sbrk
 .text._close   0x0800298c       0x16 src/syscalls.o
                0x0800298c                _close
 .text._fstat   0x080029a2       0x1e src/syscalls.o
                0x080029a2                _fstat
 .text._isatty  0x080029c0       0x14 src/syscalls.o
                0x080029c0                _isatty
 .text._lseek   0x080029d4       0x18 src/syscalls.o
                0x080029d4                _lseek
 .text.Reset_Handler
                0x080029ec       0x40 startup/startup_stm32f10x_md.o
                0x080029ec                Reset_Handler
 .text.Default_Handler
                0x08002a2c        0x2 startup/startup_stm32f10x_md.o
                0x08002a2c                EXTI2_IRQHandler
                0x08002a2c                DebugMon_Handler
                0x08002a2c                TIM1_CC_IRQHandler
                0x08002a2c                HardFault_Handler
                0x08002a2c                PVD_IRQHandler
                0x08002a2c                PendSV_Handler
                0x08002a2c                NMI_Handler
                0x08002a2c                EXTI3_IRQHandler
                0x08002a2c                EXTI0_IRQHandler
                0x08002a2c                I2C2_EV_IRQHandler
                0x08002a2c                UsageFault_Handler
                0x08002a2c                ADC1_2_IRQHandler
                0x08002a2c                SPI1_IRQHandler
                0x08002a2c                TAMPER_IRQHandler
                0x08002a2c                DMA1_Channel4_IRQHandler
                0x08002a2c                USART3_IRQHandler
                0x08002a2c                DMA1_Channel7_IRQHandler
                0x08002a2c                CAN1_RX1_IRQHandler
                0x08002a2c                I2C1_EV_IRQHandler
                0x08002a2c                DMA1_Channel6_IRQHandler
                0x08002a2c                TIM3_IRQHandler
                0x08002a2c                RCC_IRQHandler
                0x08002a2c                TIM1_TRG_COM_IRQHandler
                0x08002a2c                DMA1_Channel1_IRQHandler
                0x08002a2c                Default_Handler
                0x08002a2c                EXTI15_10_IRQHandler
                0x08002a2c                EXTI9_5_IRQHandler
                0x08002a2c                SPI2_IRQHandler
                0x08002a2c                MemManage_Handler
                0x08002a2c                SVC_Handler
                0x08002a2c                DMA1_Channel5_IRQHandler
                0x08002a2c                EXTI4_IRQHandler
                0x08002a2c                USB_LP_CAN1_RX0_IRQHandler
                0x08002a2c                USB_HP_CAN1_TX_IRQHandler
                0x08002a2c                DMA1_Channel3_IRQHandler
                0x08002a2c                TIM1_UP_IRQHandler
                0x08002a2c                WWDG_IRQHandler
                0x08002a2c                TIM1_BRK_IRQHandler
                0x08002a2c                EXTI1_IRQHandler
                0x08002a2c                RTCAlarm_IRQHandler
                0x08002a2c                USART2_IRQHandler
                0x08002a2c                I2C2_ER_IRQHandler
                0x08002a2c                DMA1_Channel2_IRQHandler
                0x08002a2c                CAN1_SCE_IRQHandler
                0x08002a2c                FLASH_IRQHandler
                0x08002a2c                BusFault_Handler
                0x08002a2c                USART1_IRQHandler
                0x08002a2c                I2C1_ER_IRQHandler
                0x08002a2c                USBWakeUp_IRQHandler
 *fill*         0x08002a2e        0x2 
 .text.__errno  0x08002a30        0xc d:/ac6/systemworkbench/plugins/fr.ac6.mcu.externaltools.arm-none.win32_1.15.0.201708311556/tools/compiler/bin/../lib/gcc/arm-none-eabi/6.3.1/../../../../arm-none-eabi/lib/thumb/v7-m\libc.a(lib_a-errno.o)
                0x08002a30                __errno
 .text.memset   0x08002a3c       0x9c d:/ac6/systemworkbench/plugins/fr.ac6.mcu.externaltools.arm-none.win32_1.15.0.201708311556/tools/compiler/bin/../lib/gcc/arm-none-eabi/6.3.1/../../../../arm-none-eabi/lib/thumb/v7-m\libc.a(lib_a-memset.o)
                0x08002a3c                memset
 .text.printf   0x08002ad8       0x28 d:/ac6/systemworkbench/plugins/fr.ac6.mcu.externaltools.arm-none.win32_1.15.0.201708311556/tools/compiler/bin/../lib/gcc/arm-none-eabi/6.3.1/../../../../arm-none-eabi/lib/thumb/v7-m\libc.a(lib_a-printf.o)
                0x08002ad8                printf
 .text._vfprintf_r
                0x08002b00     0x15e8 d:/ac6/systemworkbench/plugins/fr.ac6.mcu.externaltools.arm-none.win32_1.15.0.201708311556/tools/compiler/bin/../lib/gcc/arm-none-eabi/6.3.1/../../../../arm-none-eabi/lib/thumb/v7-m\libc.a(lib_a-vfprintf.o)
                0x08002b00                _vfprintf_r
 .text.__sbprintf
                0x080040e8       0x88 d:/ac6/systemworkbench/plugins/fr.ac6.mcu.externaltools.arm-none.win32_1.15.0.201708311556/tools/compiler/bin/../lib/gcc/arm-none-eabi/6.3.1/../../../../arm-none-eabi/lib/thumb/v7-m\libc.a(lib_a-vfprintf.o)
 .text.__swsetup_r
                0x08004170       0xc8 d:/ac6/systemworkbench/plugins/fr.ac6.mcu.externaltools.arm-none.win32_1.15.0.201708311556/tools/compiler/bin/../lib/gcc/arm-none-eabi/6.3.1/../../../../arm-none-eabi/lib/thumb/v7-m\libc.a(lib_a-wsetup.o)
                0x08004170                __swsetup_r
 .text.startup.register_fini
                0x08004238       0x14 d:/ac6/systemworkbench/plugins/fr.ac6.mcu.externaltools.arm-none.win32_1.15.0.201708311556/tools/compiler/bin/../lib/gcc/arm-none-eabi/6.3.1/../../../../arm-none-eabi/lib/thumb/v7-m\libc.a(lib_a-__call_atexit.o)
 .text.atexit   0x0800424c        0xc d:/ac6/systemworkbench/plugins/fr.ac6.mcu.externaltools.arm-none.win32_1.15.0.201708311556/tools/compiler/bin/../lib/gcc/arm-none-eabi/6.3.1/../../../../arm-none-eabi/lib/thumb/v7-m\libc.a(lib_a-atexit.o)
                0x0800424c                atexit
 .text.quorem   0x08004258      0x128 d:/ac6/systemworkbench/plugins/fr.ac6.mcu.externaltools.arm-none.win32_1.15.0.201708311556/tools/compiler/bin/../lib/gcc/arm-none-eabi/6.3.1/../../../../arm-none-eabi/lib/thumb/v7-m\libc.a(lib_a-dtoa.o)
 .text._dtoa_r  0x08004380      0xe44 d:/ac6/systemworkbench/plugins/fr.ac6.mcu.externaltools.arm-none.win32_1.15.0.201708311556/tools/compiler/bin/../lib/gcc/arm-none-eabi/6.3.1/../../../../arm-none-eabi/lib/thumb/v7-m\libc.a(lib_a-dtoa.o)
                0x08004380                _dtoa_r
 .text.__sflush_r
                0x080051c4      0x138 d:/ac6/systemworkbench/plugins/fr.ac6.mcu.externaltools.arm-none.win32_1.15.0.201708311556/tools/compiler/bin/../lib/gcc/arm-none-eabi/6.3.1/../../../../arm-none-eabi/lib/thumb/v7-m\libc.a(lib_a-fflush.o)
                0x080051c4                __sflush_r
 .text._fflush_r
                0x080052fc       0x54 d:/ac6/systemworkbench/plugins/fr.ac6.mcu.externaltools.arm-none.win32_1.15.0.201708311556/tools/compiler/bin/../lib/gcc/arm-none-eabi/6.3.1/../../../../arm-none-eabi/lib/thumb/v7-m\libc.a(lib_a-fflush.o)
                0x080052fc                _fflush_r
 .text._cleanup_r
                0x08005350        0xc d:/ac6/systemworkbench/plugins/fr.ac6.mcu.externaltools.arm-none.win32_1.15.0.201708311556/tools/compiler/bin/../lib/gcc/arm-none-eabi/6.3.1/../../../../arm-none-eabi/lib/thumb/v7-m\libc.a(lib_a-findfp.o)
                0x08005350                _cleanup_r
 .text.std.isra.0
                0x0800535c       0x50 d:/ac6/systemworkbench/plugins/fr.ac6.mcu.externaltools.arm-none.win32_1.15.0.201708311556/tools/compiler/bin/../lib/gcc/arm-none-eabi/6.3.1/../../../../arm-none-eabi/lib/thumb/v7-m\libc.a(lib_a-findfp.o)
 .text.__sinit  0x080053ac       0x60 d:/ac6/systemworkbench/plugins/fr.ac6.mcu.externaltools.arm-none.win32_1.15.0.201708311556/tools/compiler/bin/../lib/gcc/arm-none-eabi/6.3.1/../../../../arm-none-eabi/lib/thumb/v7-m\libc.a(lib_a-findfp.o)
                0x080053ac                __sinit
 .text.__sfp_lock_acquire
                0x0800540c        0xc d:/ac6/systemworkbench/plugins/fr.ac6.mcu.externaltools.arm-none.win32_1.15.0.201708311556/tools/compiler/bin/../lib/gcc/arm-none-eabi/6.3.1/../../../../arm-none-eabi/lib/thumb/v7-m\libc.a(lib_a-findfp.o)
                0x0800540c                __sfp_lock_acquire
 .text.__sfp_lock_release
                0x08005418        0xc d:/ac6/systemworkbench/plugins/fr.ac6.mcu.externaltools.arm-none.win32_1.15.0.201708311556/tools/compiler/bin/../lib/gcc/arm-none-eabi/6.3.1/../../../../arm-none-eabi/lib/thumb/v7-m\libc.a(lib_a-findfp.o)
                0x08005418                __sfp_lock_release
 .text.__libc_fini_array
                0x08005424       0x34 d:/ac6/systemworkbench/plugins/fr.ac6.mcu.externaltools.arm-none.win32_1.15.0.201708311556/tools/compiler/bin/../lib/gcc/arm-none-eabi/6.3.1/../../../../arm-none-eabi/lib/thumb/v7-m\libc.a(lib_a-fini.o)
                0x08005424                __libc_fini_array
 .text._malloc_trim_r
                0x08005458       0xa0 d:/ac6/systemworkbench/plugins/fr.ac6.mcu.externaltools.arm-none.win32_1.15.0.201708311556/tools/compiler/bin/../lib/gcc/arm-none-eabi/6.3.1/../../../../arm-none-eabi/lib/thumb/v7-m\libc.a(lib_a-freer.o)
                0x08005458                _malloc_trim_r
 .text._free_r  0x080054f8      0x1cc d:/ac6/systemworkbench/plugins/fr.ac6.mcu.externaltools.arm-none.win32_1.15.0.201708311556/tools/compiler/bin/../lib/gcc/arm-none-eabi/6.3.1/../../../../arm-none-eabi/lib/thumb/v7-m\libc.a(lib_a-freer.o)
                0x080054f8                _free_r
 .text._fwalk_reent
                0x080056c4       0x50 d:/ac6/systemworkbench/plugins/fr.ac6.mcu.externaltools.arm-none.win32_1.15.0.201708311556/tools/compiler/bin/../lib/gcc/arm-none-eabi/6.3.1/../../../../arm-none-eabi/lib/thumb/v7-m\libc.a(lib_a-fwalk.o)
                0x080056c4                _fwalk_reent
 .text._localeconv_r
                0x08005714       0x1c d:/ac6/systemworkbench/plugins/fr.ac6.mcu.externaltools.arm-none.win32_1.15.0.201708311556/tools/compiler/bin/../lib/gcc/arm-none-eabi/6.3.1/../../../../arm-none-eabi/lib/thumb/v7-m\libc.a(lib_a-localeconv.o)
                0x08005714                _localeconv_r
 .text.__retarget_lock_init_recursive
                0x08005730        0x4 d:/ac6/systemworkbench/plugins/fr.ac6.mcu.externaltools.arm-none.win32_1.15.0.201708311556/tools/compiler/bin/../lib/gcc/arm-none-eabi/6.3.1/../../../../arm-none-eabi/lib/thumb/v7-m\libc.a(lib_a-lock.o)
                0x08005730                __retarget_lock_init_recursive
 .text.__retarget_lock_close_recursive
                0x08005734        0x4 d:/ac6/systemworkbench/plugins/fr.ac6.mcu.externaltools.arm-none.win32_1.15.0.201708311556/tools/compiler/bin/../lib/gcc/arm-none-eabi/6.3.1/../../../../arm-none-eabi/lib/thumb/v7-m\libc.a(lib_a-lock.o)
                0x08005734                __retarget_lock_close_recursive
 .text.__retarget_lock_acquire_recursive
                0x08005738        0x4 d:/ac6/systemworkbench/plugins/fr.ac6.mcu.externaltools.arm-none.win32_1.15.0.201708311556/tools/compiler/bin/../lib/gcc/arm-none-eabi/6.3.1/../../../../arm-none-eabi/lib/thumb/v7-m\libc.a(lib_a-lock.o)
                0x08005738                __retarget_lock_acquire_recursive
 .text.__retarget_lock_release_recursive
                0x0800573c        0x4 d:/ac6/systemworkbench/plugins/fr.ac6.mcu.externaltools.arm-none.win32_1.15.0.201708311556/tools/compiler/bin/../lib/gcc/arm-none-eabi/6.3.1/../../../../arm-none-eabi/lib/thumb/v7-m\libc.a(lib_a-lock.o)
                0x0800573c                __retarget_lock_release_recursive
 .text.__swhatbuf_r
                0x08005740       0x5c d:/ac6/systemworkbench/plugins/fr.ac6.mcu.externaltools.arm-none.win32_1.15.0.201708311556/tools/compiler/bin/../lib/gcc/arm-none-eabi/6.3.1/../../../../arm-none-eabi/lib/thumb/v7-m\libc.a(lib_a-makebuf.o)
                0x08005740                __swhatbuf_r
 .text.__smakebuf_r
                0x0800579c       0x94 d:/ac6/systemworkbench/plugins/fr.ac6.mcu.externaltools.arm-none.win32_1.15.0.201708311556/tools/compiler/bin/../lib/gcc/arm-none-eabi/6.3.1/../../../../arm-none-eabi/lib/thumb/v7-m\libc.a(lib_a-makebuf.o)
                0x0800579c                __smakebuf_r
 .text._malloc_r
                0x08005830      0x544 d:/ac6/systemworkbench/plugins/fr.ac6.mcu.externaltools.arm-none.win32_1.15.0.201708311556/tools/compiler/bin/../lib/gcc/arm-none-eabi/6.3.1/../../../../arm-none-eabi/lib/thumb/v7-m\libc.a(lib_a-mallocr.o)
                0x08005830                _malloc_r
 .text.memchr   0x08005d74       0x8c d:/ac6/systemworkbench/plugins/fr.ac6.mcu.externaltools.arm-none.win32_1.15.0.201708311556/tools/compiler/bin/../lib/gcc/arm-none-eabi/6.3.1/../../../../arm-none-eabi/lib/thumb/v7-m\libc.a(lib_a-memchr-stub.o)
                0x08005d74                memchr
 .text.__malloc_lock
                0x08005e00        0xc d:/ac6/systemworkbench/plugins/fr.ac6.mcu.externaltools.arm-none.win32_1.15.0.201708311556/tools/compiler/bin/../lib/gcc/arm-none-eabi/6.3.1/../../../../arm-none-eabi/lib/thumb/v7-m\libc.a(lib_a-mlock.o)
                0x08005e00                __malloc_lock
 .text.__malloc_unlock
                0x08005e0c        0xc d:/ac6/systemworkbench/plugins/fr.ac6.mcu.externaltools.arm-none.win32_1.15.0.201708311556/tools/compiler/bin/../lib/gcc/arm-none-eabi/6.3.1/../../../../arm-none-eabi/lib/thumb/v7-m\libc.a(lib_a-mlock.o)
                0x08005e0c                __malloc_unlock
 .text._Balloc  0x08005e18       0x4c d:/ac6/systemworkbench/plugins/fr.ac6.mcu.externaltools.arm-none.win32_1.15.0.201708311556/tools/compiler/bin/../lib/gcc/arm-none-eabi/6.3.1/../../../../arm-none-eabi/lib/thumb/v7-m\libc.a(lib_a-mprec.o)
                0x08005e18                _Balloc
 .text._Bfree   0x08005e64       0x14 d:/ac6/systemworkbench/plugins/fr.ac6.mcu.externaltools.arm-none.win32_1.15.0.201708311556/tools/compiler/bin/../lib/gcc/arm-none-eabi/6.3.1/../../../../arm-none-eabi/lib/thumb/v7-m\libc.a(lib_a-mprec.o)
                0x08005e64                _Bfree
 .text.__multadd
                0x08005e78       0x84 d:/ac6/systemworkbench/plugins/fr.ac6.mcu.externaltools.arm-none.win32_1.15.0.201708311556/tools/compiler/bin/../lib/gcc/arm-none-eabi/6.3.1/../../../../arm-none-eabi/lib/thumb/v7-m\libc.a(lib_a-mprec.o)
                0x08005e78                __multadd
 .text.__hi0bits
                0x08005efc       0x40 d:/ac6/systemworkbench/plugins/fr.ac6.mcu.externaltools.arm-none.win32_1.15.0.201708311556/tools/compiler/bin/../lib/gcc/arm-none-eabi/6.3.1/../../../../arm-none-eabi/lib/thumb/v7-m\libc.a(lib_a-mprec.o)
                0x08005efc                __hi0bits
 .text.__lo0bits
                0x08005f3c       0x60 d:/ac6/systemworkbench/plugins/fr.ac6.mcu.externaltools.arm-none.win32_1.15.0.201708311556/tools/compiler/bin/../lib/gcc/arm-none-eabi/6.3.1/../../../../arm-none-eabi/lib/thumb/v7-m\libc.a(lib_a-mprec.o)
                0x08005f3c                __lo0bits
 .text.__i2b    0x08005f9c       0x14 d:/ac6/systemworkbench/plugins/fr.ac6.mcu.externaltools.arm-none.win32_1.15.0.201708311556/tools/compiler/bin/../lib/gcc/arm-none-eabi/6.3.1/../../../../arm-none-eabi/lib/thumb/v7-m\libc.a(lib_a-mprec.o)
                0x08005f9c                __i2b
 .text.__multiply
                0x08005fb0      0x124 d:/ac6/systemworkbench/plugins/fr.ac6.mcu.externaltools.arm-none.win32_1.15.0.201708311556/tools/compiler/bin/../lib/gcc/arm-none-eabi/6.3.1/../../../../arm-none-eabi/lib/thumb/v7-m\libc.a(lib_a-mprec.o)
                0x08005fb0                __multiply
 .text.__pow5mult
                0x080060d4       0xa0 d:/ac6/systemworkbench/plugins/fr.ac6.mcu.externaltools.arm-none.win32_1.15.0.201708311556/tools/compiler/bin/../lib/gcc/arm-none-eabi/6.3.1/../../../../arm-none-eabi/lib/thumb/v7-m\libc.a(lib_a-mprec.o)
                0x080060d4                __pow5mult
 .text.__lshift
                0x08006174       0xa0 d:/ac6/systemworkbench/plugins/fr.ac6.mcu.externaltools.arm-none.win32_1.15.0.201708311556/tools/compiler/bin/../lib/gcc/arm-none-eabi/6.3.1/../../../../arm-none-eabi/lib/thumb/v7-m\libc.a(lib_a-mprec.o)
                0x08006174                __lshift
 .text.__mcmp   0x08006214       0x38 d:/ac6/systemworkbench/plugins/fr.ac6.mcu.externaltools.arm-none.win32_1.15.0.201708311556/tools/compiler/bin/../lib/gcc/arm-none-eabi/6.3.1/../../../../arm-none-eabi/lib/thumb/v7-m\libc.a(lib_a-mprec.o)
                0x08006214                __mcmp
 .text.__mdiff  0x0800624c      0x11c d:/ac6/systemworkbench/plugins/fr.ac6.mcu.externaltools.arm-none.win32_1.15.0.201708311556/tools/compiler/bin/../lib/gcc/arm-none-eabi/6.3.1/../../../../arm-none-eabi/lib/thumb/v7-m\libc.a(lib_a-mprec.o)
                0x0800624c                __mdiff
 .text.__d2b    0x08006368       0xa8 d:/ac6/systemworkbench/plugins/fr.ac6.mcu.externaltools.arm-none.win32_1.15.0.201708311556/tools/compiler/bin/../lib/gcc/arm-none-eabi/6.3.1/../../../../arm-none-eabi/lib/thumb/v7-m\libc.a(lib_a-mprec.o)
                0x08006368                __d2b
 .text._sbrk_r  0x08006410       0x24 d:/ac6/systemworkbench/plugins/fr.ac6.mcu.externaltools.arm-none.win32_1.15.0.201708311556/tools/compiler/bin/../lib/gcc/arm-none-eabi/6.3.1/../../../../arm-none-eabi/lib/thumb/v7-m\libc.a(lib_a-sbrkr.o)
                0x08006410                _sbrk_r
 .text.__sread  0x08006434       0x24 d:/ac6/systemworkbench/plugins/fr.ac6.mcu.externaltools.arm-none.win32_1.15.0.201708311556/tools/compiler/bin/../lib/gcc/arm-none-eabi/6.3.1/../../../../arm-none-eabi/lib/thumb/v7-m\libc.a(lib_a-stdio.o)
                0x08006434                __sread
 .text.__swrite
                0x08006458       0x3c d:/ac6/systemworkbench/plugins/fr.ac6.mcu.externaltools.arm-none.win32_1.15.0.201708311556/tools/compiler/bin/../lib/gcc/arm-none-eabi/6.3.1/../../../../arm-none-eabi/lib/thumb/v7-m\libc.a(lib_a-stdio.o)
                0x08006458                __swrite
 .text.__sseek  0x08006494       0x20 d:/ac6/systemworkbench/plugins/fr.ac6.mcu.externaltools.arm-none.win32_1.15.0.201708311556/tools/compiler/bin/../lib/gcc/arm-none-eabi/6.3.1/../../../../arm-none-eabi/lib/thumb/v7-m\libc.a(lib_a-stdio.o)
                0x08006494                __sseek
 .text.__sclose
                0x080064b4        0x8 d:/ac6/systemworkbench/plugins/fr.ac6.mcu.externaltools.arm-none.win32_1.15.0.201708311556/tools/compiler/bin/../lib/gcc/arm-none-eabi/6.3.1/../../../../arm-none-eabi/lib/thumb/v7-m\libc.a(lib_a-stdio.o)
                0x080064b4                __sclose
 .text.strlen   0x080064bc       0x5c d:/ac6/systemworkbench/plugins/fr.ac6.mcu.externaltools.arm-none.win32_1.15.0.201708311556/tools/compiler/bin/../lib/gcc/arm-none-eabi/6.3.1/../../../../arm-none-eabi/lib/thumb/v7-m\libc.a(lib_a-strlen-stub.o)
                0x080064bc                strlen
 .text.__sprint_r.part.0
                0x08006518       0x80 d:/ac6/systemworkbench/plugins/fr.ac6.mcu.externaltools.arm-none.win32_1.15.0.201708311556/tools/compiler/bin/../lib/gcc/arm-none-eabi/6.3.1/../../../../arm-none-eabi/lib/thumb/v7-m\libc.a(lib_a-vfiprintf.o)
 .text.__sprint_r
                0x08006598       0x14 d:/ac6/systemworkbench/plugins/fr.ac6.mcu.externaltools.arm-none.win32_1.15.0.201708311556/tools/compiler/bin/../lib/gcc/arm-none-eabi/6.3.1/../../../../arm-none-eabi/lib/thumb/v7-m\libc.a(lib_a-vfiprintf.o)
                0x08006598                __sprint_r
 .text._write_r
                0x080065ac       0x2c d:/ac6/systemworkbench/plugins/fr.ac6.mcu.externaltools.arm-none.win32_1.15.0.201708311556/tools/compiler/bin/../lib/gcc/arm-none-eabi/6.3.1/../../../../arm-none-eabi/lib/thumb/v7-m\libc.a(lib_a-writer.o)
                0x080065ac                _write_r
 .text.__register_exitproc
                0x080065d8       0xc4 d:/ac6/systemworkbench/plugins/fr.ac6.mcu.externaltools.arm-none.win32_1.15.0.201708311556/tools/compiler/bin/../lib/gcc/arm-none-eabi/6.3.1/../../../../arm-none-eabi/lib/thumb/v7-m\libc.a(lib_a-__atexit.o)
                0x080065d8                __register_exitproc
 .text._calloc_r
                0x0800669c       0x60 d:/ac6/systemworkbench/plugins/fr.ac6.mcu.externaltools.arm-none.win32_1.15.0.201708311556/tools/compiler/bin/../lib/gcc/arm-none-eabi/6.3.1/../../../../arm-none-eabi/lib/thumb/v7-m\libc.a(lib_a-callocr.o)
                0x0800669c                _calloc_r
 .text._close_r
                0x080066fc       0x24 d:/ac6/systemworkbench/plugins/fr.ac6.mcu.externaltools.arm-none.win32_1.15.0.201708311556/tools/compiler/bin/../lib/gcc/arm-none-eabi/6.3.1/../../../../arm-none-eabi/lib/thumb/v7-m\libc.a(lib_a-closer.o)
                0x080066fc                _close_r
 .text._fclose_r
                0x08006720       0xc4 d:/ac6/systemworkbench/plugins/fr.ac6.mcu.externaltools.arm-none.win32_1.15.0.201708311556/tools/compiler/bin/../lib/gcc/arm-none-eabi/6.3.1/../../../../arm-none-eabi/lib/thumb/v7-m\libc.a(lib_a-fclose.o)
                0x08006720                _fclose_r
 .text.__fputwc
                0x080067e4       0x98 d:/ac6/systemworkbench/plugins/fr.ac6.mcu.externaltools.arm-none.win32_1.15.0.201708311556/tools/compiler/bin/../lib/gcc/arm-none-eabi/6.3.1/../../../../arm-none-eabi/lib/thumb/v7-m\libc.a(lib_a-fputwc.o)
                0x080067e4                __fputwc
 .text._fputwc_r
                0x0800687c       0x68 d:/ac6/systemworkbench/plugins/fr.ac6.mcu.externaltools.arm-none.win32_1.15.0.201708311556/tools/compiler/bin/../lib/gcc/arm-none-eabi/6.3.1/../../../../arm-none-eabi/lib/thumb/v7-m\libc.a(lib_a-fputwc.o)
                0x0800687c                _fputwc_r
 .text._fstat_r
                0x080068e4       0x28 d:/ac6/systemworkbench/plugins/fr.ac6.mcu.externaltools.arm-none.win32_1.15.0.201708311556/tools/compiler/bin/../lib/gcc/arm-none-eabi/6.3.1/../../../../arm-none-eabi/lib/thumb/v7-m\libc.a(lib_a-fstatr.o)
                0x080068e4                _fstat_r
 .text.__sfvwrite_r
                0x0800690c      0x2f4 d:/ac6/systemworkbench/plugins/fr.ac6.mcu.externaltools.arm-none.win32_1.15.0.201708311556/tools/compiler/bin/../lib/gcc/arm-none-eabi/6.3.1/../../../../arm-none-eabi/lib/thumb/v7-m\libc.a(lib_a-fvwrite.o)
                0x0800690c                __sfvwrite_r
 .text._isatty_r
                0x08006c00       0x24 d:/ac6/systemworkbench/plugins/fr.ac6.mcu.externaltools.arm-none.win32_1.15.0.201708311556/tools/compiler/bin/../lib/gcc/arm-none-eabi/6.3.1/../../../../arm-none-eabi/lib/thumb/v7-m\libc.a(lib_a-isattyr.o)
                0x08006c00                _isatty_r
 .text.__locale_mb_cur_max
                0x08006c24       0x1c d:/ac6/systemworkbench/plugins/fr.ac6.mcu.externaltools.arm-none.win32_1.15.0.201708311556/tools/compiler/bin/../lib/gcc/arm-none-eabi/6.3.1/../../../../arm-none-eabi/lib/thumb/v7-m\libc.a(lib_a-locale.o)
                0x08006c24                __locale_mb_cur_max
 .text._lseek_r
                0x08006c40       0x2c d:/ac6/systemworkbench/plugins/fr.ac6.mcu.externaltools.arm-none.win32_1.15.0.201708311556/tools/compiler/bin/../lib/gcc/arm-none-eabi/6.3.1/../../../../arm-none-eabi/lib/thumb/v7-m\libc.a(lib_a-lseekr.o)
                0x08006c40                _lseek_r
 .text.__ascii_mbtowc
                0x08006c6c       0x2c d:/ac6/systemworkbench/plugins/fr.ac6.mcu.externaltools.arm-none.win32_1.15.0.201708311556/tools/compiler/bin/../lib/gcc/arm-none-eabi/6.3.1/../../../../arm-none-eabi/lib/thumb/v7-m\libc.a(lib_a-mbtowc_r.o)
                0x08006c6c                __ascii_mbtowc
 .text.memmove  0x08006c98       0xc8 d:/ac6/systemworkbench/plugins/fr.ac6.mcu.externaltools.arm-none.win32_1.15.0.201708311556/tools/compiler/bin/../lib/gcc/arm-none-eabi/6.3.1/../../../../arm-none-eabi/lib/thumb/v7-m\libc.a(lib_a-memmove.o)
                0x08006c98                memmove
 .text._read_r  0x08006d60       0x2c d:/ac6/systemworkbench/plugins/fr.ac6.mcu.externaltools.arm-none.win32_1.15.0.201708311556/tools/compiler/bin/../lib/gcc/arm-none-eabi/6.3.1/../../../../arm-none-eabi/lib/thumb/v7-m\libc.a(lib_a-readr.o)
                0x08006d60                _read_r
 .text._realloc_r
                0x08006d8c      0x36c d:/ac6/systemworkbench/plugins/fr.ac6.mcu.externaltools.arm-none.win32_1.15.0.201708311556/tools/compiler/bin/../lib/gcc/arm-none-eabi/6.3.1/../../../../arm-none-eabi/lib/thumb/v7-m\libc.a(lib_a-reallocr.o)
                0x08006d8c                _realloc_r
 .text.__swbuf_r
                0x080070f8       0xb0 d:/ac6/systemworkbench/plugins/fr.ac6.mcu.externaltools.arm-none.win32_1.15.0.201708311556/tools/compiler/bin/../lib/gcc/arm-none-eabi/6.3.1/../../../../arm-none-eabi/lib/thumb/v7-m\libc.a(lib_a-wbuf.o)
                0x080070f8                __swbuf_r
 .text._wcrtomb_r
                0x080071a8       0x54 d:/ac6/systemworkbench/plugins/fr.ac6.mcu.externaltools.arm-none.win32_1.15.0.201708311556/tools/compiler/bin/../lib/gcc/arm-none-eabi/6.3.1/../../../../arm-none-eabi/lib/thumb/v7-m\libc.a(lib_a-wcrtomb.o)
                0x080071a8                _wcrtomb_r
 .text.__ascii_wctomb
                0x080071fc       0x18 d:/ac6/systemworkbench/plugins/fr.ac6.mcu.externaltools.arm-none.win32_1.15.0.201708311556/tools/compiler/bin/../lib/gcc/arm-none-eabi/6.3.1/../../../../arm-none-eabi/lib/thumb/v7-m\libc.a(lib_a-wctomb_r.o)
                0x080071fc                __ascii_wctomb
 *(.glue_7)
 .glue_7        0x08007214        0x0 linker stubs
 *(.glue_7t)
 .glue_7t       0x08007214        0x0 linker stubs
 *(.eh_frame)
 .eh_frame      0x08007214        0x0 d:/ac6/systemworkbench/plugins/fr.ac6.mcu.externaltools.arm-none.win32_1.15.0.201708311556/tools/compiler/bin/../lib/gcc/arm-none-eabi/6.3.1/thumb/v7-m/crtbegin.o
 *(.init)
 .init          0x08007214        0x4 d:/ac6/systemworkbench/plugins/fr.ac6.mcu.externaltools.arm-none.win32_1.15.0.201708311556/tools/compiler/bin/../lib/gcc/arm-none-eabi/6.3.1/thumb/v7-m/crti.o
                0x08007214                _init
 .init          0x08007218        0x8 d:/ac6/systemworkbench/plugins/fr.ac6.mcu.externaltools.arm-none.win32_1.15.0.201708311556/tools/compiler/bin/../lib/gcc/arm-none-eabi/6.3.1/thumb/v7-m/crtn.o
 *(.fini)
 .fini          0x08007220        0x4 d:/ac6/systemworkbench/plugins/fr.ac6.mcu.externaltools.arm-none.win32_1.15.0.201708311556/tools/compiler/bin/../lib/gcc/arm-none-eabi/6.3.1/thumb/v7-m/crti.o
                0x08007220                _fini
 .fini          0x08007224        0x8 d:/ac6/systemworkbench/plugins/fr.ac6.mcu.externaltools.arm-none.win32_1.15.0.201708311556/tools/compiler/bin/../lib/gcc/arm-none-eabi/6.3.1/thumb/v7-m/crtn.o
                0x0800722c                . = ALIGN (0x4)
                0x0800722c                _etext = .

.vfp11_veneer   0x0800722c        0x0
 .vfp11_veneer  0x0800722c        0x0 linker stubs

.v4_bx          0x0800722c        0x0
 .v4_bx         0x0800722c        0x0 linker stubs

.iplt           0x0800722c        0x0
 .iplt          0x0800722c        0x0 d:/ac6/systemworkbench/plugins/fr.ac6.mcu.externaltools.arm-none.win32_1.15.0.201708311556/tools/compiler/bin/../lib/gcc/arm-none-eabi/6.3.1/thumb/v7-m/crtbegin.o

.rodata         0x08007230      0x2e0
                0x08007230                . = ALIGN (0x4)
 *(.rodata)
 .rodata        0x08007230       0x21 src/Func_Clock.o
 *fill*         0x08007251        0x3 
 .rodata        0x08007254       0x15 src/Func_Display.o
 *fill*         0x08007269        0x3 
 .rodata        0x0800726c       0x1a src/main.o
 *(.rodata*)
 *fill*         0x08007286        0x2 
 .rodata._global_impure_ptr
                0x08007288        0x4 d:/ac6/systemworkbench/plugins/fr.ac6.mcu.externaltools.arm-none.win32_1.15.0.201708311556/tools/compiler/bin/../lib/gcc/arm-none-eabi/6.3.1/../../../../arm-none-eabi/lib/thumb/v7-m\libc.a(lib_a-impure.o)
                0x08007288                _global_impure_ptr
 .rodata._vfprintf_r.str1.4
                0x0800728c       0x42 d:/ac6/systemworkbench/plugins/fr.ac6.mcu.externaltools.arm-none.win32_1.15.0.201708311556/tools/compiler/bin/../lib/gcc/arm-none-eabi/6.3.1/../../../../arm-none-eabi/lib/thumb/v7-m\libc.a(lib_a-vfprintf.o)
 *fill*         0x080072ce        0x2 
 .rodata.blanks.7238
                0x080072d0       0x10 d:/ac6/systemworkbench/plugins/fr.ac6.mcu.externaltools.arm-none.win32_1.15.0.201708311556/tools/compiler/bin/../lib/gcc/arm-none-eabi/6.3.1/../../../../arm-none-eabi/lib/thumb/v7-m\libc.a(lib_a-vfprintf.o)
 .rodata.zeroes.7239
                0x080072e0       0x10 d:/ac6/systemworkbench/plugins/fr.ac6.mcu.externaltools.arm-none.win32_1.15.0.201708311556/tools/compiler/bin/../lib/gcc/arm-none-eabi/6.3.1/../../../../arm-none-eabi/lib/thumb/v7-m\libc.a(lib_a-vfprintf.o)
 .rodata._dtoa_r.str1.4
                0x080072f0       0x10 d:/ac6/systemworkbench/plugins/fr.ac6.mcu.externaltools.arm-none.win32_1.15.0.201708311556/tools/compiler/bin/../lib/gcc/arm-none-eabi/6.3.1/../../../../arm-none-eabi/lib/thumb/v7-m\libc.a(lib_a-dtoa.o)
                                 0x12 (size before relaxing)
 .rodata.__mprec_bigtens
                0x08007300       0x28 d:/ac6/systemworkbench/plugins/fr.ac6.mcu.externaltools.arm-none.win32_1.15.0.201708311556/tools/compiler/bin/../lib/gcc/arm-none-eabi/6.3.1/../../../../arm-none-eabi/lib/thumb/v7-m\libc.a(lib_a-mprec.o)
                0x08007300                __mprec_bigtens
 .rodata.__mprec_tens
                0x08007328       0xc8 d:/ac6/systemworkbench/plugins/fr.ac6.mcu.externaltools.arm-none.win32_1.15.0.201708311556/tools/compiler/bin/../lib/gcc/arm-none-eabi/6.3.1/../../../../arm-none-eabi/lib/thumb/v7-m\libc.a(lib_a-mprec.o)
                0x08007328                __mprec_tens
 .rodata.p05.6055
                0x080073f0        0xc d:/ac6/systemworkbench/plugins/fr.ac6.mcu.externaltools.arm-none.win32_1.15.0.201708311556/tools/compiler/bin/../lib/gcc/arm-none-eabi/6.3.1/../../../../arm-none-eabi/lib/thumb/v7-m\libc.a(lib_a-mprec.o)
 .rodata._setlocale_r.str1.4
                0x080073fc        0xa d:/ac6/systemworkbench/plugins/fr.ac6.mcu.externaltools.arm-none.win32_1.15.0.201708311556/tools/compiler/bin/../lib/gcc/arm-none-eabi/6.3.1/../../../../arm-none-eabi/lib/thumb/v7-m\libc.a(lib_a-locale.o)
                                  0xd (size before relaxing)
 *fill*         0x08007406        0x2 
 .rodata.str1.4
                0x08007408        0x4 d:/ac6/systemworkbench/plugins/fr.ac6.mcu.externaltools.arm-none.win32_1.15.0.201708311556/tools/compiler/bin/../lib/gcc/arm-none-eabi/6.3.1/../../../../arm-none-eabi/lib/thumb/v7-m\libc.a(lib_a-locale.o)
                                  0x2 (size before relaxing)
 .rodata._ctype_
                0x0800740c      0x101 d:/ac6/systemworkbench/plugins/fr.ac6.mcu.externaltools.arm-none.win32_1.15.0.201708311556/tools/compiler/bin/../lib/gcc/arm-none-eabi/6.3.1/../../../../arm-none-eabi/lib/thumb/v7-m\libc.a(lib_a-ctype_.o)
                0x0800740c                _ctype_
                0x08007510                . = ALIGN (0x4)
 *fill*         0x0800750d        0x3 

.ARM.extab      0x08007510        0x0
                0x08007510                . = ALIGN (0x4)
 *(.ARM.extab* .gnu.linkonce.armextab.*)
                0x08007510                . = ALIGN (0x4)

.ARM            0x08007510        0x8
                0x08007510                . = ALIGN (0x4)
                0x08007510                __exidx_start = .
 *(.ARM.exidx*)
 .ARM.exidx     0x08007510        0x8 d:/ac6/systemworkbench/plugins/fr.ac6.mcu.externaltools.arm-none.win32_1.15.0.201708311556/tools/compiler/bin/../lib/gcc/arm-none-eabi/6.3.1/thumb/v7-m\libgcc.a(_udivmoddi4.o)
                0x08007518                __exidx_end = .
                0x08007518                . = ALIGN (0x4)

.rel.dyn        0x08007518        0x0
 .rel.iplt      0x08007518        0x0 d:/ac6/systemworkbench/plugins/fr.ac6.mcu.externaltools.arm-none.win32_1.15.0.201708311556/tools/compiler/bin/../lib/gcc/arm-none-eabi/6.3.1/thumb/v7-m/crtbegin.o

.preinit_array  0x08007518        0x0
                0x08007518                . = ALIGN (0x4)
                0x08007518                PROVIDE (__preinit_array_start, .)
 *(.preinit_array*)
                0x08007518                PROVIDE (__preinit_array_end, .)
                0x08007518                . = ALIGN (0x4)

.init_array     0x08007518        0x8
                0x08007518                . = ALIGN (0x4)
                0x08007518                PROVIDE (__init_array_start, .)
 *(SORT(.init_array.*))
 .init_array.00000
                0x08007518        0x4 d:/ac6/systemworkbench/plugins/fr.ac6.mcu.externaltools.arm-none.win32_1.15.0.201708311556/tools/compiler/bin/../lib/gcc/arm-none-eabi/6.3.1/../../../../arm-none-eabi/lib/thumb/v7-m\libc.a(lib_a-__call_atexit.o)
 *(.init_array*)
 .init_array    0x0800751c        0x4 d:/ac6/systemworkbench/plugins/fr.ac6.mcu.externaltools.arm-none.win32_1.15.0.201708311556/tools/compiler/bin/../lib/gcc/arm-none-eabi/6.3.1/thumb/v7-m/crtbegin.o
                0x08007520                PROVIDE (__init_array_end, .)
                0x08007520                . = ALIGN (0x4)

.fini_array     0x08007520        0x4
                0x08007520                . = ALIGN (0x4)
                0x08007520                PROVIDE (__fini_array_start, .)
 *(SORT(.fini_array.*))
 *(.fini_array*)
 .fini_array    0x08007520        0x4 d:/ac6/systemworkbench/plugins/fr.ac6.mcu.externaltools.arm-none.win32_1.15.0.201708311556/tools/compiler/bin/../lib/gcc/arm-none-eabi/6.3.1/thumb/v7-m/crtbegin.o
                0x08007524                PROVIDE (__fini_array_end, .)
                0x08007524                . = ALIGN (0x4)
                0x08007524                _sidata = LOADADDR (.data)

.data           0x20000000      0x9e0 load address 0x08007524
                0x20000000                . = ALIGN (0x4)
                0x20000000                _sdata = .
 *(.data)
 .data          0x20000000       0x14 StdPeriph_Driver/src/stm32f10x_rcc.o
 .data          0x20000014        0xc src/Func_Clock.o
                0x20000014                Month_Len
 .data          0x20000020       0x14 src/system_stm32f10x.o
                0x20000020                SystemCoreClock
                0x20000024                AHBPrescTable
 *(.data*)
 .data._impure_ptr
                0x20000034        0x4 d:/ac6/systemworkbench/plugins/fr.ac6.mcu.externaltools.arm-none.win32_1.15.0.201708311556/tools/compiler/bin/../lib/gcc/arm-none-eabi/6.3.1/../../../../arm-none-eabi/lib/thumb/v7-m\libc.a(lib_a-impure.o)
                0x20000034                _impure_ptr
 .data.impure_data
                0x20000038      0x428 d:/ac6/systemworkbench/plugins/fr.ac6.mcu.externaltools.arm-none.win32_1.15.0.201708311556/tools/compiler/bin/../lib/gcc/arm-none-eabi/6.3.1/../../../../arm-none-eabi/lib/thumb/v7-m\libc.a(lib_a-impure.o)
 .data.__atexit_recursive_mutex
                0x20000460        0x4 d:/ac6/systemworkbench/plugins/fr.ac6.mcu.externaltools.arm-none.win32_1.15.0.201708311556/tools/compiler/bin/../lib/gcc/arm-none-eabi/6.3.1/../../../../arm-none-eabi/lib/thumb/v7-m\libc.a(lib_a-__call_atexit.o)
                0x20000460                __atexit_recursive_mutex
 .data.__malloc_av_
                0x20000464      0x408 d:/ac6/systemworkbench/plugins/fr.ac6.mcu.externaltools.arm-none.win32_1.15.0.201708311556/tools/compiler/bin/../lib/gcc/arm-none-eabi/6.3.1/../../../../arm-none-eabi/lib/thumb/v7-m\libc.a(lib_a-mallocr.o)
                0x20000464                __malloc_av_
 .data.__malloc_sbrk_base
                0x2000086c        0x4 d:/ac6/systemworkbench/plugins/fr.ac6.mcu.externaltools.arm-none.win32_1.15.0.201708311556/tools/compiler/bin/../lib/gcc/arm-none-eabi/6.3.1/../../../../arm-none-eabi/lib/thumb/v7-m\libc.a(lib_a-mallocr.o)
                0x2000086c                __malloc_sbrk_base
 .data.__malloc_trim_threshold
                0x20000870        0x4 d:/ac6/systemworkbench/plugins/fr.ac6.mcu.externaltools.arm-none.win32_1.15.0.201708311556/tools/compiler/bin/../lib/gcc/arm-none-eabi/6.3.1/../../../../arm-none-eabi/lib/thumb/v7-m\libc.a(lib_a-mallocr.o)
                0x20000870                __malloc_trim_threshold
 .data.__global_locale
                0x20000874      0x16c d:/ac6/systemworkbench/plugins/fr.ac6.mcu.externaltools.arm-none.win32_1.15.0.201708311556/tools/compiler/bin/../lib/gcc/arm-none-eabi/6.3.1/../../../../arm-none-eabi/lib/thumb/v7-m\libc.a(lib_a-locale.o)
                0x20000874                __global_locale
                0x200009e0                . = ALIGN (0x4)
                0x200009e0                _edata = .

.jcr            0x200009e0        0x0 load address 0x08007f04
 .jcr           0x200009e0        0x0 d:/ac6/systemworkbench/plugins/fr.ac6.mcu.externaltools.arm-none.win32_1.15.0.201708311556/tools/compiler/bin/../lib/gcc/arm-none-eabi/6.3.1/thumb/v7-m/crtbegin.o

.igot.plt       0x200009e0        0x0 load address 0x08007f04
 .igot.plt      0x200009e0        0x0 d:/ac6/systemworkbench/plugins/fr.ac6.mcu.externaltools.arm-none.win32_1.15.0.201708311556/tools/compiler/bin/../lib/gcc/arm-none-eabi/6.3.1/thumb/v7-m/crtbegin.o
                0x200009e0                . = ALIGN (0x4)

.bss            0x200009e0       0x88 load address 0x08007f04
                0x200009e0                _sbss = .
                0x200009e0                __bss_start__ = _sbss
 *(.bss)
 .bss           0x200009e0       0x1c d:/ac6/systemworkbench/plugins/fr.ac6.mcu.externaltools.arm-none.win32_1.15.0.201708311556/tools/compiler/bin/../lib/gcc/arm-none-eabi/6.3.1/thumb/v7-m/crtbegin.o
 .bss           0x200009fc        0x1 src/Driver_NVIC.o
                0x200009fc                DispIRQFlag
 .bss           0x200009fd        0x1 src/Func_Display.o
                0x200009fd                SelectedDigit
 *fill*         0x200009fe        0x2 
 .bss           0x20000a00        0x4 src/Utility.o
                0x20000a00                timer_ms
 .bss           0x20000a04        0x8 src/syscalls.o
                0x20000a04                __env
 *(.bss*)
 .bss.__malloc_current_mallinfo
                0x20000a0c       0x28 d:/ac6/systemworkbench/plugins/fr.ac6.mcu.externaltools.arm-none.win32_1.15.0.201708311556/tools/compiler/bin/../lib/gcc/arm-none-eabi/6.3.1/../../../../arm-none-eabi/lib/thumb/v7-m\libc.a(lib_a-mallocr.o)
                0x20000a0c                __malloc_current_mallinfo
 .bss.__malloc_max_sbrked_mem
                0x20000a34        0x4 d:/ac6/systemworkbench/plugins/fr.ac6.mcu.externaltools.arm-none.win32_1.15.0.201708311556/tools/compiler/bin/../lib/gcc/arm-none-eabi/6.3.1/../../../../arm-none-eabi/lib/thumb/v7-m\libc.a(lib_a-mallocr.o)
                0x20000a34                __malloc_max_sbrked_mem
 .bss.__malloc_max_total_mem
                0x20000a38        0x4 d:/ac6/systemworkbench/plugins/fr.ac6.mcu.externaltools.arm-none.win32_1.15.0.201708311556/tools/compiler/bin/../lib/gcc/arm-none-eabi/6.3.1/../../../../arm-none-eabi/lib/thumb/v7-m\libc.a(lib_a-mallocr.o)
                0x20000a38                __malloc_max_total_mem
 .bss.__malloc_top_pad
                0x20000a3c        0x4 d:/ac6/systemworkbench/plugins/fr.ac6.mcu.externaltools.arm-none.win32_1.15.0.201708311556/tools/compiler/bin/../lib/gcc/arm-none-eabi/6.3.1/../../../../arm-none-eabi/lib/thumb/v7-m\libc.a(lib_a-mallocr.o)
                0x20000a3c                __malloc_top_pad
 *(COMMON)
 COMMON         0x20000a40       0x21 d:/ac6/systemworkbench/plugins/fr.ac6.mcu.externaltools.arm-none.win32_1.15.0.201708311556/tools/compiler/bin/../lib/gcc/arm-none-eabi/6.3.1/../../../../arm-none-eabi/lib/thumb/v7-m\libc.a(lib_a-lock.o)
                0x20000a40                __lock___atexit_recursive_mutex
                0x20000a44                __lock___arc4random_mutex
                0x20000a48                __lock___env_recursive_mutex
                0x20000a4c                __lock___sinit_recursive_mutex
                0x20000a50                __lock___malloc_recursive_mutex
                0x20000a54                __lock___at_quick_exit_mutex
                0x20000a58                __lock___dd_hash_mutex
                0x20000a5c                __lock___tz_mutex
                0x20000a60                __lock___sfp_recursive_mutex
 *fill*         0x20000a61        0x3 
 COMMON         0x20000a64        0x4 d:/ac6/systemworkbench/plugins/fr.ac6.mcu.externaltools.arm-none.win32_1.15.0.201708311556/tools/compiler/bin/../lib/gcc/arm-none-eabi/6.3.1/../../../../arm-none-eabi/lib/thumb/v7-m\libc.a(lib_a-reent.o)
                0x20000a64                errno
                0x20000a68                . = ALIGN (0x4)
                0x20000a68                _ebss = .
                0x20000a68                __bss_end__ = _ebss

._user_heap_stack
                0x20000a68      0x400 load address 0x08007f04
                0x20000a68                . = ALIGN (0x8)
                0x20000a68                PROVIDE (end, .)
                [!provide]                PROVIDE (_end, .)
                0x20000a68                . = (. + _Min_Heap_Size)
                0x20000e68                . = (. + _Min_Stack_Size)
 *fill*         0x20000a68      0x400 
                0x20000e68                . = ALIGN (0x8)

/DISCARD/
 libc.a(*)
 libm.a(*)
 libgcc.a(*)

.ARM.attributes
                0x00000000       0x29
 *(.ARM.attributes)
 .ARM.attributes
                0x00000000       0x1d d:/ac6/systemworkbench/plugins/fr.ac6.mcu.externaltools.arm-none.win32_1.15.0.201708311556/tools/compiler/bin/../lib/gcc/arm-none-eabi/6.3.1/thumb/v7-m/crti.o
 .ARM.attributes
                0x0000001d       0x2d d:/ac6/systemworkbench/plugins/fr.ac6.mcu.externaltools.arm-none.win32_1.15.0.201708311556/tools/compiler/bin/../lib/gcc/arm-none-eabi/6.3.1/thumb/v7-m/crtbegin.o
 .ARM.attributes
                0x0000004a       0x33 StdPeriph_Driver/src/misc.o
 .ARM.attributes
                0x0000007d       0x33 StdPeriph_Driver/src/stm32f10x_adc.o
 .ARM.attributes
                0x000000b0       0x33 StdPeriph_Driver/src/stm32f10x_bkp.o
 .ARM.attributes
                0x000000e3       0x33 StdPeriph_Driver/src/stm32f10x_flash.o
 .ARM.attributes
                0x00000116       0x33 StdPeriph_Driver/src/stm32f10x_gpio.o
 .ARM.attributes
                0x00000149       0x33 StdPeriph_Driver/src/stm32f10x_pwr.o
 .ARM.attributes
                0x0000017c       0x33 StdPeriph_Driver/src/stm32f10x_rcc.o
 .ARM.attributes
                0x000001af       0x33 StdPeriph_Driver/src/stm32f10x_rtc.o
 .ARM.attributes
                0x000001e2       0x33 StdPeriph_Driver/src/stm32f10x_tim.o
 .ARM.attributes
                0x00000215       0x33 StdPeriph_Driver/src/stm32f10x_usart.o
 .ARM.attributes
                0x00000248       0x33 src/BSP.o
 .ARM.attributes
                0x0000027b       0x33 src/Driver_ADC.o
 .ARM.attributes
                0x000002ae       0x33 src/Driver_Core.o
 .ARM.attributes
                0x000002e1       0x33 src/Driver_NVIC.o
 .ARM.attributes
                0x00000314       0x33 src/Driver_Timer.o
 .ARM.attributes
                0x00000347       0x33 src/Driver_UART.o
 .ARM.attributes
                0x0000037a       0x33 src/Func_Clock.o
 .ARM.attributes
                0x000003ad       0x33 src/Func_Display.o
 .ARM.attributes
                0x000003e0       0x33 src/Utility.o
 .ARM.attributes
                0x00000413       0x33 src/main.o
 .ARM.attributes
                0x00000446       0x33 src/syscalls.o
 .ARM.attributes
                0x00000479       0x33 src/system_stm32f10x.o
 .ARM.attributes
                0x000004ac       0x21 startup/startup_stm32f10x_md.o
 .ARM.attributes
                0x000004cd       0x1d d:/ac6/systemworkbench/plugins/fr.ac6.mcu.externaltools.arm-none.win32_1.15.0.201708311556/tools/compiler/bin/../lib/gcc/arm-none-eabi/6.3.1/thumb/v7-m\libgcc.a(_arm_addsubdf3.o)
 .ARM.attributes
                0x000004ea       0x1d d:/ac6/systemworkbench/plugins/fr.ac6.mcu.externaltools.arm-none.win32_1.15.0.201708311556/tools/compiler/bin/../lib/gcc/arm-none-eabi/6.3.1/thumb/v7-m\libgcc.a(_arm_muldivdf3.o)
 .ARM.attributes
                0x00000507       0x2d d:/ac6/systemworkbench/plugins/fr.ac6.mcu.externaltools.arm-none.win32_1.15.0.201708311556/tools/compiler/bin/../lib/gcc/arm-none-eabi/6.3.1/../../../../arm-none-eabi/lib/thumb/v7-m\libc.a(lib_a-errno.o)
 .ARM.attributes
                0x00000534       0x2d d:/ac6/systemworkbench/plugins/fr.ac6.mcu.externaltools.arm-none.win32_1.15.0.201708311556/tools/compiler/bin/../lib/gcc/arm-none-eabi/6.3.1/../../../../arm-none-eabi/lib/thumb/v7-m\libc.a(lib_a-impure.o)
 .ARM.attributes
                0x00000561       0x2d d:/ac6/systemworkbench/plugins/fr.ac6.mcu.externaltools.arm-none.win32_1.15.0.201708311556/tools/compiler/bin/../lib/gcc/arm-none-eabi/6.3.1/../../../../arm-none-eabi/lib/thumb/v7-m\libc.a(lib_a-memset.o)
 .ARM.attributes
                0x0000058e       0x2d d:/ac6/systemworkbench/plugins/fr.ac6.mcu.externaltools.arm-none.win32_1.15.0.201708311556/tools/compiler/bin/../lib/gcc/arm-none-eabi/6.3.1/../../../../arm-none-eabi/lib/thumb/v7-m\libc.a(lib_a-printf.o)
 .ARM.attributes
                0x000005bb       0x2d d:/ac6/systemworkbench/plugins/fr.ac6.mcu.externaltools.arm-none.win32_1.15.0.201708311556/tools/compiler/bin/../lib/gcc/arm-none-eabi/6.3.1/../../../../arm-none-eabi/lib/thumb/v7-m\libc.a(lib_a-vfprintf.o)
 .ARM.attributes
                0x000005e8       0x2d d:/ac6/systemworkbench/plugins/fr.ac6.mcu.externaltools.arm-none.win32_1.15.0.201708311556/tools/compiler/bin/../lib/gcc/arm-none-eabi/6.3.1/../../../../arm-none-eabi/lib/thumb/v7-m\libc.a(lib_a-wsetup.o)
 .ARM.attributes
                0x00000615       0x2d d:/ac6/systemworkbench/plugins/fr.ac6.mcu.externaltools.arm-none.win32_1.15.0.201708311556/tools/compiler/bin/../lib/gcc/arm-none-eabi/6.3.1/../../../../arm-none-eabi/lib/thumb/v7-m\libc.a(lib_a-__call_atexit.o)
 .ARM.attributes
                0x00000642       0x2d d:/ac6/systemworkbench/plugins/fr.ac6.mcu.externaltools.arm-none.win32_1.15.0.201708311556/tools/compiler/bin/../lib/gcc/arm-none-eabi/6.3.1/../../../../arm-none-eabi/lib/thumb/v7-m\libc.a(lib_a-atexit.o)
 .ARM.attributes
                0x0000066f       0x2d d:/ac6/systemworkbench/plugins/fr.ac6.mcu.externaltools.arm-none.win32_1.15.0.201708311556/tools/compiler/bin/../lib/gcc/arm-none-eabi/6.3.1/../../../../arm-none-eabi/lib/thumb/v7-m\libc.a(lib_a-dtoa.o)
 .ARM.attributes
                0x0000069c       0x2d d:/ac6/systemworkbench/plugins/fr.ac6.mcu.externaltools.arm-none.win32_1.15.0.201708311556/tools/compiler/bin/../lib/gcc/arm-none-eabi/6.3.1/../../../../arm-none-eabi/lib/thumb/v7-m\libc.a(lib_a-fflush.o)
 .ARM.attributes
                0x000006c9       0x2d d:/ac6/systemworkbench/plugins/fr.ac6.mcu.externaltools.arm-none.win32_1.15.0.201708311556/tools/compiler/bin/../lib/gcc/arm-none-eabi/6.3.1/../../../../arm-none-eabi/lib/thumb/v7-m\libc.a(lib_a-findfp.o)
 .ARM.attributes
                0x000006f6       0x2d d:/ac6/systemworkbench/plugins/fr.ac6.mcu.externaltools.arm-none.win32_1.15.0.201708311556/tools/compiler/bin/../lib/gcc/arm-none-eabi/6.3.1/../../../../arm-none-eabi/lib/thumb/v7-m\libc.a(lib_a-fini.o)
 .ARM.attributes
                0x00000723       0x2d d:/ac6/systemworkbench/plugins/fr.ac6.mcu.externaltools.arm-none.win32_1.15.0.201708311556/tools/compiler/bin/../lib/gcc/arm-none-eabi/6.3.1/../../../../arm-none-eabi/lib/thumb/v7-m\libc.a(lib_a-freer.o)
 .ARM.attributes
                0x00000750       0x2d d:/ac6/systemworkbench/plugins/fr.ac6.mcu.externaltools.arm-none.win32_1.15.0.201708311556/tools/compiler/bin/../lib/gcc/arm-none-eabi/6.3.1/../../../../arm-none-eabi/lib/thumb/v7-m\libc.a(lib_a-fwalk.o)
 .ARM.attributes
                0x0000077d       0x2d d:/ac6/systemworkbench/plugins/fr.ac6.mcu.externaltools.arm-none.win32_1.15.0.201708311556/tools/compiler/bin/../lib/gcc/arm-none-eabi/6.3.1/../../../../arm-none-eabi/lib/thumb/v7-m\libc.a(lib_a-localeconv.o)
 .ARM.attributes
                0x000007aa       0x2d d:/ac6/systemworkbench/plugins/fr.ac6.mcu.externaltools.arm-none.win32_1.15.0.201708311556/tools/compiler/bin/../lib/gcc/arm-none-eabi/6.3.1/../../../../arm-none-eabi/lib/thumb/v7-m\libc.a(lib_a-lock.o)
 .ARM.attributes
                0x000007d7       0x2d d:/ac6/systemworkbench/plugins/fr.ac6.mcu.externaltools.arm-none.win32_1.15.0.201708311556/tools/compiler/bin/../lib/gcc/arm-none-eabi/6.3.1/../../../../arm-none-eabi/lib/thumb/v7-m\libc.a(lib_a-makebuf.o)
 .ARM.attributes
                0x00000804       0x2d d:/ac6/systemworkbench/plugins/fr.ac6.mcu.externaltools.arm-none.win32_1.15.0.201708311556/tools/compiler/bin/../lib/gcc/arm-none-eabi/6.3.1/../../../../arm-none-eabi/lib/thumb/v7-m\libc.a(lib_a-mallocr.o)
 .ARM.attributes
                0x00000831       0x2d d:/ac6/systemworkbench/plugins/fr.ac6.mcu.externaltools.arm-none.win32_1.15.0.201708311556/tools/compiler/bin/../lib/gcc/arm-none-eabi/6.3.1/../../../../arm-none-eabi/lib/thumb/v7-m\libc.a(lib_a-memchr-stub.o)
 .ARM.attributes
                0x0000085e       0x1b d:/ac6/systemworkbench/plugins/fr.ac6.mcu.externaltools.arm-none.win32_1.15.0.201708311556/tools/compiler/bin/../lib/gcc/arm-none-eabi/6.3.1/../../../../arm-none-eabi/lib/thumb/v7-m\libc.a(lib_a-memcpy.o)
 .ARM.attributes
                0x00000879       0x2d d:/ac6/systemworkbench/plugins/fr.ac6.mcu.externaltools.arm-none.win32_1.15.0.201708311556/tools/compiler/bin/../lib/gcc/arm-none-eabi/6.3.1/../../../../arm-none-eabi/lib/thumb/v7-m\libc.a(lib_a-mlock.o)
 .ARM.attributes
                0x000008a6       0x2d d:/ac6/systemworkbench/plugins/fr.ac6.mcu.externaltools.arm-none.win32_1.15.0.201708311556/tools/compiler/bin/../lib/gcc/arm-none-eabi/6.3.1/../../../../arm-none-eabi/lib/thumb/v7-m\libc.a(lib_a-mprec.o)
 .ARM.attributes
                0x000008d3       0x2d d:/ac6/systemworkbench/plugins/fr.ac6.mcu.externaltools.arm-none.win32_1.15.0.201708311556/tools/compiler/bin/../lib/gcc/arm-none-eabi/6.3.1/../../../../arm-none-eabi/lib/thumb/v7-m\libc.a(lib_a-sbrkr.o)
 .ARM.attributes
                0x00000900       0x2d d:/ac6/systemworkbench/plugins/fr.ac6.mcu.externaltools.arm-none.win32_1.15.0.201708311556/tools/compiler/bin/../lib/gcc/arm-none-eabi/6.3.1/../../../../arm-none-eabi/lib/thumb/v7-m\libc.a(lib_a-stdio.o)
 .ARM.attributes
                0x0000092d       0x2d d:/ac6/systemworkbench/plugins/fr.ac6.mcu.externaltools.arm-none.win32_1.15.0.201708311556/tools/compiler/bin/../lib/gcc/arm-none-eabi/6.3.1/../../../../arm-none-eabi/lib/thumb/v7-m\libc.a(lib_a-strlen-stub.o)
 .ARM.attributes
                0x0000095a       0x2d d:/ac6/systemworkbench/plugins/fr.ac6.mcu.externaltools.arm-none.win32_1.15.0.201708311556/tools/compiler/bin/../lib/gcc/arm-none-eabi/6.3.1/../../../../arm-none-eabi/lib/thumb/v7-m\libc.a(lib_a-vfiprintf.o)
 .ARM.attributes
                0x00000987       0x2d d:/ac6/systemworkbench/plugins/fr.ac6.mcu.externaltools.arm-none.win32_1.15.0.201708311556/tools/compiler/bin/../lib/gcc/arm-none-eabi/6.3.1/../../../../arm-none-eabi/lib/thumb/v7-m\libc.a(lib_a-writer.o)
 .ARM.attributes
                0x000009b4       0x2d d:/ac6/systemworkbench/plugins/fr.ac6.mcu.externaltools.arm-none.win32_1.15.0.201708311556/tools/compiler/bin/../lib/gcc/arm-none-eabi/6.3.1/../../../../arm-none-eabi/lib/thumb/v7-m\libc.a(lib_a-__atexit.o)
 .ARM.attributes
                0x000009e1       0x2d d:/ac6/systemworkbench/plugins/fr.ac6.mcu.externaltools.arm-none.win32_1.15.0.201708311556/tools/compiler/bin/../lib/gcc/arm-none-eabi/6.3.1/../../../../arm-none-eabi/lib/thumb/v7-m\libc.a(lib_a-callocr.o)
 .ARM.attributes
                0x00000a0e       0x2d d:/ac6/systemworkbench/plugins/fr.ac6.mcu.externaltools.arm-none.win32_1.15.0.201708311556/tools/compiler/bin/../lib/gcc/arm-none-eabi/6.3.1/../../../../arm-none-eabi/lib/thumb/v7-m\libc.a(lib_a-closer.o)
 .ARM.attributes
                0x00000a3b       0x2d d:/ac6/systemworkbench/plugins/fr.ac6.mcu.externaltools.arm-none.win32_1.15.0.201708311556/tools/compiler/bin/../lib/gcc/arm-none-eabi/6.3.1/../../../../arm-none-eabi/lib/thumb/v7-m\libc.a(lib_a-fclose.o)
 .ARM.attributes
                0x00000a68       0x2d d:/ac6/systemworkbench/plugins/fr.ac6.mcu.externaltools.arm-none.win32_1.15.0.201708311556/tools/compiler/bin/../lib/gcc/arm-none-eabi/6.3.1/../../../../arm-none-eabi/lib/thumb/v7-m\libc.a(lib_a-fputwc.o)
 .ARM.attributes
                0x00000a95       0x2d d:/ac6/systemworkbench/plugins/fr.ac6.mcu.externaltools.arm-none.win32_1.15.0.201708311556/tools/compiler/bin/../lib/gcc/arm-none-eabi/6.3.1/../../../../arm-none-eabi/lib/thumb/v7-m\libc.a(lib_a-fstatr.o)
 .ARM.attributes
                0x00000ac2       0x2d d:/ac6/systemworkbench/plugins/fr.ac6.mcu.externaltools.arm-none.win32_1.15.0.201708311556/tools/compiler/bin/../lib/gcc/arm-none-eabi/6.3.1/../../../../arm-none-eabi/lib/thumb/v7-m\libc.a(lib_a-fvwrite.o)
 .ARM.attributes
                0x00000aef       0x2d d:/ac6/systemworkbench/plugins/fr.ac6.mcu.externaltools.arm-none.win32_1.15.0.201708311556/tools/compiler/bin/../lib/gcc/arm-none-eabi/6.3.1/../../../../arm-none-eabi/lib/thumb/v7-m\libc.a(lib_a-isattyr.o)
 .ARM.attributes
                0x00000b1c       0x2d d:/ac6/systemworkbench/plugins/fr.ac6.mcu.externaltools.arm-none.win32_1.15.0.201708311556/tools/compiler/bin/../lib/gcc/arm-none-eabi/6.3.1/../../../../arm-none-eabi/lib/thumb/v7-m\libc.a(lib_a-locale.o)
 .ARM.attributes
                0x00000b49       0x2d d:/ac6/systemworkbench/plugins/fr.ac6.mcu.externaltools.arm-none.win32_1.15.0.201708311556/tools/compiler/bin/../lib/gcc/arm-none-eabi/6.3.1/../../../../arm-none-eabi/lib/thumb/v7-m\libc.a(lib_a-lseekr.o)
 .ARM.attributes
                0x00000b76       0x2d d:/ac6/systemworkbench/plugins/fr.ac6.mcu.externaltools.arm-none.win32_1.15.0.201708311556/tools/compiler/bin/../lib/gcc/arm-none-eabi/6.3.1/../../../../arm-none-eabi/lib/thumb/v7-m\libc.a(lib_a-mbtowc_r.o)
 .ARM.attributes
                0x00000ba3       0x2d d:/ac6/systemworkbench/plugins/fr.ac6.mcu.externaltools.arm-none.win32_1.15.0.201708311556/tools/compiler/bin/../lib/gcc/arm-none-eabi/6.3.1/../../../../arm-none-eabi/lib/thumb/v7-m\libc.a(lib_a-memmove.o)
 .ARM.attributes
                0x00000bd0       0x2d d:/ac6/systemworkbench/plugins/fr.ac6.mcu.externaltools.arm-none.win32_1.15.0.201708311556/tools/compiler/bin/../lib/gcc/arm-none-eabi/6.3.1/../../../../arm-none-eabi/lib/thumb/v7-m\libc.a(lib_a-readr.o)
 .ARM.attributes
                0x00000bfd       0x2d d:/ac6/systemworkbench/plugins/fr.ac6.mcu.externaltools.arm-none.win32_1.15.0.201708311556/tools/compiler/bin/../lib/gcc/arm-none-eabi/6.3.1/../../../../arm-none-eabi/lib/thumb/v7-m\libc.a(lib_a-reallocr.o)
 .ARM.attributes
                0x00000c2a       0x2d d:/ac6/systemworkbench/plugins/fr.ac6.mcu.externaltools.arm-none.win32_1.15.0.201708311556/tools/compiler/bin/../lib/gcc/arm-none-eabi/6.3.1/../../../../arm-none-eabi/lib/thumb/v7-m\libc.a(lib_a-reent.o)
 .ARM.attributes
                0x00000c57       0x2d d:/ac6/systemworkbench/plugins/fr.ac6.mcu.externaltools.arm-none.win32_1.15.0.201708311556/tools/compiler/bin/../lib/gcc/arm-none-eabi/6.3.1/../../../../arm-none-eabi/lib/thumb/v7-m\libc.a(lib_a-wbuf.o)
 .ARM.attributes
                0x00000c84       0x2d d:/ac6/systemworkbench/plugins/fr.ac6.mcu.externaltools.arm-none.win32_1.15.0.201708311556/tools/compiler/bin/../lib/gcc/arm-none-eabi/6.3.1/../../../../arm-none-eabi/lib/thumb/v7-m\libc.a(lib_a-wcrtomb.o)
 .ARM.attributes
                0x00000cb1       0x2d d:/ac6/systemworkbench/plugins/fr.ac6.mcu.externaltools.arm-none.win32_1.15.0.201708311556/tools/compiler/bin/../lib/gcc/arm-none-eabi/6.3.1/../../../../arm-none-eabi/lib/thumb/v7-m\libc.a(lib_a-wctomb_r.o)
 .ARM.attributes
                0x00000cde       0x2d d:/ac6/systemworkbench/plugins/fr.ac6.mcu.externaltools.arm-none.win32_1.15.0.201708311556/tools/compiler/bin/../lib/gcc/arm-none-eabi/6.3.1/../../../../arm-none-eabi/lib/thumb/v7-m\libc.a(lib_a-ctype_.o)
 .ARM.attributes
                0x00000d0b       0x1d d:/ac6/systemworkbench/plugins/fr.ac6.mcu.externaltools.arm-none.win32_1.15.0.201708311556/tools/compiler/bin/../lib/gcc/arm-none-eabi/6.3.1/thumb/v7-m\libgcc.a(_arm_cmpdf2.o)
 .ARM.attributes
                0x00000d28       0x1d d:/ac6/systemworkbench/plugins/fr.ac6.mcu.externaltools.arm-none.win32_1.15.0.201708311556/tools/compiler/bin/../lib/gcc/arm-none-eabi/6.3.1/thumb/v7-m\libgcc.a(_arm_unorddf2.o)
 .ARM.attributes
                0x00000d45       0x1d d:/ac6/systemworkbench/plugins/fr.ac6.mcu.externaltools.arm-none.win32_1.15.0.201708311556/tools/compiler/bin/../lib/gcc/arm-none-eabi/6.3.1/thumb/v7-m\libgcc.a(_arm_fixdfsi.o)
 .ARM.attributes
                0x00000d62       0x1d d:/ac6/systemworkbench/plugins/fr.ac6.mcu.externaltools.arm-none.win32_1.15.0.201708311556/tools/compiler/bin/../lib/gcc/arm-none-eabi/6.3.1/thumb/v7-m\libgcc.a(_aeabi_uldivmod.o)
 .ARM.attributes
                0x00000d7f       0x2d d:/ac6/systemworkbench/plugins/fr.ac6.mcu.externaltools.arm-none.win32_1.15.0.201708311556/tools/compiler/bin/../lib/gcc/arm-none-eabi/6.3.1/thumb/v7-m\libgcc.a(_udivmoddi4.o)
 .ARM.attributes
                0x00000dac       0x1d d:/ac6/systemworkbench/plugins/fr.ac6.mcu.externaltools.arm-none.win32_1.15.0.201708311556/tools/compiler/bin/../lib/gcc/arm-none-eabi/6.3.1/thumb/v7-m\libgcc.a(_dvmd_tls.o)
 .ARM.attributes
                0x00000dc9       0x1d d:/ac6/systemworkbench/plugins/fr.ac6.mcu.externaltools.arm-none.win32_1.15.0.201708311556/tools/compiler/bin/../lib/gcc/arm-none-eabi/6.3.1/thumb/v7-m/crtn.o
OUTPUT(IW18_CMSIS_v01.elf elf32-littlearm)

.debug_info     0x00000000     0xd664
 .debug_info    0x00000000      0x4ed StdPeriph_Driver/src/misc.o
 .debug_info    0x000004ed      0xb75 StdPeriph_Driver/src/stm32f10x_adc.o
 .debug_info    0x00001062      0x7a2 StdPeriph_Driver/src/stm32f10x_bkp.o
 .debug_info    0x00001804      0x7b6 StdPeriph_Driver/src/stm32f10x_flash.o
 .debug_info    0x00001fba      0x6ef StdPeriph_Driver/src/stm32f10x_gpio.o
 .debug_info    0x000026a9      0x43d StdPeriph_Driver/src/stm32f10x_pwr.o
 .debug_info    0x00002ae6      0x8a0 StdPeriph_Driver/src/stm32f10x_rcc.o
 .debug_info    0x00003386      0x435 StdPeriph_Driver/src/stm32f10x_rtc.o
 .debug_info    0x000037bb     0x1c59 StdPeriph_Driver/src/stm32f10x_tim.o
 .debug_info    0x00005414      0x9e9 StdPeriph_Driver/src/stm32f10x_usart.o
 .debug_info    0x00005dfd      0xaf5 src/BSP.o
 .debug_info    0x000068f2      0xc19 src/Driver_ADC.o
 .debug_info    0x0000750b      0x5e7 src/Driver_Core.o
 .debug_info    0x00007af2      0xdf2 src/Driver_NVIC.o
 .debug_info    0x000088e4      0x3a5 src/Driver_Timer.o
 .debug_info    0x00008c89      0xc44 src/Driver_UART.o
 .debug_info    0x000098cd      0xb88 src/Func_Clock.o
 .debug_info    0x0000a455      0xb3c src/Func_Display.o
 .debug_info    0x0000af91      0x958 src/Utility.o
 .debug_info    0x0000b8e9      0x97e src/main.o
 .debug_info    0x0000c267      0xf2a src/syscalls.o
 .debug_info    0x0000d191      0x456 src/system_stm32f10x.o
 .debug_info    0x0000d5e7       0x7d startup/startup_stm32f10x_md.o

.debug_abbrev   0x00000000     0x295b
 .debug_abbrev  0x00000000      0x184 StdPeriph_Driver/src/misc.o
 .debug_abbrev  0x00000184      0x1ae StdPeriph_Driver/src/stm32f10x_adc.o
 .debug_abbrev  0x00000332      0x17b StdPeriph_Driver/src/stm32f10x_bkp.o
 .debug_abbrev  0x000004ad      0x1a3 StdPeriph_Driver/src/stm32f10x_flash.o
 .debug_abbrev  0x00000650      0x1e0 StdPeriph_Driver/src/stm32f10x_gpio.o
 .debug_abbrev  0x00000830      0x1c3 StdPeriph_Driver/src/stm32f10x_pwr.o
 .debug_abbrev  0x000009f3      0x1d2 StdPeriph_Driver/src/stm32f10x_rcc.o
 .debug_abbrev  0x00000bc5      0x1a3 StdPeriph_Driver/src/stm32f10x_rtc.o
 .debug_abbrev  0x00000d68      0x1c6 StdPeriph_Driver/src/stm32f10x_tim.o
 .debug_abbrev  0x00000f2e      0x192 StdPeriph_Driver/src/stm32f10x_usart.o
 .debug_abbrev  0x000010c0      0x201 src/BSP.o
 .debug_abbrev  0x000012c1      0x230 src/Driver_ADC.o
 .debug_abbrev  0x000014f1      0x1ce src/Driver_Core.o
 .debug_abbrev  0x000016bf      0x27b src/Driver_NVIC.o
 .debug_abbrev  0x0000193a      0x110 src/Driver_Timer.o
 .debug_abbrev  0x00001a4a      0x239 src/Driver_UART.o
 .debug_abbrev  0x00001c83      0x29e src/Func_Clock.o
 .debug_abbrev  0x00001f21      0x228 src/Func_Display.o
 .debug_abbrev  0x00002149      0x1f8 src/Utility.o
 .debug_abbrev  0x00002341      0x1c2 src/main.o
 .debug_abbrev  0x00002503      0x2aa src/syscalls.o
 .debug_abbrev  0x000027ad      0x19c src/system_stm32f10x.o
 .debug_abbrev  0x00002949       0x12 startup/startup_stm32f10x_md.o

.debug_aranges  0x00000000      0xce0
 .debug_aranges
                0x00000000       0x40 StdPeriph_Driver/src/misc.o
 .debug_aranges
                0x00000040      0x138 StdPeriph_Driver/src/stm32f10x_adc.o
 .debug_aranges
                0x00000178       0x78 StdPeriph_Driver/src/stm32f10x_bkp.o
 .debug_aranges
                0x000001f0       0xf8 StdPeriph_Driver/src/stm32f10x_flash.o
 .debug_aranges
                0x000002e8       0xa8 StdPeriph_Driver/src/stm32f10x_gpio.o
 .debug_aranges
                0x00000390       0x70 StdPeriph_Driver/src/stm32f10x_pwr.o
 .debug_aranges
                0x00000400      0x118 StdPeriph_Driver/src/stm32f10x_rcc.o
 .debug_aranges
                0x00000518       0x88 StdPeriph_Driver/src/stm32f10x_rtc.o
 .debug_aranges
                0x000005a0      0x2f0 StdPeriph_Driver/src/stm32f10x_tim.o
 .debug_aranges
                0x00000890      0x100 StdPeriph_Driver/src/stm32f10x_usart.o
 .debug_aranges
                0x00000990       0x40 src/BSP.o
 .debug_aranges
                0x000009d0       0x28 src/Driver_ADC.o
 .debug_aranges
                0x000009f8       0x40 src/Driver_Core.o
 .debug_aranges
                0x00000a38       0x48 src/Driver_NVIC.o
 .debug_aranges
                0x00000a80       0x28 src/Driver_Timer.o
 .debug_aranges
                0x00000aa8       0x40 src/Driver_UART.o
 .debug_aranges
                0x00000ae8       0x70 src/Func_Clock.o
 .debug_aranges
                0x00000b58       0x28 src/Func_Display.o
 .debug_aranges
                0x00000b80       0x30 src/Utility.o
 .debug_aranges
                0x00000bb0       0x20 src/main.o
 .debug_aranges
                0x00000bd0       0xb0 src/syscalls.o
 .debug_aranges
                0x00000c80       0x38 src/system_stm32f10x.o
 .debug_aranges
                0x00000cb8       0x28 startup/startup_stm32f10x_md.o

.debug_ranges   0x00000000      0xb78
 .debug_ranges  0x00000000       0x30 StdPeriph_Driver/src/misc.o
 .debug_ranges  0x00000030      0x128 StdPeriph_Driver/src/stm32f10x_adc.o
 .debug_ranges  0x00000158       0x68 StdPeriph_Driver/src/stm32f10x_bkp.o
 .debug_ranges  0x000001c0       0xe8 StdPeriph_Driver/src/stm32f10x_flash.o
 .debug_ranges  0x000002a8       0x98 StdPeriph_Driver/src/stm32f10x_gpio.o
 .debug_ranges  0x00000340       0x60 StdPeriph_Driver/src/stm32f10x_pwr.o
 .debug_ranges  0x000003a0      0x108 StdPeriph_Driver/src/stm32f10x_rcc.o
 .debug_ranges  0x000004a8       0x78 StdPeriph_Driver/src/stm32f10x_rtc.o
 .debug_ranges  0x00000520      0x2e0 StdPeriph_Driver/src/stm32f10x_tim.o
 .debug_ranges  0x00000800       0xf0 StdPeriph_Driver/src/stm32f10x_usart.o
 .debug_ranges  0x000008f0       0x30 src/BSP.o
 .debug_ranges  0x00000920       0x18 src/Driver_ADC.o
 .debug_ranges  0x00000938       0x30 src/Driver_Core.o
 .debug_ranges  0x00000968       0x38 src/Driver_NVIC.o
 .debug_ranges  0x000009a0       0x18 src/Driver_Timer.o
 .debug_ranges  0x000009b8       0x30 src/Driver_UART.o
 .debug_ranges  0x000009e8       0x60 src/Func_Clock.o
 .debug_ranges  0x00000a48       0x18 src/Func_Display.o
 .debug_ranges  0x00000a60       0x20 src/Utility.o
 .debug_ranges  0x00000a80       0x10 src/main.o
 .debug_ranges  0x00000a90       0xa0 src/syscalls.o
 .debug_ranges  0x00000b30       0x28 src/system_stm32f10x.o
 .debug_ranges  0x00000b58       0x20 startup/startup_stm32f10x_md.o

.debug_macro    0x00000000    0x11b05
 .debug_macro   0x00000000      0x18b StdPeriph_Driver/src/misc.o
 .debug_macro   0x0000018b       0x56 StdPeriph_Driver/src/misc.o
 .debug_macro   0x000001e1       0x22 StdPeriph_Driver/src/misc.o
 .debug_macro   0x00000203      0x69f StdPeriph_Driver/src/misc.o
 .debug_macro   0x000008a2     0x7dbe StdPeriph_Driver/src/misc.o
 .debug_macro   0x00008660      0x2df StdPeriph_Driver/src/misc.o
 .debug_macro   0x0000893f      0x144 StdPeriph_Driver/src/misc.o
 .debug_macro   0x00008a83      0x3cf StdPeriph_Driver/src/misc.o
 .debug_macro   0x00008e52       0xc8 StdPeriph_Driver/src/misc.o
 .debug_macro   0x00008f1a      0x17a StdPeriph_Driver/src/misc.o
 .debug_macro   0x00009094       0xac StdPeriph_Driver/src/misc.o
 .debug_macro   0x00009140      0x3ad StdPeriph_Driver/src/misc.o
 .debug_macro   0x000094ed       0x9a StdPeriph_Driver/src/misc.o
 .debug_macro   0x00009587      0x2cf StdPeriph_Driver/src/misc.o
 .debug_macro   0x00009856      0x279 StdPeriph_Driver/src/misc.o
 .debug_macro   0x00009acf      0x2ac StdPeriph_Driver/src/misc.o
 .debug_macro   0x00009d7b      0x2b1 StdPeriph_Driver/src/misc.o
 .debug_macro   0x0000a02c       0x64 StdPeriph_Driver/src/misc.o
 .debug_macro   0x0000a090       0x82 StdPeriph_Driver/src/misc.o
 .debug_macro   0x0000a112      0x3e2 StdPeriph_Driver/src/misc.o
 .debug_macro   0x0000a4f4       0x58 StdPeriph_Driver/src/misc.o
 .debug_macro   0x0000a54c      0x341 StdPeriph_Driver/src/misc.o
 .debug_macro   0x0000a88d      0x2c4 StdPeriph_Driver/src/misc.o
 .debug_macro   0x0000ab51      0x711 StdPeriph_Driver/src/misc.o
 .debug_macro   0x0000b262      0x220 StdPeriph_Driver/src/misc.o
 .debug_macro   0x0000b482       0x34 StdPeriph_Driver/src/misc.o
 .debug_macro   0x0000b4b6       0x35 StdPeriph_Driver/src/misc.o
 .debug_macro   0x0000b4eb       0x85 StdPeriph_Driver/src/misc.o
 .debug_macro   0x0000b570      0x285 StdPeriph_Driver/src/stm32f10x_adc.o
 .debug_macro   0x0000b7f5      0x13e StdPeriph_Driver/src/stm32f10x_adc.o
 .debug_macro   0x0000b933       0x8b StdPeriph_Driver/src/stm32f10x_adc.o
 .debug_macro   0x0000b9be      0x1e3 StdPeriph_Driver/src/stm32f10x_bkp.o
 .debug_macro   0x0000bba1      0x22d StdPeriph_Driver/src/stm32f10x_flash.o
 .debug_macro   0x0000bdce      0x2c9 StdPeriph_Driver/src/stm32f10x_flash.o
 .debug_macro   0x0000c097      0x1d7 StdPeriph_Driver/src/stm32f10x_gpio.o
 .debug_macro   0x0000c26e      0x2a6 StdPeriph_Driver/src/stm32f10x_gpio.o
 .debug_macro   0x0000c514      0x1cb StdPeriph_Driver/src/stm32f10x_pwr.o
 .debug_macro   0x0000c6df       0x7c StdPeriph_Driver/src/stm32f10x_pwr.o
 .debug_macro   0x0000c75b      0x2a1 StdPeriph_Driver/src/stm32f10x_rcc.o
 .debug_macro   0x0000c9fc      0x3dc StdPeriph_Driver/src/stm32f10x_rcc.o
 .debug_macro   0x0000cdd8      0x191 StdPeriph_Driver/src/stm32f10x_rtc.o
 .debug_macro   0x0000cf69       0x52 StdPeriph_Driver/src/stm32f10x_rtc.o
 .debug_macro   0x0000cfbb      0x1a1 StdPeriph_Driver/src/stm32f10x_tim.o
 .debug_macro   0x0000d15c      0x70b StdPeriph_Driver/src/stm32f10x_tim.o
 .debug_macro   0x0000d867      0x23d StdPeriph_Driver/src/stm32f10x_usart.o
 .debug_macro   0x0000daa4      0x21a StdPeriph_Driver/src/stm32f10x_usart.o
 .debug_macro   0x0000dcbe      0x32d src/BSP.o
 .debug_macro   0x0000dfeb       0x16 src/BSP.o
 .debug_macro   0x0000e001       0x4c src/BSP.o
 .debug_macro   0x0000e04d      0x6bd src/BSP.o
 .debug_macro   0x0000e70a       0x58 src/BSP.o
 .debug_macro   0x0000e762       0x35 src/BSP.o
 .debug_macro   0x0000e797       0x9c src/BSP.o
 .debug_macro   0x0000e833       0x16 src/BSP.o
 .debug_macro   0x0000e849       0x97 src/BSP.o
 .debug_macro   0x0000e8e0      0x330 src/BSP.o
 .debug_macro   0x0000ec10       0xfd src/BSP.o
 .debug_macro   0x0000ed0d       0x10 src/BSP.o
 .debug_macro   0x0000ed1d       0x58 src/BSP.o
 .debug_macro   0x0000ed75       0x1f src/BSP.o
 .debug_macro   0x0000ed94       0x43 src/BSP.o
 .debug_macro   0x0000edd7       0x20 src/BSP.o
 .debug_macro   0x0000edf7      0x187 src/BSP.o
 .debug_macro   0x0000ef7e       0x10 src/BSP.o
 .debug_macro   0x0000ef8e       0x1c src/BSP.o
 .debug_macro   0x0000efaa       0x52 src/BSP.o
 .debug_macro   0x0000effc       0x40 src/BSP.o
 .debug_macro   0x0000f03c       0x10 src/BSP.o
 .debug_macro   0x0000f04c       0x40 src/BSP.o
 .debug_macro   0x0000f08c       0xd7 src/BSP.o
 .debug_macro   0x0000f163       0x16 src/BSP.o
 .debug_macro   0x0000f179      0x18b src/BSP.o
 .debug_macro   0x0000f304       0x16 src/BSP.o
 .debug_macro   0x0000f31a       0x35 src/BSP.o
 .debug_macro   0x0000f34f       0x16 src/BSP.o
 .debug_macro   0x0000f365       0x29 src/BSP.o
 .debug_macro   0x0000f38e       0xf4 src/BSP.o
 .debug_macro   0x0000f482      0x32d src/Driver_ADC.o
 .debug_macro   0x0000f7af      0x189 src/Driver_Core.o
 .debug_macro   0x0000f938      0x343 src/Driver_NVIC.o
 .debug_macro   0x0000fc7b       0x52 src/Driver_NVIC.o
 .debug_macro   0x0000fccd      0x185 src/Driver_Timer.o
 .debug_macro   0x0000fe52      0x358 src/Driver_UART.o
 .debug_macro   0x000101aa       0x16 src/Driver_UART.o
 .debug_macro   0x000101c0      0x2eb src/Func_Clock.o
 .debug_macro   0x000104ab      0x34f src/Func_Display.o
 .debug_macro   0x000107fa      0x32d src/Utility.o
 .debug_macro   0x00010b27      0x37b src/main.o
 .debug_macro   0x00010ea2      0x236 src/syscalls.o
 .debug_macro   0x000110d8       0x52 src/syscalls.o
 .debug_macro   0x0001112a       0x8d src/syscalls.o
 .debug_macro   0x000111b7       0x57 src/syscalls.o
 .debug_macro   0x0001120e      0x174 src/syscalls.o
 .debug_macro   0x00011382       0x10 src/syscalls.o
 .debug_macro   0x00011392       0x10 src/syscalls.o
 .debug_macro   0x000113a2       0x10 src/syscalls.o
 .debug_macro   0x000113b2       0x35 src/syscalls.o
 .debug_macro   0x000113e7      0x122 src/syscalls.o
 .debug_macro   0x00011509       0x10 src/syscalls.o
 .debug_macro   0x00011519      0x241 src/syscalls.o
 .debug_macro   0x0001175a       0x1c src/syscalls.o
 .debug_macro   0x00011776       0x10 src/syscalls.o
 .debug_macro   0x00011786      0x159 src/syscalls.o
 .debug_macro   0x000118df       0x16 src/syscalls.o
 .debug_macro   0x000118f5       0x88 src/syscalls.o
 .debug_macro   0x0001197d      0x188 src/system_stm32f10x.o

.debug_line     0x00000000     0xa80c
 .debug_line    0x00000000      0x5f3 StdPeriph_Driver/src/misc.o
 .debug_line    0x000005f3      0x8e1 StdPeriph_Driver/src/stm32f10x_adc.o
 .debug_line    0x00000ed4      0x672 StdPeriph_Driver/src/stm32f10x_bkp.o
 .debug_line    0x00001546      0x871 StdPeriph_Driver/src/stm32f10x_flash.o
 .debug_line    0x00001db7      0x776 StdPeriph_Driver/src/stm32f10x_gpio.o
 .debug_line    0x0000252d      0x676 StdPeriph_Driver/src/stm32f10x_pwr.o
 .debug_line    0x00002ba3      0x872 StdPeriph_Driver/src/stm32f10x_rcc.o
 .debug_line    0x00003415      0x6b7 StdPeriph_Driver/src/stm32f10x_rtc.o
 .debug_line    0x00003acc      0xef7 StdPeriph_Driver/src/stm32f10x_tim.o
 .debug_line    0x000049c3      0x844 StdPeriph_Driver/src/stm32f10x_usart.o
 .debug_line    0x00005207      0x786 src/BSP.o
 .debug_line    0x0000598d      0x767 src/Driver_ADC.o
 .debug_line    0x000060f4      0x678 src/Driver_Core.o
 .debug_line    0x0000676c      0x7cb src/Driver_NVIC.o
 .debug_line    0x00006f37      0x5f0 src/Driver_Timer.o