Archive member included to satisfy reference by file (symbol)

d:/ac6/systemworkbench/plugins/fr.ac6.mcu.externaltools.arm-none.win32_1.15.0.201708311556/tools/compiler/bin/../lib/gcc/arm-none-eabi/6.3.1/thumb/v7-m\libgcc.a(_arm_addsubdf3.o)
                              src/BSP.o (__aeabi_i2d)
d:/ac6/systemworkbench/plugins/fr.ac6.mcu.externaltools.arm-none.win32_1.15.0.201708311556/tools/compiler/bin/../lib/gcc/arm-none-eabi/6.3.1/thumb/v7-m\libgcc.a(_arm_muldivdf3.o)
                              src/BSP.o (__aeabi_dmul)
d:/ac6/systemworkbench/plugins/fr.ac6.mcu.externaltools.arm-none.win32_1.15.0.201708311556/tools/compiler/bin/../lib/gcc/arm-none-eabi/6.3.1/thumb/v7-m\libgcc.a(_arm_fixunsdfsi.o)
                              src/BSP.o (__aeabi_d2uiz)
d:/ac6/systemworkbench/plugins/fr.ac6.mcu.externaltools.arm-none.win32_1.15.0.201708311556/tools/compiler/bin/../lib/gcc/arm-none-eabi/6.3.1/../../../../arm-none-eabi/lib/thumb/v7-m\libc.a(lib_a-errno.o)
                              src/syscalls.o (__errno)
d:/ac6/systemworkbench/plugins/fr.ac6.mcu.externaltools.arm-none.win32_1.15.0.201708311556/tools/compiler/bin/../lib/gcc/arm-none-eabi/6.3.1/../../../../arm-none-eabi/lib/thumb/v7-m\libc.a(lib_a-exit.o)
                              d:/ac6/systemworkbench/plugins/fr.ac6.mcu.externaltools.arm-none.win32_1.15.0.201708311556/tools/compiler/bin/../lib/gcc/arm-none-eabi/6.3.1/../../../../arm-none-eabi/lib/thumb/v7-m/crt0.o (exit)
d:/ac6/systemworkbench/plugins/fr.ac6.mcu.externaltools.arm-none.win32_1.15.0.201708311556/tools/compiler/bin/../lib/gcc/arm-none-eabi/6.3.1/../../../../arm-none-eabi/lib/thumb/v7-m\libc.a(lib_a-impure.o)
                              d:/ac6/systemworkbench/plugins/fr.ac6.mcu.externaltools.arm-none.win32_1.15.0.201708311556/tools/compiler/bin/../lib/gcc/arm-none-eabi/6.3.1/../../../../arm-none-eabi/lib/thumb/v7-m\libc.a(lib_a-exit.o) (_global_impure_ptr)
d:/ac6/systemworkbench/plugins/fr.ac6.mcu.externaltools.arm-none.win32_1.15.0.201708311556/tools/compiler/bin/../lib/gcc/arm-none-eabi/6.3.1/../../../../arm-none-eabi/lib/thumb/v7-m\libc.a(lib_a-init.o)
                              d:/ac6/systemworkbench/plugins/fr.ac6.mcu.externaltools.arm-none.win32_1.15.0.201708311556/tools/compiler/bin/../lib/gcc/arm-none-eabi/6.3.1/../../../../arm-none-eabi/lib/thumb/v7-m/crt0.o (__libc_init_array)
d:/ac6/systemworkbench/plugins/fr.ac6.mcu.externaltools.arm-none.win32_1.15.0.201708311556/tools/compiler/bin/../lib/gcc/arm-none-eabi/6.3.1/../../../../arm-none-eabi/lib/thumb/v7-m\libc.a(lib_a-memset.o)
                              d:/ac6/systemworkbench/plugins/fr.ac6.mcu.externaltools.arm-none.win32_1.15.0.201708311556/tools/compiler/bin/../lib/gcc/arm-none-eabi/6.3.1/../../../../arm-none-eabi/lib/thumb/v7-m/crt0.o (memset)
d:/ac6/systemworkbench/plugins/fr.ac6.mcu.externaltools.arm-none.win32_1.15.0.201708311556/tools/compiler/bin/../lib/gcc/arm-none-eabi/6.3.1/../../../../arm-none-eabi/lib/thumb/v7-m\libc.a(lib_a-printf.o)
                              src/BSP.o (printf)
d:/ac6/systemworkbench/plugins/fr.ac6.mcu.externaltools.arm-none.win32_1.15.0.201708311556/tools/compiler/bin/../lib/gcc/arm-none-eabi/6.3.1/../../../../arm-none-eabi/lib/thumb/v7-m\libc.a(lib_a-vfprintf.o)
                              d:/ac6/systemworkbench/plugins/fr.ac6.mcu.externaltools.arm-none.win32_1.15.0.201708311556/tools/compiler/bin/../lib/gcc/arm-none-eabi/6.3.1/../../../../arm-none-eabi/lib/thumb/v7-m\libc.a(lib_a-printf.o) (_vfprintf_r)
d:/ac6/systemworkbench/plugins/fr.ac6.mcu.externaltools.arm-none.win32_1.15.0.201708311556/tools/compiler/bin/../lib/gcc/arm-none-eabi/6.3.1/../../../../arm-none-eabi/lib/thumb/v7-m\libc.a(lib_a-wsetup.o)
                              d:/ac6/systemworkbench/plugins/fr.ac6.mcu.externaltools.arm-none.win32_1.15.0.201708311556/tools/compiler/bin/../lib/gcc/arm-none-eabi/6.3.1/../../../../arm-none-eabi/lib/thumb/v7-m\libc.a(lib_a-vfprintf.o) (__swsetup_r)
d:/ac6/systemworkbench/plugins/fr.ac6.mcu.externaltools.arm-none.win32_1.15.0.201708311556/tools/compiler/bin/../lib/gcc/arm-none-eabi/6.3.1/../../../../arm-none-eabi/lib/thumb/v7-m\libc.a(lib_a-__call_atexit.o)
                              d:/ac6/systemworkbench/plugins/fr.ac6.mcu.externaltools.arm-none.win32_1.15.0.201708311556/tools/compiler/bin/../lib/gcc/arm-none-eabi/6.3.1/../../../../arm-none-eabi/lib/thumb/v7-m\libc.a(lib_a-exit.o) (__call_exitprocs)
d:/ac6/systemworkbench/plugins/fr.ac6.mcu.externaltools.arm-none.win32_1.15.0.201708311556/tools/compiler/bin/../lib/gcc/arm-none-eabi/6.3.1/../../../../arm-none-eabi/lib/thumb/v7-m\libc.a(lib_a-atexit.o)
                              d:/ac6/systemworkbench/plugins/fr.ac6.mcu.externaltools.arm-none.win32_1.15.0.201708311556/tools/compiler/bin/../lib/gcc/arm-none-eabi/6.3.1/../../../../arm-none-eabi/lib/thumb/v7-m\libc.a(lib_a-__call_atexit.o) (atexit)
[...]
Memory Configuration

Name             Origin             Length             Attributes
RAM              0x20000000         0x00002800         xrw
ROM              0x08000000         0x00010000         xr
*default*        0x00000000         0xffffffff

Linker script and memory map

LOAD d:/ac6/systemworkbench/plugins/fr.ac6.mcu.externaltools.arm-none.win32_1.15.0.201708311556/tools/compiler/bin/../lib/gcc/arm-none-eabi/6.3.1/thumb/v7-m/crti.o
LOAD d:/ac6/systemworkbench/plugins/fr.ac6.mcu.externaltools.arm-none.win32_1.15.0.201708311556/tools/compiler/bin/../lib/gcc/arm-none-eabi/6.3.1/thumb/v7-m/crtbegin.o
LOAD d:/ac6/systemworkbench/plugins/fr.ac6.mcu.externaltools.arm-none.win32_1.15.0.201708311556/tools/compiler/bin/../lib/gcc/arm-none-eabi/6.3.1/../../../../arm-none-eabi/lib/thumb/v7-m/crt0.o
LOAD CMSIS/core/core_cm3.o
LOAD StdPeriph_Driver/src/misc.o
LOAD StdPeriph_Driver/src/stm32f10x_adc.o
LOAD StdPeriph_Driver/src/stm32f10x_bkp.o
LOAD StdPeriph_Driver/src/stm32f10x_can.o
LOAD StdPeriph_Driver/src/stm32f10x_cec.o
LOAD StdPeriph_Driver/src/stm32f10x_crc.o
LOAD StdPeriph_Driver/src/stm32f10x_dac.o
LOAD StdPeriph_Driver/src/stm32f10x_dbgmcu.o
LOAD StdPeriph_Driver/src/stm32f10x_dma.o
LOAD StdPeriph_Driver/src/stm32f10x_exti.o
LOAD StdPeriph_Driver/src/stm32f10x_flash.o
LOAD StdPeriph_Driver/src/stm32f10x_fsmc.o
LOAD StdPeriph_Driver/src/stm32f10x_gpio.o
LOAD StdPeriph_Driver/src/stm32f10x_i2c.o
LOAD StdPeriph_Driver/src/stm32f10x_iwdg.o
LOAD StdPeriph_Driver/src/stm32f10x_pwr.o
LOAD StdPeriph_Driver/src/stm32f10x_rcc.o
LOAD StdPeriph_Driver/src/stm32f10x_rtc.o
LOAD StdPeriph_Driver/src/stm32f10x_sdio.o
LOAD StdPeriph_Driver/src/stm32f10x_spi.o
LOAD StdPeriph_Driver/src/stm32f10x_tim.o
LOAD StdPeriph_Driver/src/stm32f10x_usart.o
LOAD StdPeriph_Driver/src/stm32f10x_wwdg.o
LOAD src/BSP.o
LOAD src/Driver_ADC.o
LOAD src/Driver_Core.o
LOAD src/Driver_I2C.o
LOAD src/Driver_NVIC.o
LOAD src/Driver_SPI.o
LOAD src/Driver_Timer.o
LOAD src/Driver_UART.o
LOAD src/Func_Clock.o
LOAD src/Func_Display.o
LOAD src/Hasiok.o
LOAD src/Utility.o
LOAD src/main.o
LOAD src/syscalls.o
LOAD src/system_stm32f10x.o
LOAD startup/startup_stm32f10x_md.o
LOAD d:/ac6/systemworkbench/plugins/fr.ac6.mcu.externaltools.arm-none.win32_1.15.0.201708311556/tools/compiler/bin/../lib/gcc/arm-none-eabi/6.3.1/../../../../arm-none-eabi/lib/thumb/v7-m\libm.a
START GROUP
LOAD d:/ac6/systemworkbench/plugins/fr.ac6.mcu.externaltools.arm-none.win32_1.15.0.201708311556/tools/compiler/bin/../lib/gcc/arm-none-eabi/6.3.1/thumb/v7-m\libgcc.a
LOAD d:/ac6/systemworkbench/plugins/fr.ac6.mcu.externaltools.arm-none.win32_1.15.0.201708311556/tools/compiler/bin/../lib/gcc/arm-none-eabi/6.3.1/../../../../arm-none-eabi/lib/thumb/v7-m\libc.a
END GROUP
LOAD d:/ac6/systemworkbench/plugins/fr.ac6.mcu.externaltools.arm-none.win32_1.15.0.201708311556/tools/compiler/bin/../lib/gcc/arm-none-eabi/6.3.1/thumb/v7-m/crtend.o
LOAD d:/ac6/systemworkbench/plugins/fr.ac6.mcu.externaltools.arm-none.win32_1.15.0.201708311556/tools/compiler/bin/../lib/gcc/arm-none-eabi/6.3.1/thumb/v7-m/crtn.o
                0x20002800                _estack = 0x20002800
                0x00000000                _Min_Heap_Size = 0x0
                0x00000400                _Min_Stack_Size = 0x400

.isr_vector     0x08000000      0x10c
                0x08000000                . = ALIGN (0x4)
 *(.isr_vector)
 .isr_vector    0x08000000      0x10c startup/startup_stm32f10x_md.o
                0x08000000                g_pfnVectors
                0x0800010c                . = ALIGN (0x4)

.text           0x08000110     0x70a4
                0x08000110                . = ALIGN (0x4)
 *(.text)
 .text          0x08000110       0x6c d:/ac6/systemworkbench/plugins/fr.ac6.mcu.externaltools.arm-none.win32_1.15.0.201708311556/tools/compiler/bin/../lib/gcc/arm-none-eabi/6.3.1/thumb/v7-m/crtbegin.o
 .text          0x0800017c      0x370 d:/ac6/systemworkbench/plugins/fr.ac6.mcu.externaltools.arm-none.win32_1.15.0.201708311556/tools/compiler/bin/../lib/gcc/arm-none-eabi/6.3.1/thumb/v7-m\libgcc.a(_arm_addsubdf3.o)
                0x0800017c                __aeabi_drsub
                0x08000184                __aeabi_dsub
                0x08000184                __subdf3
                0x08000188                __aeabi_dadd
                0x08000188                __adddf3
                0x08000400                __floatunsidf
                0x08000400                __aeabi_ui2d
                0x08000420                __floatsidf
                0x08000420                __aeabi_i2d
                0x08000444                __aeabi_f2d
                0x08000444                __extendsfdf2
                0x08000480                __floatundidf
                0x08000480                __aeabi_ul2d
                0x08000490                __floatdidf
                0x08000490                __aeabi_l2d
 .text          0x080004ec      0x424 d:/ac6/systemworkbench/plugins/fr.ac6.mcu.externaltools.arm-none.win32_1.15.0.201708311556/tools/compiler/bin/../lib/gcc/arm-none-eabi/6.3.1/thumb/v7-m\libgcc.a(_arm_muldivdf3.o)
                0x080004ec                __aeabi_dmul
                0x080004ec                __muldf3
                0x08000740                __divdf3
                0x08000740                __aeabi_ddiv
 .text          0x08000910       0x40 d:/ac6/systemworkbench/plugins/fr.ac6.mcu.externaltools.arm-none.win32_1.15.0.201708311556/tools/compiler/bin/../lib/gcc/arm-none-eabi/6.3.1/thumb/v7-m\libgcc.a(_arm_fixunsdfsi.o)
                0x08000910                __aeabi_d2uiz
                0x08000910                __fixunsdfsi
 .text          0x08000950       0xec d:/ac6/systemworkbench/plugins/fr.ac6.mcu.externaltools.arm-none.win32_1.15.0.201708311556/tools/compiler/bin/../lib/gcc/arm-none-eabi/6.3.1/../../../../arm-none-eabi/lib/thumb/v7-m\libc.a(lib_a-memcpy.o)
                0x08000950                memcpy
 .text          0x08000a3c      0x110 d:/ac6/systemworkbench/plugins/fr.ac6.mcu.externaltools.arm-none.win32_1.15.0.201708311556/tools/compiler/bin/../lib/gcc/arm-none-eabi/6.3.1/thumb/v7-m\libgcc.a(_arm_cmpdf2.o)
                0x08000a3c                __gtdf2
                0x08000a3c                __gedf2
                0x08000a44                __ltdf2
                0x08000a44                __ledf2
                0x08000a4c                __nedf2
                0x08000a4c                __eqdf2
                0x08000a4c                __cmpdf2
                0x08000ac8                __aeabi_cdrcmple
                0x08000ad8                __aeabi_cdcmpeq
                0x08000ad8                __aeabi_cdcmple
                0x08000ae8                __aeabi_dcmpeq
                0x08000afc                __aeabi_dcmplt
                0x08000b10                __aeabi_dcmple
                0x08000b24                __aeabi_dcmpge
                0x08000b38                __aeabi_dcmpgt
 .text          0x08000b4c       0x2c d:/ac6/systemworkbench/plugins/fr.ac6.mcu.externaltools.arm-none.win32_1.15.0.201708311556/tools/compiler/bin/../lib/gcc/arm-none-eabi/6.3.1/thumb/v7-m\libgcc.a(_arm_unorddf2.o)
                0x08000b4c                __unorddf2
                0x08000b4c                __aeabi_dcmpun
 .text          0x08000b78       0x50 d:/ac6/systemworkbench/plugins/fr.ac6.mcu.externaltools.arm-none.win32_1.15.0.201708311556/tools/compiler/bin/../lib/gcc/arm-none-eabi/6.3.1/thumb/v7-m\libgcc.a(_arm_fixdfsi.o)
                0x08000b78                __aeabi_d2iz
                0x08000b78                __fixdfsi
 .text          0x08000bc8       0x30 d:/ac6/systemworkbench/plugins/fr.ac6.mcu.externaltools.arm-none.win32_1.15.0.201708311556/tools/compiler/bin/../lib/gcc/arm-none-eabi/6.3.1/thumb/v7-m\libgcc.a(_aeabi_uldivmod.o)
                0x08000bc8                __aeabi_uldivmod
 .text          0x08000bf8      0x2dc d:/ac6/systemworkbench/plugins/fr.ac6.mcu.externaltools.arm-none.win32_1.15.0.201708311556/tools/compiler/bin/../lib/gcc/arm-none-eabi/6.3.1/thumb/v7-m\libgcc.a(_udivmoddi4.o)
                0x08000bf8                __udivmoddi4
 .text          0x08000ed4        0x4 d:/ac6/systemworkbench/plugins/fr.ac6.mcu.externaltools.arm-none.win32_1.15.0.201708311556/tools/compiler/bin/../lib/gcc/arm-none-eabi/6.3.1/thumb/v7-m\libgcc.a(_dvmd_tls.o)
                0x08000ed4                __aeabi_idiv0
                0x08000ed4                __aeabi_ldiv0
 *(.text*)
 .text.ADC_Init
                0x08000ed8       0xa4 StdPeriph_Driver/src/stm32f10x_adc.o
                0x08000ed8                ADC_Init
 .text.ADC_StructInit
                0x08000f7c       0x36 StdPeriph_Driver/src/stm32f10x_adc.o
                0x08000f7c                ADC_StructInit
 .text.ADC_Cmd  0x08000fb2       0x36 StdPeriph_Driver/src/stm32f10x_adc.o
                0x08000fb2                ADC_Cmd
 .text.ADC_ResetCalibration
                0x08000fe8       0x1e StdPeriph_Driver/src/stm32f10x_adc.o
                0x08000fe8                ADC_ResetCalibration
 .text.ADC_GetResetCalibrationStatus
                0x08001006       0x2e StdPeriph_Driver/src/stm32f10x_adc.o
                0x08001006                ADC_GetResetCalibrationStatus
 .text.ADC_StartCalibration
                0x08001034       0x1e StdPeriph_Driver/src/stm32f10x_adc.o
                0x08001034                ADC_StartCalibration
 .text.ADC_GetCalibrationStatus
                0x08001052       0x2e StdPeriph_Driver/src/stm32f10x_adc.o
                0x08001052                ADC_GetCalibrationStatus
 .text.BKP_DeInit
                0x08001080       0x14 StdPeriph_Driver/src/stm32f10x_bkp.o
                0x08001080                BKP_DeInit
 .text.BKP_WriteBackupRegister
                0x08001094       0x38 StdPeriph_Driver/src/stm32f10x_bkp.o
                0x08001094                BKP_WriteBackupRegister
 .text.BKP_ReadBackupRegister
                0x080010cc       0x30 StdPeriph_Driver/src/stm32f10x_bkp.o
                0x080010cc                BKP_ReadBackupRegister
 .text.FLASH_SetLatency
                0x080010fc       0x38 StdPeriph_Driver/src/stm32f10x_flash.o
                0x080010fc                FLASH_SetLatency
 .text.FLASH_PrefetchBufferCmd
                0x08001134       0x30 StdPeriph_Driver/src/stm32f10x_flash.o
                0x08001134                FLASH_PrefetchBufferCmd
 .text.GPIO_Init
                0x08001164      0x178 StdPeriph_Driver/src/stm32f10x_gpio.o
                0x08001164                GPIO_Init
 .text.GPIO_StructInit
                0x080012dc       0x26 StdPeriph_Driver/src/stm32f10x_gpio.o
                0x080012dc                GPIO_StructInit
 .text.GPIO_ReadOutputDataBit
                0x08001302       0x32 StdPeriph_Driver/src/stm32f10x_gpio.o
                0x08001302                GPIO_ReadOutputDataBit
 .text.GPIO_SetBits
                0x08001334       0x1c StdPeriph_Driver/src/stm32f10x_gpio.o
                0x08001334                GPIO_SetBits
 .text.GPIO_ResetBits
                0x08001350       0x1c StdPeriph_Driver/src/stm32f10x_gpio.o
                0x08001350                GPIO_ResetBits
 .text.I2C_DeInit
                0x0800136c       0x48 StdPeriph_Driver/src/stm32f10x_i2c.o
                0x0800136c                I2C_DeInit
 .text.I2C_Init
                0x080013b4      0x184 StdPeriph_Driver/src/stm32f10x_i2c.o
                0x080013b4                I2C_Init
 .text.I2C_StructInit
                0x08001538       0x3c StdPeriph_Driver/src/stm32f10x_i2c.o
                0x08001538                I2C_StructInit
 .text.I2C_Cmd  0x08001574       0x3e StdPeriph_Driver/src/stm32f10x_i2c.o
                0x08001574                I2C_Cmd
 .text.I2C_GenerateSTART
                0x080015b2       0x3e StdPeriph_Driver/src/stm32f10x_i2c.o
                0x080015b2                I2C_GenerateSTART
 .text.I2C_GenerateSTOP
                0x080015f0       0x3e StdPeriph_Driver/src/stm32f10x_i2c.o
                0x080015f0                I2C_GenerateSTOP
 .text.I2C_ReceiveData
                0x0800162e       0x1a StdPeriph_Driver/src/stm32f10x_i2c.o
                0x0800162e                I2C_ReceiveData
 .text.I2C_Send7bitAddress
                0x08001648       0x3a StdPeriph_Driver/src/stm32f10x_i2c.o
                0x08001648                I2C_Send7bitAddress
 .text.I2C_CheckEvent
                0x08001682       0x5e StdPeriph_Driver/src/stm32f10x_i2c.o
                0x08001682                I2C_CheckEvent
 .text.I2C_GetFlagStatus
                0x080016e0       0x64 StdPeriph_Driver/src/stm32f10x_i2c.o
                0x080016e0                I2C_GetFlagStatus
 .text.PWR_BackupAccessCmd
                0x08001744       0x20 StdPeriph_Driver/src/stm32f10x_pwr.o
                0x08001744                PWR_BackupAccessCmd
 .text.RCC_DeInit
                0x08001764       0x5c StdPeriph_Driver/src/stm32f10x_rcc.o
                0x08001764                RCC_DeInit
 .text.RCC_HSEConfig
                0x080017c0       0x5c StdPeriph_Driver/src/stm32f10x_rcc.o
                0x080017c0                RCC_HSEConfig
 .text.RCC_WaitForHSEStartUp
                0x0800181c       0x50 StdPeriph_Driver/src/stm32f10x_rcc.o
                0x0800181c                RCC_WaitForHSEStartUp
 .text.RCC_PLLConfig
                0x0800186c       0x3c StdPeriph_Driver/src/stm32f10x_rcc.o
                0x0800186c                RCC_PLLConfig
 .text.RCC_PLLCmd
                0x080018a8       0x20 StdPeriph_Driver/src/stm32f10x_rcc.o
                0x080018a8                RCC_PLLCmd
 .text.RCC_SYSCLKConfig
                0x080018c8       0x38 StdPeriph_Driver/src/stm32f10x_rcc.o
                0x080018c8                RCC_SYSCLKConfig
 .text.RCC_GetSYSCLKSource
                0x08001900       0x1c StdPeriph_Driver/src/stm32f10x_rcc.o
                0x08001900                RCC_GetSYSCLKSource
 .text.RCC_HCLKConfig
                0x0800191c       0x38 StdPeriph_Driver/src/stm32f10x_rcc.o
                0x0800191c                RCC_HCLKConfig
 .text.RCC_PCLK1Config
                0x08001954       0x38 StdPeriph_Driver/src/stm32f10x_rcc.o
                0x08001954                RCC_PCLK1Config
 .text.RCC_PCLK2Config
                0x0800198c       0x38 StdPeriph_Driver/src/stm32f10x_rcc.o
                0x0800198c                RCC_PCLK2Config
 .text.RCC_ADCCLKConfig
                0x080019c4       0x38 StdPeriph_Driver/src/stm32f10x_rcc.o
                0x080019c4                RCC_ADCCLKConfig
 .text.RCC_LSEConfig
                0x080019fc       0x40 StdPeriph_Driver/src/stm32f10x_rcc.o
                0x080019fc                RCC_LSEConfig
 .text.RCC_RTCCLKConfig
                0x08001a3c       0x24 StdPeriph_Driver/src/stm32f10x_rcc.o
                0x08001a3c                RCC_RTCCLKConfig
 .text.RCC_RTCCLKCmd
                0x08001a60       0x20 StdPeriph_Driver/src/stm32f10x_rcc.o
                0x08001a60                RCC_RTCCLKCmd
 .text.RCC_GetClocksFreq
                0x08001a80      0x160 StdPeriph_Driver/src/stm32f10x_rcc.o
                0x08001a80                RCC_GetClocksFreq
 .text.RCC_APB2PeriphClockCmd
                0x08001be0       0x3c StdPeriph_Driver/src/stm32f10x_rcc.o
                0x08001be0                RCC_APB2PeriphClockCmd
 .text.RCC_APB1PeriphClockCmd
                0x08001c1c       0x3c StdPeriph_Driver/src/stm32f10x_rcc.o
                0x08001c1c                RCC_APB1PeriphClockCmd
 .text.RCC_APB1PeriphResetCmd
                0x08001c58       0x3c StdPeriph_Driver/src/stm32f10x_rcc.o
                0x08001c58                RCC_APB1PeriphResetCmd
 .text.RCC_BackupResetCmd
                0x08001c94       0x20 StdPeriph_Driver/src/stm32f10x_rcc.o
                0x08001c94                RCC_BackupResetCmd
 .text.RCC_GetFlagStatus
                0x08001cb4       0x74 StdPeriph_Driver/src/stm32f10x_rcc.o
                0x08001cb4                RCC_GetFlagStatus
 .text.RTC_EnterConfigMode
                0x08001d28       0x20 StdPeriph_Driver/src/stm32f10x_rtc.o
                0x08001d28                RTC_EnterConfigMode
 .text.RTC_ExitConfigMode
                0x08001d48       0x20 StdPeriph_Driver/src/stm32f10x_rtc.o
                0x08001d48                RTC_ExitConfigMode
 .text.RTC_GetCounter
                0x08001d68       0x2c StdPeriph_Driver/src/stm32f10x_rtc.o
                0x08001d68                RTC_GetCounter
 .text.RTC_SetCounter
                0x08001d94       0x30 StdPeriph_Driver/src/stm32f10x_rtc.o
                0x08001d94                RTC_SetCounter
 .text.RTC_SetPrescaler
                0x08001dc4       0x34 StdPeriph_Driver/src/stm32f10x_rtc.o
                0x08001dc4                RTC_SetPrescaler
 .text.RTC_WaitForLastTask
                0x08001df8       0x20 StdPeriph_Driver/src/stm32f10x_rtc.o
                0x08001df8                RTC_WaitForLastTask
 .text.RTC_WaitForSynchro
                0x08001e18       0x30 StdPeriph_Driver/src/stm32f10x_rtc.o
                0x08001e18                RTC_WaitForSynchro
 .text.RTC_GetITStatus
                0x08001e48       0x50 StdPeriph_Driver/src/stm32f10x_rtc.o
                0x08001e48                RTC_GetITStatus
 .text.RTC_ClearITPendingBit
                0x08001e98       0x2c StdPeriph_Driver/src/stm32f10x_rtc.o
                0x08001e98                RTC_ClearITPendingBit
 .text.TIM_GetITStatus
                0x08001ec4       0x52 StdPeriph_Driver/src/stm32f10x_tim.o
                0x08001ec4                TIM_GetITStatus
 .text.TIM_ClearITPendingBit
                0x08001f16       0x20 StdPeriph_Driver/src/stm32f10x_tim.o
                0x08001f16                TIM_ClearITPendingBit
 *fill*         0x08001f36        0x2 
 .text.USART_Init
                0x08001f38      0x174 StdPeriph_Driver/src/stm32f10x_usart.o
                0x08001f38                USART_Init
 .text.USART_Cmd
                0x080020ac       0x3e StdPeriph_Driver/src/stm32f10x_usart.o
                0x080020ac                USART_Cmd
 .text.USART_SendData
                0x080020ea       0x22 StdPeriph_Driver/src/stm32f10x_usart.o
                0x080020ea                USART_SendData
 .text.USART_GetFlagStatus
                0x0800210c       0x36 StdPeriph_Driver/src/stm32f10x_usart.o
                0x0800210c                USART_GetFlagStatus
 *fill*         0x08002142        0x2 
 .text.GPIO_Config
                0x08002144       0x2c src/BSP.o
                0x08002144                GPIO_Config
 .text.BSP_GetTemp
                0x08002170       0x88 src/BSP.o
                0x08002170                BSP_GetTemp
 .text.ADC1_Config
                0x080021f8       0x78 src/Driver_ADC.o
                0x080021f8                ADC1_Config
 .text.NVIC_SetPriority
                0x08002270       0x54 src/Driver_Core.o
 .text.SysTick_Config
                0x080022c4       0x44 src/Driver_Core.o
 .text.RCC_Config
                0x08002308       0xb4 src/Driver_Core.o
                0x08002308                RCC_Config
 .text.RTC_Config
                0x080023bc       0x5a src/Driver_Core.o
                0x080023bc                RTC_Config
 *fill*         0x08002416        0x2 
 .text.I2C1_Config
                0x08002418       0x7c src/Driver_I2C.o
                0x08002418                I2C1_Config
 .text.I2C1_Byte_Read
                0x08002494       0x90 src/Driver_I2C.o
                0x08002494                I2C1_Byte_Read
 .text.RTC_IRQHandler
                0x08002524       0x22 src/Driver_NVIC.o
                0x08002524                RTC_IRQHandler
 *fill*         0x08002546        0x2 
 .text.TIM2_IRQHandler
                0x08002548       0x48 src/Driver_NVIC.o
                0x08002548                TIM2_IRQHandler
 .text.TIM4_IRQHandler
                0x08002590       0x48 src/Driver_NVIC.o
                0x08002590                TIM4_IRQHandler
 .text.__io_putchar
                0x080025d8       0x1c src/Driver_UART.o
                0x080025d8                __io_putchar
 .text.USART1_Config
                0x080025f4       0x78 src/Driver_UART.o
                0x080025f4                USART1_Config
 .text.USART1_Send_Char
                0x0800266c       0x34 src/Driver_UART.o
                0x0800266c                USART1_Send_Char
 .text.Clock_Init
                0x080026a0       0x3c src/Func_Clock.o
                0x080026a0                Clock_Init
 .text.Time_Set
                0x080026dc       0x3c src/Func_Clock.o
                0x080026dc                Time_Set
 .text.BSP_Time_Display
                0x08002718       0x94 src/Func_Clock.o
                0x08002718                BSP_Time_Display
 .text.SysTick_Handler
                0x080027ac       0x24 src/Utility.o
                0x080027ac                SysTick_Handler
 .text.delay_ms
                0x080027d0       0x28 src/Utility.o
                0x080027d0                delay_ms
 .text.main     0x080027f8       0x4c src/main.o
                0x080027f8                main
 .text._read    0x08002844       0x3a src/syscalls.o
                0x08002844                _read
 .text._write   0x0800287e       0x38 src/syscalls.o
                0x0800287e                _write
 *fill*         0x080028b6        0x2 
 .text._sbrk    0x080028b8       0x58 src/syscalls.o
                0x080028b8                _sbrk
 .text._close   0x08002910       0x16 src/syscalls.o
                0x08002910                _close
 .text._fstat   0x08002926       0x1e src/syscalls.o
                0x08002926                _fstat
 .text._isatty  0x08002944       0x14 src/syscalls.o
                0x08002944                _isatty
 .text._lseek   0x08002958       0x18 src/syscalls.o
                0x08002958                _lseek
 .text.Reset_Handler
                0x08002970       0x40 startup/startup_stm32f10x_md.o
                0x08002970                Reset_Handler
 .text.Default_Handler
                0x080029b0        0x2 startup/startup_stm32f10x_md.o
                0x080029b0                EXTI2_IRQHandler
                0x080029b0                DebugMon_Handler
                0x080029b0                TIM1_CC_IRQHandler
                0x080029b0                HardFault_Handler
                0x080029b0                PVD_IRQHandler
                0x080029b0                PendSV_Handler
                0x080029b0                NMI_Handler
                0x080029b0                EXTI3_IRQHandler
                0x080029b0                EXTI0_IRQHandler
                0x080029b0                I2C2_EV_IRQHandler
                0x080029b0                UsageFault_Handler
                0x080029b0                ADC1_2_IRQHandler
                0x080029b0                SPI1_IRQHandler
                0x080029b0                TAMPER_IRQHandler
                0x080029b0                DMA1_Channel4_IRQHandler
                0x080029b0                USART3_IRQHandler
                0x080029b0                DMA1_Channel7_IRQHandler
                0x080029b0                CAN1_RX1_IRQHandler
                0x080029b0                I2C1_EV_IRQHandler
                0x080029b0                DMA1_Channel6_IRQHandler
                0x080029b0                TIM3_IRQHandler
                0x080029b0                RCC_IRQHandler
                0x080029b0                TIM1_TRG_COM_IRQHandler
                0x080029b0                DMA1_Channel1_IRQHandler
                0x080029b0                Default_Handler
                0x080029b0                EXTI15_10_IRQHandler
                0x080029b0                EXTI9_5_IRQHandler
                0x080029b0                SPI2_IRQHandler
                0x080029b0                MemManage_Handler
                0x080029b0                SVC_Handler
                0x080029b0                DMA1_Channel5_IRQHandler
                0x080029b0                EXTI4_IRQHandler
                0x080029b0                USB_LP_CAN1_RX0_IRQHandler
                0x080029b0                USB_HP_CAN1_TX_IRQHandler
                0x080029b0                DMA1_Channel3_IRQHandler
                0x080029b0                TIM1_UP_IRQHandler
                0x080029b0                WWDG_IRQHandler
                0x080029b0                TIM1_BRK_IRQHandler
                0x080029b0                EXTI1_IRQHandler
                0x080029b0                RTCAlarm_IRQHandler
                0x080029b0                USART2_IRQHandler
                0x080029b0                I2C2_ER_IRQHandler
                0x080029b0                DMA1_Channel2_IRQHandler
                0x080029b0                CAN1_SCE_IRQHandler
                0x080029b0                FLASH_IRQHandler
                0x080029b0                BusFault_Handler
                0x080029b0                USART1_IRQHandler
                0x080029b0                I2C1_ER_IRQHandler
                0x080029b0                USBWakeUp_IRQHandler
 *fill*         0x080029b2        0x2 
 .text.__errno  0x080029b4        0xc d:/ac6/systemworkbench/plugins/fr.ac6.mcu.externaltools.arm-none.win32_1.15.0.201708311556/tools/compiler/bin/../lib/gcc/arm-none-eabi/6.3.1/../../../../arm-none-eabi/lib/thumb/v7-m\libc.a(lib_a-errno.o)
                0x080029b4                __errno
 .text.memset   0x080029c0       0x9c d:/ac6/systemworkbench/plugins/fr.ac6.mcu.externaltools.arm-none.win32_1.15.0.201708311556/tools/compiler/bin/../lib/gcc/arm-none-eabi/6.3.1/../../../../arm-none-eabi/lib/thumb/v7-m\libc.a(lib_a-memset.o)
                0x080029c0                memset
 .text.printf   0x08002a5c       0x28 d:/ac6/systemworkbench/plugins/fr.ac6.mcu.externaltools.arm-none.win32_1.15.0.201708311556/tools/compiler/bin/../lib/gcc/arm-none-eabi/6.3.1/../../../../arm-none-eabi/lib/thumb/v7-m\libc.a(lib_a-printf.o)
                0x08002a5c                printf
 .text._vfprintf_r
                0x08002a84     0x15e8 d:/ac6/systemworkbench/plugins/fr.ac6.mcu.externaltools.arm-none.win32_1.15.0.201708311556/tools/compiler/bin/../lib/gcc/arm-none-eabi/6.3.1/../../../../arm-none-eabi/lib/thumb/v7-m\libc.a(lib_a-vfprintf.o)
                0x08002a84                _vfprintf_r
 .text.__sbprintf
                0x0800406c       0x88 d:/ac6/systemworkbench/plugins/fr.ac6.mcu.externaltools.arm-none.win32_1.15.0.201708311556/tools/compiler/bin/../lib/gcc/arm-none-eabi/6.3.1/../../../../arm-none-eabi/lib/thumb/v7-m\libc.a(lib_a-vfprintf.o)
 .text.__swsetup_r
                0x080040f4       0xc8 d:/ac6/systemworkbench/plugins/fr.ac6.mcu.externaltools.arm-none.win32_1.15.0.201708311556/tools/compiler/bin/../lib/gcc/arm-none-eabi/6.3.1/../../../../arm-none-eabi/lib/thumb/v7-m\libc.a(lib_a-wsetup.o)
                0x080040f4                __swsetup_r
 .text.startup.register_fini
                0x080041bc       0x14 d:/ac6/systemworkbench/plugins/fr.ac6.mcu.externaltools.arm-none.win32_1.15.0.201708311556/tools/compiler/bin/../lib/gcc/arm-none-eabi/6.3.1/../../../../arm-none-eabi/lib/thumb/v7-m\libc.a(lib_a-__call_atexit.o)
 .text.atexit   0x080041d0        0xc d:/ac6/systemworkbench/plugins/fr.ac6.mcu.externaltools.arm-none.win32_1.15.0.201708311556/tools/compiler/bin/../lib/gcc/arm-none-eabi/6.3.1/../../../../arm-none-eabi/lib/thumb/v7-m\libc.a(lib_a-atexit.o)
                0x080041d0                atexit
 .text.quorem   0x080041dc      0x128 d:/ac6/systemworkbench/plugins/fr.ac6.mcu.externaltools.arm-none.win32_1.15.0.201708311556/tools/compiler/bin/../lib/gcc/arm-none-eabi/6.3.1/../../../../arm-none-eabi/lib/thumb/v7-m\libc.a(lib_a-dtoa.o)
 *fill*         0x08004304        0x4 
 .text._dtoa_r  0x08004308      0xe44 d:/ac6/systemworkbench/plugins/fr.ac6.mcu.externaltools.arm-none.win32_1.15.0.201708311556/tools/compiler/bin/../lib/gcc/arm-none-eabi/6.3.1/../../../../arm-none-eabi/lib/thumb/v7-m\libc.a(lib_a-dtoa.o)
                0x08004308                _dtoa_r
 .text.__sflush_r
                0x0800514c      0x138 d:/ac6/systemworkbench/plugins/fr.ac6.mcu.externaltools.arm-none.win32_1.15.0.201708311556/tools/compiler/bin/../lib/gcc/arm-none-eabi/6.3.1/../../../../arm-none-eabi/lib/thumb/v7-m\libc.a(lib_a-fflush.o)
                0x0800514c                __sflush_r
 .text._fflush_r
                0x08005284       0x54 d:/ac6/systemworkbench/plugins/fr.ac6.mcu.externaltools.arm-none.win32_1.15.0.201708311556/tools/compiler/bin/../lib/gcc/arm-none-eabi/6.3.1/../../../../arm-none-eabi/lib/thumb/v7-m\libc.a(lib_a-fflush.o)
                0x08005284                _fflush_r
 .text._cleanup_r
                0x080052d8        0xc d:/ac6/systemworkbench/plugins/fr.ac6.mcu.externaltools.arm-none.win32_1.15.0.201708311556/tools/compiler/bin/../lib/gcc/arm-none-eabi/6.3.1/../../../../arm-none-eabi/lib/thumb/v7-m\libc.a(lib_a-findfp.o)
                0x080052d8                _cleanup_r
 .text.std.isra.0
                0x080052e4       0x50 d:/ac6/systemworkbench/plugins/fr.ac6.mcu.externaltools.arm-none.win32_1.15.0.201708311556/tools/compiler/bin/../lib/gcc/arm-none-eabi/6.3.1/../../../../arm-none-eabi/lib/thumb/v7-m\libc.a(lib_a-findfp.o)
 .text.__sinit  0x08005334       0x60 d:/ac6/systemworkbench/plugins/fr.ac6.mcu.externaltools.arm-none.win32_1.15.0.201708311556/tools/compiler/bin/../lib/gcc/arm-none-eabi/6.3.1/../../../../arm-none-eabi/lib/thumb/v7-m\libc.a(lib_a-findfp.o)
                0x08005334                __sinit
 .text.__sfp_lock_acquire
                0x08005394        0xc d:/ac6/systemworkbench/plugins/fr.ac6.mcu.externaltools.arm-none.win32_1.15.0.201708311556/tools/compiler/bin/../lib/gcc/arm-none-eabi/6.3.1/../../../../arm-none-eabi/lib/thumb/v7-m\libc.a(lib_a-findfp.o)
                0x08005394                __sfp_lock_acquire
 .text.__sfp_lock_release
                0x080053a0        0xc d:/ac6/systemworkbench/plugins/fr.ac6.mcu.externaltools.arm-none.win32_1.15.0.201708311556/tools/compiler/bin/../lib/gcc/arm-none-eabi/6.3.1/../../../../arm-none-eabi/lib/thumb/v7-m\libc.a(lib_a-findfp.o)
                0x080053a0                __sfp_lock_release
 .text.__libc_fini_array
                0x080053ac       0x34 d:/ac6/systemworkbench/plugins/fr.ac6.mcu.externaltools.arm-none.win32_1.15.0.201708311556/tools/compiler/bin/../lib/gcc/arm-none-eabi/6.3.1/../../../../arm-none-eabi/lib/thumb/v7-m\libc.a(lib_a-fini.o)
                0x080053ac                __libc_fini_array
 .text._malloc_trim_r
                0x080053e0       0xa0 d:/ac6/systemworkbench/plugins/fr.ac6.mcu.externaltools.arm-none.win32_1.15.0.201708311556/tools/compiler/bin/../lib/gcc/arm-none-eabi/6.3.1/../../../../arm-none-eabi/lib/thumb/v7-m\libc.a(lib_a-freer.o)
                0x080053e0                _malloc_trim_r
 .text._free_r  0x08005480      0x1cc d:/ac6/systemworkbench/plugins/fr.ac6.mcu.externaltools.arm-none.win32_1.15.0.201708311556/tools/compiler/bin/../lib/gcc/arm-none-eabi/6.3.1/../../../../arm-none-eabi/lib/thumb/v7-m\libc.a(lib_a-freer.o)
                0x08005480                _free_r
 .text._fwalk_reent
                0x0800564c       0x50 d:/ac6/systemworkbench/plugins/fr.ac6.mcu.externaltools.arm-none.win32_1.15.0.201708311556/tools/compiler/bin/../lib/gcc/arm-none-eabi/6.3.1/../../../../arm-none-eabi/lib/thumb/v7-m\libc.a(lib_a-fwalk.o)
                0x0800564c                _fwalk_reent
 .text._localeconv_r
                0x0800569c       0x1c d:/ac6/systemworkbench/plugins/fr.ac6.mcu.externaltools.arm-none.win32_1.15.0.201708311556/tools/compiler/bin/../lib/gcc/arm-none-eabi/6.3.1/../../../../arm-none-eabi/lib/thumb/v7-m\libc.a(lib_a-localeconv.o)
                0x0800569c                _localeconv_r
 .text.__retarget_lock_init_recursive
                0x080056b8        0x4 d:/ac6/systemworkbench/plugins/fr.ac6.mcu.externaltools.arm-none.win32_1.15.0.201708311556/tools/compiler/bin/../lib/gcc/arm-none-eabi/6.3.1/../../../../arm-none-eabi/lib/thumb/v7-m\libc.a(lib_a-lock.o)
                0x080056b8                __retarget_lock_init_recursive
 .text.__retarget_lock_close_recursive
                0x080056bc        0x4 d:/ac6/systemworkbench/plugins/fr.ac6.mcu.externaltools.arm-none.win32_1.15.0.201708311556/tools/compiler/bin/../lib/gcc/arm-none-eabi/6.3.1/../../../../arm-none-eabi/lib/thumb/v7-m\libc.a(lib_a-lock.o)
                0x080056bc                __retarget_lock_close_recursive
 .text.__retarget_lock_acquire_recursive
                0x080056c0        0x4 d:/ac6/systemworkbench/plugins/fr.ac6.mcu.externaltools.arm-none.win32_1.15.0.201708311556/tools/compiler/bin/../lib/gcc/arm-none-eabi/6.3.1/../../../../arm-none-eabi/lib/thumb/v7-m\libc.a(lib_a-lock.o)
                0x080056c0                __retarget_lock_acquire_recursive
 .text.__retarget_lock_release_recursive
                0x080056c4        0x4 d:/ac6/systemworkbench/plugins/fr.ac6.mcu.externaltools.arm-none.win32_1.15.0.201708311556/tools/compiler/bin/../lib/gcc/arm-none-eabi/6.3.1/../../../../arm-none-eabi/lib/thumb/v7-m\libc.a(lib_a-lock.o)
                0x080056c4                __retarget_lock_release_recursive
 .text.__swhatbuf_r
                0x080056c8       0x5c d:/ac6/systemworkbench/plugins/fr.ac6.mcu.externaltools.arm-none.win32_1.15.0.201708311556/tools/compiler/bin/../lib/gcc/arm-none-eabi/6.3.1/../../../../arm-none-eabi/lib/thumb/v7-m\libc.a(lib_a-makebuf.o)
                0x080056c8                __swhatbuf_r
 .text.__smakebuf_r
                0x08005724       0x94 d:/ac6/systemworkbench/plugins/fr.ac6.mcu.externaltools.arm-none.win32_1.15.0.201708311556/tools/compiler/bin/../lib/gcc/arm-none-eabi/6.3.1/../../../../arm-none-eabi/lib/thumb/v7-m\libc.a(lib_a-makebuf.o)
                0x08005724                __smakebuf_r
 .text._malloc_r
                0x080057b8      0x544 d:/ac6/systemworkbench/plugins/fr.ac6.mcu.externaltools.arm-none.win32_1.15.0.201708311556/tools/compiler/bin/../lib/gcc/arm-none-eabi/6.3.1/../../../../arm-none-eabi/lib/thumb/v7-m\libc.a(lib_a-mallocr.o)
                0x080057b8                _malloc_r
 .text.memchr   0x08005cfc       0x8c d:/ac6/systemworkbench/plugins/fr.ac6.mcu.externaltools.arm-none.win32_1.15.0.201708311556/tools/compiler/bin/../lib/gcc/arm-none-eabi/6.3.1/../../../../arm-none-eabi/lib/thumb/v7-m\libc.a(lib_a-memchr-stub.o)
                0x08005cfc                memchr
 .text.__malloc_lock
                0x08005d88        0xc d:/ac6/systemworkbench/plugins/fr.ac6.mcu.externaltools.arm-none.win32_1.15.0.201708311556/tools/compiler/bin/../lib/gcc/arm-none-eabi/6.3.1/../../../../arm-none-eabi/lib/thumb/v7-m\libc.a(lib_a-mlock.o)
                0x08005d88                __malloc_lock
 .text.__malloc_unlock
                0x08005d94        0xc d:/ac6/systemworkbench/plugins/fr.ac6.mcu.externaltools.arm-none.win32_1.15.0.201708311556/tools/compiler/bin/../lib/gcc/arm-none-eabi/6.3.1/../../../../arm-none-eabi/lib/thumb/v7-m\libc.a(lib_a-mlock.o)
                0x08005d94                __malloc_unlock
 .text._Balloc  0x08005da0       0x4c d:/ac6/systemworkbench/plugins/fr.ac6.mcu.externaltools.arm-none.win32_1.15.0.201708311556/tools/compiler/bin/../lib/gcc/arm-none-eabi/6.3.1/../../../../arm-none-eabi/lib/thumb/v7-m\libc.a(lib_a-mprec.o)
                0x08005da0                _Balloc
 .text._Bfree   0x08005dec       0x14 d:/ac6/systemworkbench/plugins/fr.ac6.mcu.externaltools.arm-none.win32_1.15.0.201708311556/tools/compiler/bin/../lib/gcc/arm-none-eabi/6.3.1/../../../../arm-none-eabi/lib/thumb/v7-m\libc.a(lib_a-mprec.o)
                0x08005dec                _Bfree
 .text.__multadd
                0x08005e00       0x84 d:/ac6/systemworkbench/plugins/fr.ac6.mcu.externaltools.arm-none.win32_1.15.0.201708311556/tools/compiler/bin/../lib/gcc/arm-none-eabi/6.3.1/../../../../arm-none-eabi/lib/thumb/v7-m\libc.a(lib_a-mprec.o)
                0x08005e00                __multadd
 .text.__hi0bits
                0x08005e84       0x40 d:/ac6/systemworkbench/plugins/fr.ac6.mcu.externaltools.arm-none.win32_1.15.0.201708311556/tools/compiler/bin/../lib/gcc/arm-none-eabi/6.3.1/../../../../arm-none-eabi/lib/thumb/v7-m\libc.a(lib_a-mprec.o)
                0x08005e84                __hi0bits
 .text.__lo0bits
                0x08005ec4       0x60 d:/ac6/systemworkbench/plugins/fr.ac6.mcu.externaltools.arm-none.win32_1.15.0.201708311556/tools/compiler/bin/../lib/gcc/arm-none-eabi/6.3.1/../../../../arm-none-eabi/lib/thumb/v7-m\libc.a(lib_a-mprec.o)
                0x08005ec4                __lo0bits
 .text.__i2b    0x08005f24       0x14 d:/ac6/systemworkbench/plugins/fr.ac6.mcu.externaltools.arm-none.win32_1.15.0.201708311556/tools/compiler/bin/../lib/gcc/arm-none-eabi/6.3.1/../../../../arm-none-eabi/lib/thumb/v7-m\libc.a(lib_a-mprec.o)
                0x08005f24                __i2b
 .text.__multiply
                0x08005f38      0x124 d:/ac6/systemworkbench/plugins/fr.ac6.mcu.externaltools.arm-none.win32_1.15.0.201708311556/tools/compiler/bin/../lib/gcc/arm-none-eabi/6.3.1/../../../../arm-none-eabi/lib/thumb/v7-m\libc.a(lib_a-mprec.o)
                0x08005f38                __multiply
 .text.__pow5mult
                0x0800605c       0xa0 d:/ac6/systemworkbench/plugins/fr.ac6.mcu.externaltools.arm-none.win32_1.15.0.201708311556/tools/compiler/bin/../lib/gcc/arm-none-eabi/6.3.1/../../../../arm-none-eabi/lib/thumb/v7-m\libc.a(lib_a-mprec.o)
                0x0800605c                __pow5mult
 .text.__lshift
                0x080060fc       0xa0 d:/ac6/systemworkbench/plugins/fr.ac6.mcu.externaltools.arm-none.win32_1.15.0.201708311556/tools/compiler/bin/../lib/gcc/arm-none-eabi/6.3.1/../../../../arm-none-eabi/lib/thumb/v7-m\libc.a(lib_a-mprec.o)
                0x080060fc                __lshift
 .text.__mcmp   0x0800619c       0x38 d:/ac6/systemworkbench/plugins/fr.ac6.mcu.externaltools.arm-none.win32_1.15.0.201708311556/tools/compiler/bin/../lib/gcc/arm-none-eabi/6.3.1/../../../../arm-none-eabi/lib/thumb/v7-m\libc.a(lib_a-mprec.o)
                0x0800619c                __mcmp
 .text.__mdiff  0x080061d4      0x11c d:/ac6/systemworkbench/plugins/fr.ac6.mcu.externaltools.arm-none.win32_1.15.0.201708311556/tools/compiler/bin/../lib/gcc/arm-none-eabi/6.3.1/../../../../arm-none-eabi/lib/thumb/v7-m\libc.a(lib_a-mprec.o)
                0x080061d4                __mdiff
 .text.__d2b    0x080062f0       0xa8 d:/ac6/systemworkbench/plugins/fr.ac6.mcu.externaltools.arm-none.win32_1.15.0.201708311556/tools/compiler/bin/../lib/gcc/arm-none-eabi/6.3.1/../../../../arm-none-eabi/lib/thumb/v7-m\libc.a(lib_a-mprec.o)
                0x080062f0                __d2b
 .text._sbrk_r  0x08006398       0x24 d:/ac6/systemworkbench/plugins/fr.ac6.mcu.externaltools.arm-none.win32_1.15.0.201708311556/tools/compiler/bin/../lib/gcc/arm-none-eabi/6.3.1/../../../../arm-none-eabi/lib/thumb/v7-m\libc.a(lib_a-sbrkr.o)
                0x08006398                _sbrk_r
 .text.__sread  0x080063bc       0x24 d:/ac6/systemworkbench/plugins/fr.ac6.mcu.externaltools.arm-none.win32_1.15.0.201708311556/tools/compiler/bin/../lib/gcc/arm-none-eabi/6.3.1/../../../../arm-none-eabi/lib/thumb/v7-m\libc.a(lib_a-stdio.o)
                0x080063bc                __sread
 .text.__swrite
                0x080063e0       0x3c d:/ac6/systemworkbench/plugins/fr.ac6.mcu.externaltools.arm-none.win32_1.15.0.201708311556/tools/compiler/bin/../lib/gcc/arm-none-eabi/6.3.1/../../../../arm-none-eabi/lib/thumb/v7-m\libc.a(lib_a-stdio.o)
                0x080063e0                __swrite
 .text.__sseek  0x0800641c       0x20 d:/ac6/systemworkbench/plugins/fr.ac6.mcu.externaltools.arm-none.win32_1.15.0.201708311556/tools/compiler/bin/../lib/gcc/arm-none-eabi/6.3.1/../../../../arm-none-eabi/lib/thumb/v7-m\libc.a(lib_a-stdio.o)
                0x0800641c                __sseek
 .text.__sclose
                0x0800643c        0x8 d:/ac6/systemworkbench/plugins/fr.ac6.mcu.externaltools.arm-none.win32_1.15.0.201708311556/tools/compiler/bin/../lib/gcc/arm-none-eabi/6.3.1/../../../../arm-none-eabi/lib/thumb/v7-m\libc.a(lib_a-stdio.o)
                0x0800643c                __sclose
 .text.strlen   0x08006444       0x5c d:/ac6/systemworkbench/plugins/fr.ac6.mcu.externaltools.arm-none.win32_1.15.0.201708311556/tools/compiler/bin/../lib/gcc/arm-none-eabi/6.3.1/../../../../arm-none-eabi/lib/thumb/v7-m\libc.a(lib_a-strlen-stub.o)
                0x08006444                strlen
 .text.__sprint_r.part.0
                0x080064a0       0x80 d:/ac6/systemworkbench/plugins/fr.ac6.mcu.externaltools.arm-none.win32_1.15.0.201708311556/tools/compiler/bin/../lib/gcc/arm-none-eabi/6.3.1/../../../../arm-none-eabi/lib/thumb/v7-m\libc.a(lib_a-vfiprintf.o)
 .text.__sprint_r
                0x08006520       0x14 d:/ac6/systemworkbench/plugins/fr.ac6.mcu.externaltools.arm-none.win32_1.15.0.201708311556/tools/compiler/bin/../lib/gcc/arm-none-eabi/6.3.1/../../../../arm-none-eabi/lib/thumb/v7-m\libc.a(lib_a-vfiprintf.o)
                0x08006520                __sprint_r
 .text._write_r
                0x08006534       0x2c d:/ac6/systemworkbench/plugins/fr.ac6.mcu.externaltools.arm-none.win32_1.15.0.201708311556/tools/compiler/bin/../lib/gcc/arm-none-eabi/6.3.1/../../../../arm-none-eabi/lib/thumb/v7-m\libc.a(lib_a-writer.o)
                0x08006534                _write_r
 .text.__register_exitproc
                0x08006560       0xc4 d:/ac6/systemworkbench/plugins/fr.ac6.mcu.externaltools.arm-none.win32_1.15.0.201708311556/tools/compiler/bin/../lib/gcc/arm-none-eabi/6.3.1/../../../../arm-none-eabi/lib/thumb/v7-m\libc.a(lib_a-__atexit.o)
                0x08006560                __register_exitproc
 .text._calloc_r
                0x08006624       0x60 d:/ac6/systemworkbench/plugins/fr.ac6.mcu.externaltools.arm-none.win32_1.15.0.201708311556/tools/compiler/bin/../lib/gcc/arm-none-eabi/6.3.1/../../../../arm-none-eabi/lib/thumb/v7-m\libc.a(lib_a-callocr.o)
                0x08006624                _calloc_r
 .text._close_r
                0x08006684       0x24 d:/ac6/systemworkbench/plugins/fr.ac6.mcu.externaltools.arm-none.win32_1.15.0.201708311556/tools/compiler/bin/../lib/gcc/arm-none-eabi/6.3.1/../../../../arm-none-eabi/lib/thumb/v7-m\libc.a(lib_a-closer.o)
                0x08006684                _close_r
 .text._fclose_r
                0x080066a8       0xc4 d:/ac6/systemworkbench/plugins/fr.ac6.mcu.externaltools.arm-none.win32_1.15.0.201708311556/tools/compiler/bin/../lib/gcc/arm-none-eabi/6.3.1/../../../../arm-none-eabi/lib/thumb/v7-m\libc.a(lib_a-fclose.o)
                0x080066a8                _fclose_r
 .text.__fputwc
                0x0800676c       0x98 d:/ac6/systemworkbench/plugins/fr.ac6.mcu.externaltools.arm-none.win32_1.15.0.201708311556/tools/compiler/bin/../lib/gcc/arm-none-eabi/6.3.1/../../../../arm-none-eabi/lib/thumb/v7-m\libc.a(lib_a-fputwc.o)
                0x0800676c                __fputwc
 .text._fputwc_r
                0x08006804       0x68 d:/ac6/systemworkbench/plugins/fr.ac6.mcu.externaltools.arm-none.win32_1.15.0.201708311556/tools/compiler/bin/../lib/gcc/arm-none-eabi/6.3.1/../../../../arm-none-eabi/lib/thumb/v7-m\libc.a(lib_a-fputwc.o)
                0x08006804                _fputwc_r
 .text._fstat_r
                0x0800686c       0x28 d:/ac6/systemworkbench/plugins/fr.ac6.mcu.externaltools.arm-none.win32_1.15.0.201708311556/tools/compiler/bin/../lib/gcc/arm-none-eabi/6.3.1/../../../../arm-none-eabi/lib/thumb/v7-m\libc.a(lib_a-fstatr.o)
                0x0800686c                _fstat_r
 .text.__sfvwrite_r
                0x08006894      0x2f4 d:/ac6/systemworkbench/plugins/fr.ac6.mcu.externaltools.arm-none.win32_1.15.0.201708311556/tools/compiler/bin/../lib/gcc/arm-none-eabi/6.3.1/../../../../arm-none-eabi/lib/thumb/v7-m\libc.a(lib_a-fvwrite.o)
                0x08006894                __sfvwrite_r
 .text._isatty_r
                0x08006b88       0x24 d:/ac6/systemworkbench/plugins/fr.ac6.mcu.externaltools.arm-none.win32_1.15.0.201708311556/tools/compiler/bin/../lib/gcc/arm-none-eabi/6.3.1/../../../../arm-none-eabi/lib/thumb/v7-m\libc.a(lib_a-isattyr.o)
                0x08006b88                _isatty_r
 .text.__locale_mb_cur_max
                0x08006bac       0x1c d:/ac6/systemworkbench/plugins/fr.ac6.mcu.externaltools.arm-none.win32_1.15.0.201708311556/tools/compiler/bin/../lib/gcc/arm-none-eabi/6.3.1/../../../../arm-none-eabi/lib/thumb/v7-m\libc.a(lib_a-locale.o)
                0x08006bac                __locale_mb_cur_max
 .text._lseek_r
                0x08006bc8       0x2c d:/ac6/systemworkbench/plugins/fr.ac6.mcu.externaltools.arm-none.win32_1.15.0.201708311556/tools/compiler/bin/../lib/gcc/arm-none-eabi/6.3.1/../../../../arm-none-eabi/lib/thumb/v7-m\libc.a(lib_a-lseekr.o)
                0x08006bc8                _lseek_r
 .text.__ascii_mbtowc
                0x08006bf4       0x2c d:/ac6/systemworkbench/plugins/fr.ac6.mcu.externaltools.arm-none.win32_1.15.0.201708311556/tools/compiler/bin/../lib/gcc/arm-none-eabi/6.3.1/../../../../arm-none-eabi/lib/thumb/v7-m\libc.a(lib_a-mbtowc_r.o)
                0x08006bf4                __ascii_mbtowc
 .text.memmove  0x08006c20       0xc8 d:/ac6/systemworkbench/plugins/fr.ac6.mcu.externaltools.arm-none.win32_1.15.0.201708311556/tools/compiler/bin/../lib/gcc/arm-none-eabi/6.3.1/../../../../arm-none-eabi/lib/thumb/v7-m\libc.a(lib_a-memmove.o)
                0x08006c20                memmove
 .text._read_r  0x08006ce8       0x2c d:/ac6/systemworkbench/plugins/fr.ac6.mcu.externaltools.arm-none.win32_1.15.0.201708311556/tools/compiler/bin/../lib/gcc/arm-none-eabi/6.3.1/../../../../arm-none-eabi/lib/thumb/v7-m\libc.a(lib_a-readr.o)
                0x08006ce8                _read_r
 .text._realloc_r
                0x08006d14      0x36c d:/ac6/systemworkbench/plugins/fr.ac6.mcu.externaltools.arm-none.win32_1.15.0.201708311556/tools/compiler/bin/../lib/gcc/arm-none-eabi/6.3.1/../../../../arm-none-eabi/lib/thumb/v7-m\libc.a(lib_a-reallocr.o)
                0x08006d14                _realloc_r
 .text.__swbuf_r
                0x08007080       0xb0 d:/ac6/systemworkbench/plugins/fr.ac6.mcu.externaltools.arm-none.win32_1.15.0.201708311556/tools/compiler/bin/../lib/gcc/arm-none-eabi/6.3.1/../../../../arm-none-eabi/lib/thumb/v7-m\libc.a(lib_a-wbuf.o)
                0x08007080                __swbuf_r
 .text._wcrtomb_r
                0x08007130       0x54 d:/ac6/systemworkbench/plugins/fr.ac6.mcu.externaltools.arm-none.win32_1.15.0.201708311556/tools/compiler/bin/../lib/gcc/arm-none-eabi/6.3.1/../../../../arm-none-eabi/lib/thumb/v7-m\libc.a(lib_a-wcrtomb.o)
                0x08007130                _wcrtomb_r
 .text.__ascii_wctomb
                0x08007184       0x18 d:/ac6/systemworkbench/plugins/fr.ac6.mcu.externaltools.arm-none.win32_1.15.0.201708311556/tools/compiler/bin/../lib/gcc/arm-none-eabi/6.3.1/../../../../arm-none-eabi/lib/thumb/v7-m\libc.a(lib_a-wctomb_r.o)
                0x08007184                __ascii_wctomb
 *(.glue_7)
 .glue_7        0x0800719c        0x0 linker stubs
 *(.glue_7t)
 .glue_7t       0x0800719c        0x0 linker stubs
 *(.eh_frame)
 .eh_frame      0x0800719c        0x0 d:/ac6/systemworkbench/plugins/fr.ac6.mcu.externaltools.arm-none.win32_1.15.0.201708311556/tools/compiler/bin/../lib/gcc/arm-none-eabi/6.3.1/thumb/v7-m/crtbegin.o
 *(.init)
 .init          0x0800719c        0x4 d:/ac6/systemworkbench/plugins/fr.ac6.mcu.externaltools.arm-none.win32_1.15.0.201708311556/tools/compiler/bin/../lib/gcc/arm-none-eabi/6.3.1/thumb/v7-m/crti.o
                0x0800719c                _init
 .init          0x080071a0        0x8 d:/ac6/systemworkbench/plugins/fr.ac6.mcu.externaltools.arm-none.win32_1.15.0.201708311556/tools/compiler/bin/../lib/gcc/arm-none-eabi/6.3.1/thumb/v7-m/crtn.o
 *(.fini)
 .fini          0x080071a8        0x4 d:/ac6/systemworkbench/plugins/fr.ac6.mcu.externaltools.arm-none.win32_1.15.0.201708311556/tools/compiler/bin/../lib/gcc/arm-none-eabi/6.3.1/thumb/v7-m/crti.o
                0x080071a8                _fini
 .fini          0x080071ac        0x8 d:/ac6/systemworkbench/plugins/fr.ac6.mcu.externaltools.arm-none.win32_1.15.0.201708311556/tools/compiler/bin/../lib/gcc/arm-none-eabi/6.3.1/thumb/v7-m/crtn.o
                0x080071b4                . = ALIGN (0x4)
                0x080071b4                _etext = .

.vfp11_veneer   0x080071b4        0x0
 .vfp11_veneer  0x080071b4        0x0 linker stubs

.v4_bx          0x080071b4        0x0
 .v4_bx         0x080071b4        0x0 linker stubs

.iplt           0x080071b4        0x0
 .iplt          0x080071b4        0x0 d:/ac6/systemworkbench/plugins/fr.ac6.mcu.externaltools.arm-none.win32_1.15.0.201708311556/tools/compiler/bin/../lib/gcc/arm-none-eabi/6.3.1/thumb/v7-m/crtbegin.o

.rodata         0x080071b8      0x360
                0x080071b8                . = ALIGN (0x4)
 *(.rodata)
 .rodata        0x080071b8       0xa1 src/BSP.o
 *fill*         0x08007259        0x3 
 .rodata        0x0800725c       0x11 src/Func_Clock.o
 *fill*         0x0800726d        0x3 
 .rodata        0x08007270       0x1a src/main.o
 *(.rodata*)
 *fill*         0x0800728a        0x2 
 .rodata._global_impure_ptr
                0x0800728c        0x4 d:/ac6/systemworkbench/plugins/fr.ac6.mcu.externaltools.arm-none.win32_1.15.0.201708311556/tools/compiler/bin/../lib/gcc/arm-none-eabi/6.3.1/../../../../arm-none-eabi/lib/thumb/v7-m\libc.a(lib_a-impure.o)
                0x0800728c                _global_impure_ptr
 .rodata._vfprintf_r.str1.4
                0x08007290       0x42 d:/ac6/systemworkbench/plugins/fr.ac6.mcu.externaltools.arm-none.win32_1.15.0.201708311556/tools/compiler/bin/../lib/gcc/arm-none-eabi/6.3.1/../../../../arm-none-eabi/lib/thumb/v7-m\libc.a(lib_a-vfprintf.o)
 *fill*         0x080072d2        0x2 
 .rodata.blanks.7238
                0x080072d4       0x10 d:/ac6/systemworkbench/plugins/fr.ac6.mcu.externaltools.arm-none.win32_1.15.0.201708311556/tools/compiler/bin/../lib/gcc/arm-none-eabi/6.3.1/../../../../arm-none-eabi/lib/thumb/v7-m\libc.a(lib_a-vfprintf.o)
 .rodata.zeroes.7239
                0x080072e4       0x10 d:/ac6/systemworkbench/plugins/fr.ac6.mcu.externaltools.arm-none.win32_1.15.0.201708311556/tools/compiler/bin/../lib/gcc/arm-none-eabi/6.3.1/../../../../arm-none-eabi/lib/thumb/v7-m\libc.a(lib_a-vfprintf.o)
 .rodata._dtoa_r.str1.4
                0x080072f4       0x10 d:/ac6/systemworkbench/plugins/fr.ac6.mcu.externaltools.arm-none.win32_1.15.0.201708311556/tools/compiler/bin/../lib/gcc/arm-none-eabi/6.3.1/../../../../arm-none-eabi/lib/thumb/v7-m\libc.a(lib_a-dtoa.o)
                                 0x12 (size before relaxing)
 *fill*         0x08007304        0x4 
 .rodata.__mprec_bigtens
                0x08007308       0x28 d:/ac6/systemworkbench/plugins/fr.ac6.mcu.externaltools.arm-none.win32_1.15.0.201708311556/tools/compiler/bin/../lib/gcc/arm-none-eabi/6.3.1/../../../../arm-none-eabi/lib/thumb/v7-m\libc.a(lib_a-mprec.o)
                0x08007308                __mprec_bigtens
 .rodata.__mprec_tens
                0x08007330       0xc8 d:/ac6/systemworkbench/plugins/fr.ac6.mcu.externaltools.arm-none.win32_1.15.0.201708311556/tools/compiler/bin/../lib/gcc/arm-none-eabi/6.3.1/../../../../arm-none-eabi/lib/thumb/v7-m\libc.a(lib_a-mprec.o)
                0x08007330                __mprec_tens
 .rodata.p05.6055
                0x080073f8        0xc d:/ac6/systemworkbench/plugins/fr.ac6.mcu.externaltools.arm-none.win32_1.15.0.201708311556/tools/compiler/bin/../lib/gcc/arm-none-eabi/6.3.1/../../../../arm-none-eabi/lib/thumb/v7-m\libc.a(lib_a-mprec.o)
 .rodata._setlocale_r.str1.4
                0x08007404        0xa d:/ac6/systemworkbench/plugins/fr.ac6.mcu.externaltools.arm-none.win32_1.15.0.201708311556/tools/compiler/bin/../lib/gcc/arm-none-eabi/6.3.1/../../../../arm-none-eabi/lib/thumb/v7-m\libc.a(lib_a-locale.o)
                                  0xd (size before relaxing)
 *fill*         0x0800740e        0x2 
 .rodata.str1.4
                0x08007410        0x4 d:/ac6/systemworkbench/plugins/fr.ac6.mcu.externaltools.arm-none.win32_1.15.0.201708311556/tools/compiler/bin/../lib/gcc/arm-none-eabi/6.3.1/../../../../arm-none-eabi/lib/thumb/v7-m\libc.a(lib_a-locale.o)
                                  0x2 (size before relaxing)
 .rodata._ctype_
                0x08007414      0x101 d:/ac6/systemworkbench/plugins/fr.ac6.mcu.externaltools.arm-none.win32_1.15.0.201708311556/tools/compiler/bin/../lib/gcc/arm-none-eabi/6.3.1/../../../../arm-none-eabi/lib/thumb/v7-m\libc.a(lib_a-ctype_.o)
                0x08007414                _ctype_
                0x08007518                . = ALIGN (0x4)
 *fill*         0x08007515        0x3 

.ARM.extab      0x08007518        0x0
                0x08007518                . = ALIGN (0x4)
 *(.ARM.extab* .gnu.linkonce.armextab.*)
                0x08007518                . = ALIGN (0x4)

.ARM            0x08007518        0x8
                0x08007518                . = ALIGN (0x4)
                0x08007518                __exidx_start = .
 *(.ARM.exidx*)
 .ARM.exidx     0x08007518        0x8 d:/ac6/systemworkbench/plugins/fr.ac6.mcu.externaltools.arm-none.win32_1.15.0.201708311556/tools/compiler/bin/../lib/gcc/arm-none-eabi/6.3.1/thumb/v7-m\libgcc.a(_udivmoddi4.o)
                0x08007520                __exidx_end = .
                0x08007520                . = ALIGN (0x4)

.rel.dyn        0x08007520        0x0
 .rel.iplt      0x08007520        0x0 d:/ac6/systemworkbench/plugins/fr.ac6.mcu.externaltools.arm-none.win32_1.15.0.201708311556/tools/compiler/bin/../lib/gcc/arm-none-eabi/6.3.1/thumb/v7-m/crtbegin.o

.preinit_array  0x08007520        0x0
                0x08007520                . = ALIGN (0x4)
                0x08007520                PROVIDE (__preinit_array_start, .)
 *(.preinit_array*)
                0x08007520                PROVIDE (__preinit_array_end, .)
                0x08007520                . = ALIGN (0x4)

.init_array     0x08007520        0x8
                0x08007520                . = ALIGN (0x4)
                0x08007520                PROVIDE (__init_array_start, .)
 *(SORT(.init_array.*))
 .init_array.00000
                0x08007520        0x4 d:/ac6/systemworkbench/plugins/fr.ac6.mcu.externaltools.arm-none.win32_1.15.0.201708311556/tools/compiler/bin/../lib/gcc/arm-none-eabi/6.3.1/../../../../arm-none-eabi/lib/thumb/v7-m\libc.a(lib_a-__call_atexit.o)
 *(.init_array*)
 .init_array    0x08007524        0x4 d:/ac6/systemworkbench/plugins/fr.ac6.mcu.externaltools.arm-none.win32_1.15.0.201708311556/tools/compiler/bin/../lib/gcc/arm-none-eabi/6.3.1/thumb/v7-m/crtbegin.o
                0x08007528                PROVIDE (__init_array_end, .)
                0x08007528                . = ALIGN (0x4)

.fini_array     0x08007528        0x4
                0x08007528                . = ALIGN (0x4)
                0x08007528                PROVIDE (__fini_array_start, .)
 *(SORT(.fini_array.*))
 *(.fini_array*)
 .fini_array    0x08007528        0x4 d:/ac6/systemworkbench/plugins/fr.ac6.mcu.externaltools.arm-none.win32_1.15.0.201708311556/tools/compiler/bin/../lib/gcc/arm-none-eabi/6.3.1/thumb/v7-m/crtbegin.o
                0x0800752c                PROVIDE (__fini_array_end, .)
                0x0800752c                . = ALIGN (0x4)
                0x0800752c                _sidata = LOADADDR (.data)

.data           0x20000000      0x9d8 load address 0x0800752c
                0x20000000                . = ALIGN (0x4)
                0x20000000                _sdata = .
 *(.data)
 .data          0x20000000       0x14 StdPeriph_Driver/src/stm32f10x_rcc.o
 .data          0x20000014       0x14 src/system_stm32f10x.o
                0x20000014                SystemCoreClock
                0x20000018                AHBPrescTable
 *(.data*)
 .data._impure_ptr
                0x20000028        0x4 d:/ac6/systemworkbench/plugins/fr.ac6.mcu.externaltools.arm-none.win32_1.15.0.201708311556/tools/compiler/bin/../lib/gcc/arm-none-eabi/6.3.1/../../../../arm-none-eabi/lib/thumb/v7-m\libc.a(lib_a-impure.o)
                0x20000028                _impure_ptr
 *fill*         0x2000002c        0x4 
 .data.impure_data
                0x20000030      0x428 d:/ac6/systemworkbench/plugins/fr.ac6.mcu.externaltools.arm-none.win32_1.15.0.201708311556/tools/compiler/bin/../lib/gcc/arm-none-eabi/6.3.1/../../../../arm-none-eabi/lib/thumb/v7-m\libc.a(lib_a-impure.o)
 .data.__atexit_recursive_mutex
                0x20000458        0x4 d:/ac6/systemworkbench/plugins/fr.ac6.mcu.externaltools.arm-none.win32_1.15.0.201708311556/tools/compiler/bin/../lib/gcc/arm-none-eabi/6.3.1/../../../../arm-none-eabi/lib/thumb/v7-m\libc.a(lib_a-__call_atexit.o)
                0x20000458                __atexit_recursive_mutex
 .data.__malloc_av_
                0x2000045c      0x408 d:/ac6/systemworkbench/plugins/fr.ac6.mcu.externaltools.arm-none.win32_1.15.0.201708311556/tools/compiler/bin/../lib/gcc/arm-none-eabi/6.3.1/../../../../arm-none-eabi/lib/thumb/v7-m\libc.a(lib_a-mallocr.o)
                0x2000045c                __malloc_av_
 .data.__malloc_sbrk_base
                0x20000864        0x4 d:/ac6/systemworkbench/plugins/fr.ac6.mcu.externaltools.arm-none.win32_1.15.0.201708311556/tools/compiler/bin/../lib/gcc/arm-none-eabi/6.3.1/../../../../arm-none-eabi/lib/thumb/v7-m\libc.a(lib_a-mallocr.o)
                0x20000864                __malloc_sbrk_base
 .data.__malloc_trim_threshold
                0x20000868        0x4 d:/ac6/systemworkbench/plugins/fr.ac6.mcu.externaltools.arm-none.win32_1.15.0.201708311556/tools/compiler/bin/../lib/gcc/arm-none-eabi/6.3.1/../../../../arm-none-eabi/lib/thumb/v7-m\libc.a(lib_a-mallocr.o)
                0x20000868                __malloc_trim_threshold
 .data.__global_locale
                0x2000086c      0x16c d:/ac6/systemworkbench/plugins/fr.ac6.mcu.externaltools.arm-none.win32_1.15.0.201708311556/tools/compiler/bin/../lib/gcc/arm-none-eabi/6.3.1/../../../../arm-none-eabi/lib/thumb/v7-m\libc.a(lib_a-locale.o)
                0x2000086c                __global_locale
                0x200009d8                . = ALIGN (0x4)
                0x200009d8                _edata = .

.jcr            0x200009d8        0x0 load address 0x08007f04
 .jcr           0x200009d8        0x0 d:/ac6/systemworkbench/plugins/fr.ac6.mcu.externaltools.arm-none.win32_1.15.0.201708311556/tools/compiler/bin/../lib/gcc/arm-none-eabi/6.3.1/thumb/v7-m/crtbegin.o

.igot.plt       0x200009d8        0x0 load address 0x08007f04
 .igot.plt      0x200009d8        0x0 d:/ac6/systemworkbench/plugins/fr.ac6.mcu.externaltools.arm-none.win32_1.15.0.201708311556/tools/compiler/bin/../lib/gcc/arm-none-eabi/6.3.1/thumb/v7-m/crtbegin.o
                0x200009d8                . = ALIGN (0x4)

.bss            0x200009d8       0x84 load address 0x08007f04
                0x200009d8                _sbss = .
                0x200009d8                __bss_start__ = _sbss
 *(.bss)
 .bss           0x200009d8       0x1c d:/ac6/systemworkbench/plugins/fr.ac6.mcu.externaltools.arm-none.win32_1.15.0.201708311556/tools/compiler/bin/../lib/gcc/arm-none-eabi/6.3.1/thumb/v7-m/crtbegin.o
 .bss           0x200009f4        0x4 src/Utility.o
                0x200009f4                timer_ms
 .bss           0x200009f8        0x8 src/syscalls.o
                0x200009f8                __env
 *(.bss*)
 .bss.__malloc_current_mallinfo
                0x20000a00       0x28 d:/ac6/systemworkbench/plugins/fr.ac6.mcu.externaltools.arm-none.win32_1.15.0.201708311556/tools/compiler/bin/../lib/gcc/arm-none-eabi/6.3.1/../../../../arm-none-eabi/lib/thumb/v7-m\libc.a(lib_a-mallocr.o)
                0x20000a00                __malloc_current_mallinfo
 .bss.__malloc_max_sbrked_mem
                0x20000a28        0x4 d:/ac6/systemworkbench/plugins/fr.ac6.mcu.externaltools.arm-none.win32_1.15.0.201708311556/tools/compiler/bin/../lib/gcc/arm-none-eabi/6.3.1/../../../../arm-none-eabi/lib/thumb/v7-m\libc.a(lib_a-mallocr.o)
                0x20000a28                __malloc_max_sbrked_mem
 .bss.__malloc_max_total_mem
                0x20000a2c        0x4 d:/ac6/systemworkbench/plugins/fr.ac6.mcu.externaltools.arm-none.win32_1.15.0.201708311556/tools/compiler/bin/../lib/gcc/arm-none-eabi/6.3.1/../../../../arm-none-eabi/lib/thumb/v7-m\libc.a(lib_a-mallocr.o)
                0x20000a2c                __malloc_max_total_mem
 .bss.__malloc_top_pad
                0x20000a30        0x4 d:/ac6/systemworkbench/plugins/fr.ac6.mcu.externaltools.arm-none.win32_1.15.0.201708311556/tools/compiler/bin/../lib/gcc/arm-none-eabi/6.3.1/../../../../arm-none-eabi/lib/thumb/v7-m\libc.a(lib_a-mallocr.o)
                0x20000a30                __malloc_top_pad
 *(COMMON)
 COMMON         0x20000a34       0x21 d:/ac6/systemworkbench/plugins/fr.ac6.mcu.externaltools.arm-none.win32_1.15.0.201708311556/tools/compiler/bin/../lib/gcc/arm-none-eabi/6.3.1/../../../../arm-none-eabi/lib/thumb/v7-m\libc.a(lib_a-lock.o)
                0x20000a34                __lock___atexit_recursive_mutex
                0x20000a38                __lock___arc4random_mutex
                0x20000a3c                __lock___env_recursive_mutex
                0x20000a40                __lock___sinit_recursive_mutex
                0x20000a44                __lock___malloc_recursive_mutex
                0x20000a48                __lock___at_quick_exit_mutex
                0x20000a4c                __lock___dd_hash_mutex
                0x20000a50                __lock___tz_mutex
                0x20000a54                __lock___sfp_recursive_mutex
 *fill*         0x20000a55        0x3 
 COMMON         0x20000a58        0x4 d:/ac6/systemworkbench/plugins/fr.ac6.mcu.externaltools.arm-none.win32_1.15.0.201708311556/tools/compiler/bin/../lib/gcc/arm-none-eabi/6.3.1/../../../../arm-none-eabi/lib/thumb/v7-m\libc.a(lib_a-reent.o)
                0x20000a58                errno
                0x20000a5c                . = ALIGN (0x4)
                0x20000a5c                _ebss = .
                0x20000a5c                __bss_end__ = _ebss

._user_heap_stack
                0x20000a5c      0x404 load address 0x08007f04
                0x20000a60                . = ALIGN (0x8)
 *fill*         0x20000a5c        0x4 
                0x20000a60                PROVIDE (end, .)
                [!provide]                PROVIDE (_end, .)
                0x20000a60                . = (. + _Min_Heap_Size)
                0x20000e60                . = (. + _Min_Stack_Size)
 *fill*         0x20000a60      0x400 
                0x20000e60                . = ALIGN (0x8)

/DISCARD/
 libc.a(*)
 libm.a(*)
 libgcc.a(*)

.ARM.attributes
                0x00000000       0x29
 *(.ARM.attributes)
 .ARM.attributes
                0x00000000       0x1d d:/ac6/systemworkbench/plugins/fr.ac6.mcu.externaltools.arm-none.win32_1.15.0.201708311556/tools/compiler/bin/../lib/gcc/arm-none-eabi/6.3.1/thumb/v7-m/crti.o
 .ARM.attributes
                0x0000001d       0x2d d:/ac6/systemworkbench/plugins/fr.ac6.mcu.externaltools.arm-none.win32_1.15.0.201708311556/tools/compiler/bin/../lib/gcc/arm-none-eabi/6.3.1/thumb/v7-m/crtbegin.o
 .ARM.attributes
                0x0000004a       0x33 StdPeriph_Driver/src/stm32f10x_adc.o
 .ARM.attributes
                0x0000007d       0x33 StdPeriph_Driver/src/stm32f10x_bkp.o
 .ARM.attributes
                0x000000b0       0x33 StdPeriph_Driver/src/stm32f10x_flash.o
 .ARM.attributes
                0x000000e3       0x33 StdPeriph_Driver/src/stm32f10x_gpio.o
 .ARM.attributes
                0x00000116       0x33 StdPeriph_Driver/src/stm32f10x_i2c.o
 .ARM.attributes
                0x00000149       0x33 StdPeriph_Driver/src/stm32f10x_pwr.o
 .ARM.attributes
                0x0000017c       0x33 StdPeriph_Driver/src/stm32f10x_rcc.o
 .ARM.attributes
                0x000001af       0x33 StdPeriph_Driver/src/stm32f10x_rtc.o
 .ARM.attributes
                0x000001e2       0x33 StdPeriph_Driver/src/stm32f10x_tim.o
 .ARM.attributes
                0x00000215       0x33 StdPeriph_Driver/src/stm32f10x_usart.o
 .ARM.attributes
                0x00000248       0x33 src/BSP.o
 .ARM.attributes
                0x0000027b       0x33 src/Driver_ADC.o
 .ARM.attributes
                0x000002ae       0x33 src/Driver_Core.o
 .ARM.attributes
                0x000002e1       0x33 src/Driver_I2C.o
 .ARM.attributes
                0x00000314       0x33 src/Driver_NVIC.o
 .ARM.attributes
                0x00000347       0x33 src/Driver_UART.o
 .ARM.attributes
                0x0000037a       0x33 src/Func_Clock.o
 .ARM.attributes
                0x000003ad       0x33 src/Utility.o
 .ARM.attributes
                0x000003e0       0x33 src/main.o
 .ARM.attributes
                0x00000413       0x33 src/syscalls.o
 .ARM.attributes
                0x00000446       0x33 src/system_stm32f10x.o
 .ARM.attributes
                0x00000479       0x21 startup/startup_stm32f10x_md.o
 .ARM.attributes
                0x0000049a       0x1d d:/ac6/systemworkbench/plugins/fr.ac6.mcu.externaltools.arm-none.win32_1.15.0.201708311556/tools/compiler/bin/../lib/gcc/arm-none-eabi/6.3.1/thumb/v7-m\libgcc.a(_arm_addsubdf3.o)
 .ARM.attributes
                0x000004b7       0x1d d:/ac6/systemworkbench/plugins/fr.ac6.mcu.externaltools.arm-none.win32_1.15.0.201708311556/tools/compiler/bin/../lib/gcc/arm-none-eabi/6.3.1/thumb/v7-m\libgcc.a(_arm_muldivdf3.o)
 .ARM.attributes
                0x000004d4       0x1d d:/ac6/systemworkbench/plugins/fr.ac6.mcu.externaltools.arm-none.win32_1.15.0.201708311556/tools/compiler/bin/../lib/gcc/arm-none-eabi/6.3.1/thumb/v7-m\libgcc.a(_arm_fixunsdfsi.o)
 .ARM.attributes
                0x000004f1       0x2d d:/ac6/systemworkbench/plugins/fr.ac6.mcu.externaltools.arm-none.win32_1.15.0.201708311556/tools/compiler/bin/../lib/gcc/arm-none-eabi/6.3.1/../../../../arm-none-eabi/lib/thumb/v7-m\libc.a(lib_a-errno.o)
 .ARM.attributes
                0x0000051e       0x2d d:/ac6/systemworkbench/plugins/fr.ac6.mcu.externaltools.arm-none.win32_1.15.0.201708311556/tools/compiler/bin/../lib/gcc/arm-none-eabi/6.3.1/../../../../arm-none-eabi/lib/thumb/v7-m\libc.a(lib_a-impure.o)
 .ARM.attributes
                0x0000054b       0x2d d:/ac6/systemworkbench/plugins/fr.ac6.mcu.externaltools.arm-none.win32_1.15.0.201708311556/tools/compiler/bin/../lib/gcc/arm-none-eabi/6.3.1/../../../../arm-none-eabi/lib/thumb/v7-m\libc.a(lib_a-memset.o)
 .ARM.attributes
                0x00000578       0x2d d:/ac6/systemworkbench/plugins/fr.ac6.mcu.externaltools.arm-none.win32_1.15.0.201708311556/tools/compiler/bin/../lib/gcc/arm-none-eabi/6.3.1/../../../../arm-none-eabi/lib/thumb/v7-m\libc.a(lib_a-printf.o)
 .ARM.attributes
                0x000005a5       0x2d d:/ac6/systemworkbench/plugins/fr.ac6.mcu.externaltools.arm-none.win32_1.15.0.201708311556/tools/compiler/bin/../lib/gcc/arm-none-eabi/6.3.1/../../../../arm-none-eabi/lib/thumb/v7-m\libc.a(lib_a-vfprintf.o)
 .ARM.attributes
                0x000005d2       0x2d d:/ac6/systemworkbench/plugins/fr.ac6.mcu.externaltools.arm-none.win32_1.15.0.201708311556/tools/compiler/bin/../lib/gcc/arm-none-eabi/6.3.1/../../../../arm-none-eabi/lib/thumb/v7-m\libc.a(lib_a-wsetup.o)
 .ARM.attributes
                0x000005ff       0x2d d:/ac6/systemworkbench/plugins/fr.ac6.mcu.externaltools.arm-none.win32_1.15.0.201708311556/tools/compiler/bin/../lib/gcc/arm-none-eabi/6.3.1/../../../../arm-none-eabi/lib/thumb/v7-m\libc.a(lib_a-__call_atexit.o)
 .ARM.attributes
                0x0000062c       0x2d d:/ac6/systemworkbench/plugins/fr.ac6.mcu.externaltools.arm-none.win32_1.15.0.201708311556/tools/compiler/bin/../lib/gcc/arm-none-eabi/6.3.1/../../../../arm-none-eabi/lib/thumb/v7-m\libc.a(lib_a-atexit.o)
 .ARM.attributes
                0x00000659       0x2d d:/ac6/systemworkbench/plugins/fr.ac6.mcu.externaltools.arm-none.win32_1.15.0.201708311556/tools/compiler/bin/../lib/gcc/arm-none-eabi/6.3.1/../../../../arm-none-eabi/lib/thumb/v7-m\libc.a(lib_a-dtoa.o)
 .ARM.attributes
                0x00000686       0x2d d:/ac6/systemworkbench/plugins/fr.ac6.mcu.externaltools.arm-none.win32_1.15.0.201708311556/tools/compiler/bin/../lib/gcc/arm-none-eabi/6.3.1/../../../../arm-none-eabi/lib/thumb/v7-m\libc.a(lib_a-fflush.o)
 .ARM.attributes
                0x000006b3       0x2d d:/ac6/systemworkbench/plugins/fr.ac6.mcu.externaltools.arm-none.win32_1.15.0.201708311556/tools/compiler/bin/../lib/gcc/arm-none-eabi/6.3.1/../../../../arm-none-eabi/lib/thumb/v7-m\libc.a(lib_a-findfp.o)
 .ARM.attributes
                0x000006e0       0x2d d:/ac6/systemworkbench/plugins/fr.ac6.mcu.externaltools.arm-none.win32_1.15.0.201708311556/tools/compiler/bin/../lib/gcc/arm-none-eabi/6.3.1/../../../../arm-none-eabi/lib/thumb/v7-m\libc.a(lib_a-fini.o)
 .ARM.attributes
                0x0000070d       0x2d d:/ac6/systemworkbench/plugins/fr.ac6.mcu.externaltools.arm-none.win32_1.15.0.201708311556/tools/compiler/bin/../lib/gcc/arm-none-eabi/6.3.1/../../../../arm-none-eabi/lib/thumb/v7-m\libc.a(lib_a-freer.o)
 .ARM.attributes
                0x0000073a       0x2d d:/ac6/systemworkbench/plugins/fr.ac6.mcu.externaltools.arm-none.win32_1.15.0.201708311556/tools/compiler/bin/../lib/gcc/arm-none-eabi/6.3.1/../../../../arm-none-eabi/lib/thumb/v7-m\libc.a(lib_a-fwalk.o)
 .ARM.attributes
                0x00000767       0x2d d:/ac6/systemworkbench/plugins/fr.ac6.mcu.externaltools.arm-none.win32_1.15.0.201708311556/tools/compiler/bin/../lib/gcc/arm-none-eabi/6.3.1/../../../../arm-none-eabi/lib/thumb/v7-m\libc.a(lib_a-localeconv.o)
 .ARM.attributes
                0x00000794       0x2d d:/ac6/systemworkbench/plugins/fr.ac6.mcu.externaltools.arm-none.win32_1.15.0.201708311556/tools/compiler/bin/../lib/gcc/arm-none-eabi/6.3.1/../../../../arm-none-eabi/lib/thumb/v7-m\libc.a(lib_a-lock.o)
 .ARM.attributes
                0x000007c1       0x2d d:/ac6/systemworkbench/plugins/fr.ac6.mcu.externaltools.arm-none.win32_1.15.0.201708311556/tools/compiler/bin/../lib/gcc/arm-none-eabi/6.3.1/../../../../arm-none-eabi/lib/thumb/v7-m\libc.a(lib_a-makebuf.o)
 .ARM.attributes
                0x000007ee       0x2d d:/ac6/systemworkbench/plugins/fr.ac6.mcu.externaltools.arm-none.win32_1.15.0.201708311556/tools/compiler/bin/../lib/gcc/arm-none-eabi/6.3.1/../../../../arm-none-eabi/lib/thumb/v7-m\libc.a(lib_a-mallocr.o)
 .ARM.attributes
                0x0000081b       0x2d d:/ac6/systemworkbench/plugins/fr.ac6.mcu.externaltools.arm-none.win32_1.15.0.201708311556/tools/compiler/bin/../lib/gcc/arm-none-eabi/6.3.1/../../../../arm-none-eabi/lib/thumb/v7-m\libc.a(lib_a-memchr-stub.o)
 .ARM.attributes
                0x00000848       0x1b d:/ac6/systemworkbench/plugins/fr.ac6.mcu.externaltools.arm-none.win32_1.15.0.201708311556/tools/compiler/bin/../lib/gcc/arm-none-eabi/6.3.1/../../../../arm-none-eabi/lib/thumb/v7-m\libc.a(lib_a-memcpy.o)
 .ARM.attributes
                0x00000863       0x2d d:/ac6/systemworkbench/plugins/fr.ac6.mcu.externaltools.arm-none.win32_1.15.0.201708311556/tools/compiler/bin/../lib/gcc/arm-none-eabi/6.3.1/../../../../arm-none-eabi/lib/thumb/v7-m\libc.a(lib_a-mlock.o)
 .ARM.attributes
                0x00000890       0x2d d:/ac6/systemworkbench/plugins/fr.ac6.mcu.externaltools.arm-none.win32_1.15.0.201708311556/tools/compiler/bin/../lib/gcc/arm-none-eabi/6.3.1/../../../../arm-none-eabi/lib/thumb/v7-m\libc.a(lib_a-mprec.o)
 .ARM.attributes
                0x000008bd       0x2d d:/ac6/systemworkbench/plugins/fr.ac6.mcu.externaltools.arm-none.win32_1.15.0.201708311556/tools/compiler/bin/../lib/gcc/arm-none-eabi/6.3.1/../../../../arm-none-eabi/lib/thumb/v7-m\libc.a(lib_a-sbrkr.o)
 .ARM.attributes
                0x000008ea       0x2d d:/ac6/systemworkbench/plugins/fr.ac6.mcu.externaltools.arm-none.win32_1.15.0.201708311556/tools/compiler/bin/../lib/gcc/arm-none-eabi/6.3.1/../../../../arm-none-eabi/lib/thumb/v7-m\libc.a(lib_a-stdio.o)
 .ARM.attributes
                0x00000917       0x2d d:/ac6/systemworkbench/plugins/fr.ac6.mcu.externaltools.arm-none.win32_1.15.0.201708311556/tools/compiler/bin/../lib/gcc/arm-none-eabi/6.3.1/../../../../arm-none-eabi/lib/thumb/v7-m\libc.a(lib_a-strlen-stub.o)
 .ARM.attributes
                0x00000944       0x2d d:/ac6/systemworkbench/plugins/fr.ac6.mcu.externaltools.arm-none.win32_1.15.0.201708311556/tools/compiler/bin/../lib/gcc/arm-none-eabi/6.3.1/../../../../arm-none-eabi/lib/thumb/v7-m\libc.a(lib_a-vfiprintf.o)
 .ARM.attributes
                0x00000971       0x2d d:/ac6/systemworkbench/plugins/fr.ac6.mcu.externaltools.arm-none.win32_1.15.0.201708311556/tools/compiler/bin/../lib/gcc/arm-none-eabi/6.3.1/../../../../arm-none-eabi/lib/thumb/v7-m\libc.a(lib_a-writer.o)
 .ARM.attributes
                0x0000099e       0x2d d:/ac6/systemworkbench/plugins/fr.ac6.mcu.externaltools.arm-none.win32_1.15.0.201708311556/tools/compiler/bin/../lib/gcc/arm-none-eabi/6.3.1/../../../../arm-none-eabi/lib/thumb/v7-m\libc.a(lib_a-__atexit.o)
 .ARM.attributes
                0x000009cb       0x2d d:/ac6/systemworkbench/plugins/fr.ac6.mcu.externaltools.arm-none.win32_1.15.0.201708311556/tools/compiler/bin/../lib/gcc/arm-none-eabi/6.3.1/../../../../arm-none-eabi/lib/thumb/v7-m\libc.a(lib_a-callocr.o)
 .ARM.attributes
                0x000009f8       0x2d d:/ac6/systemworkbench/plugins/fr.ac6.mcu.externaltools.arm-none.win32_1.15.0.201708311556/tools/compiler/bin/../lib/gcc/arm-none-eabi/6.3.1/../../../../arm-none-eabi/lib/thumb/v7-m\libc.a(lib_a-closer.o)
 .ARM.attributes
                0x00000a25       0x2d d:/ac6/systemworkbench/plugins/fr.ac6.mcu.externaltools.arm-none.win32_1.15.0.201708311556/tools/compiler/bin/../lib/gcc/arm-none-eabi/6.3.1/../../../../arm-none-eabi/lib/thumb/v7-m\libc.a(lib_a-fclose.o)
 .ARM.attributes
                0x00000a52       0x2d d:/ac6/systemworkbench/plugins/fr.ac6.mcu.externaltools.arm-none.win32_1.15.0.201708311556/tools/compiler/bin/../lib/gcc/arm-none-eabi/6.3.1/../../../../arm-none-eabi/lib/thumb/v7-m\libc.a(lib_a-fputwc.o)
 .ARM.attributes
                0x00000a7f       0x2d d:/ac6/systemworkbench/plugins/fr.ac6.mcu.externaltools.arm-none.win32_1.15.0.201708311556/tools/compiler/bin/../lib/gcc/arm-none-eabi/6.3.1/../../../../arm-none-eabi/lib/thumb/v7-m\libc.a(lib_a-fstatr.o)
 .ARM.attributes
                0x00000aac       0x2d d:/ac6/systemworkbench/plugins/fr.ac6.mcu.externaltools.arm-none.win32_1.15.0.201708311556/tools/compiler/bin/../lib/gcc/arm-none-eabi/6.3.1/../../../../arm-none-eabi/lib/thumb/v7-m\libc.a(lib_a-fvwrite.o)
 .ARM.attributes
                0x00000ad9       0x2d d:/ac6/systemworkbench/plugins/fr.ac6.mcu.externaltools.arm-none.win32_1.15.0.201708311556/tools/compiler/bin/../lib/gcc/arm-none-eabi/6.3.1/../../../../arm-none-eabi/lib/thumb/v7-m\libc.a(lib_a-isattyr.o)
 .ARM.attributes
                0x00000b06       0x2d d:/ac6/systemworkbench/plugins/fr.ac6.mcu.externaltools.arm-none.win32_1.15.0.201708311556/tools/compiler/bin/../lib/gcc/arm-none-eabi/6.3.1/../../../../arm-none-eabi/lib/thumb/v7-m\libc.a(lib_a-locale.o)
 .ARM.attributes
                0x00000b33       0x2d d:/ac6/systemworkbench/plugins/fr.ac6.mcu.externaltools.arm-none.win32_1.15.0.201708311556/tools/compiler/bin/../lib/gcc/arm-none-eabi/6.3.1/../../../../arm-none-eabi/lib/thumb/v7-m\libc.a(lib_a-lseekr.o)
 .ARM.attributes
                0x00000b60       0x2d d:/ac6/systemworkbench/plugins/fr.ac6.mcu.externaltools.arm-none.win32_1.15.0.201708311556/tools/compiler/bin/../lib/gcc/arm-none-eabi/6.3.1/../../../../arm-none-eabi/lib/thumb/v7-m\libc.a(lib_a-mbtowc_r.o)
 .ARM.attributes
                0x00000b8d       0x2d d:/ac6/systemworkbench/plugins/fr.ac6.mcu.externaltools.arm-none.win32_1.15.0.201708311556/tools/compiler/bin/../lib/gcc/arm-none-eabi/6.3.1/../../../../arm-none-eabi/lib/thumb/v7-m\libc.a(lib_a-memmove.o)
 .ARM.attributes
                0x00000bba       0x2d d:/ac6/systemworkbench/plugins/fr.ac6.mcu.externaltools.arm-none.win32_1.15.0.201708311556/tools/compiler/bin/../lib/gcc/arm-none-eabi/6.3.1/../../../../arm-none-eabi/lib/thumb/v7-m\libc.a(lib_a-readr.o)
 .ARM.attributes
                0x00000be7       0x2d d:/ac6/systemworkbench/plugins/fr.ac6.mcu.externaltools.arm-none.win32_1.15.0.201708311556/tools/compiler/bin/../lib/gcc/arm-none-eabi/6.3.1/../../../../arm-none-eabi/lib/thumb/v7-m\libc.a(lib_a-reallocr.o)
 .ARM.attributes
                0x00000c14       0x2d d:/ac6/systemworkbench/plugins/fr.ac6.mcu.externaltools.arm-none.win32_1.15.0.201708311556/tools/compiler/bin/../lib/gcc/arm-none-eabi/6.3.1/../../../../arm-none-eabi/lib/thumb/v7-m\libc.a(lib_a-reent.o)
 .ARM.attributes
                0x00000c41       0x2d d:/ac6/systemworkbench/plugins/fr.ac6.mcu.externaltools.arm-none.win32_1.15.0.201708311556/tools/compiler/bin/../lib/gcc/arm-none-eabi/6.3.1/../../../../arm-none-eabi/lib/thumb/v7-m\libc.a(lib_a-wbuf.o)
 .ARM.attributes
                0x00000c6e       0x2d d:/ac6/systemworkbench/plugins/fr.ac6.mcu.externaltools.arm-none.win32_1.15.0.201708311556/tools/compiler/bin/../lib/gcc/arm-none-eabi/6.3.1/../../../../arm-none-eabi/lib/thumb/v7-m\libc.a(lib_a-wcrtomb.o)
 .ARM.attributes
                0x00000c9b       0x2d d:/ac6/systemworkbench/plugins/fr.ac6.mcu.externaltools.arm-none.win32_1.15.0.201708311556/tools/compiler/bin/../lib/gcc/arm-none-eabi/6.3.1/../../../../arm-none-eabi/lib/thumb/v7-m\libc.a(lib_a-wctomb_r.o)
 .ARM.attributes
                0x00000cc8       0x2d d:/ac6/systemworkbench/plugins/fr.ac6.mcu.externaltools.arm-none.win32_1.15.0.201708311556/tools/compiler/bin/../lib/gcc/arm-none-eabi/6.3.1/../../../../arm-none-eabi/lib/thumb/v7-m\libc.a(lib_a-ctype_.o)
 .ARM.attributes
                0x00000cf5       0x1d d:/ac6/systemworkbench/plugins/fr.ac6.mcu.externaltools.arm-none.win32_1.15.0.201708311556/tools/compiler/bin/../lib/gcc/arm-none-eabi/6.3.1/thumb/v7-m\libgcc.a(_arm_cmpdf2.o)
 .ARM.attributes
                0x00000d12       0x1d d:/ac6/systemworkbench/plugins/fr.ac6.mcu.externaltools.arm-none.win32_1.15.0.201708311556/tools/compiler/bin/../lib/gcc/arm-none-eabi/6.3.1/thumb/v7-m\libgcc.a(_arm_unorddf2.o)
 .ARM.attributes
                0x00000d2f       0x1d d:/ac6/systemworkbench/plugins/fr.ac6.mcu.externaltools.arm-none.win32_1.15.0.201708311556/tools/compiler/bin/../lib/gcc/arm-none-eabi/6.3.1/thumb/v7-m\libgcc.a(_arm_fixdfsi.o)
 .ARM.attributes
                0x00000d4c       0x1d d:/ac6/systemworkbench/plugins/fr.ac6.mcu.externaltools.arm-none.win32_1.15.0.201708311556/tools/compiler/bin/../lib/gcc/arm-none-eabi/6.3.1/thumb/v7-m\libgcc.a(_aeabi_uldivmod.o)
 .ARM.attributes
                0x00000d69       0x2d d:/ac6/systemworkbench/plugins/fr.ac6.mcu.externaltools.arm-none.win32_1.15.0.201708311556/tools/compiler/bin/../lib/gcc/arm-none-eabi/6.3.1/thumb/v7-m\libgcc.a(_udivmoddi4.o)
 .ARM.attributes
                0x00000d96       0x1d d:/ac6/systemworkbench/plugins/fr.ac6.mcu.externaltools.arm-none.win32_1.15.0.201708311556/tools/compiler/bin/../lib/gcc/arm-none-eabi/6.3.1/thumb/v7-m\libgcc.a(_dvmd_tls.o)
 .ARM.attributes
                0x00000db3       0x1d d:/ac6/systemworkbench/plugins/fr.ac6.mcu.externaltools.arm-none.win32_1.15.0.201708311556/tools/compiler/bin/../lib/gcc/arm-none-eabi/6.3.1/thumb/v7-m/crtn.o
OUTPUT(IW18_CMSIS_v01.elf elf32-littlearm)

.debug_info     0x00000000     0xd8f7
 .debug_info    0x00000000      0xb75 StdPeriph_Driver/src/stm32f10x_adc.o
 .debug_info    0x00000b75      0x7a2 StdPeriph_Driver/src/stm32f10x_bkp.o
 .debug_info    0x00001317      0x7b6 StdPeriph_Driver/src/stm32f10x_flash.o
 .debug_info    0x00001acd      0x6ef StdPeriph_Driver/src/stm32f10x_gpio.o
 .debug_info    0x000021bc      0xb05 StdPeriph_Driver/src/stm32f10x_i2c.o
 .debug_info    0x00002cc1      0x43d StdPeriph_Driver/src/stm32f10x_pwr.o
 .debug_info    0x000030fe      0x8a0 StdPeriph_Driver/src/stm32f10x_rcc.o
 .debug_info    0x0000399e      0x435 StdPeriph_Driver/src/stm32f10x_rtc.o
 .debug_info    0x00003dd3     0x1c59 StdPeriph_Driver/src/stm32f10x_tim.o
 .debug_info    0x00005a2c      0x9e9 StdPeriph_Driver/src/stm32f10x_usart.o
 .debug_info    0x00006415      0xaf5 src/BSP.o
 .debug_info    0x00006f0a      0xc19 src/Driver_ADC.o
 .debug_info    0x00007b23      0x5d1 src/Driver_Core.o
 .debug_info    0x000080f4      0xd7a src/Driver_I2C.o
 .debug_info    0x00008e6e      0xdbb src/Driver_NVIC.o
 .debug_info    0x00009c29      0xc44 src/Driver_UART.o
 .debug_info    0x0000a86d      0x99f src/Func_Clock.o
 .debug_info    0x0000b20c      0x958 src/Utility.o
 .debug_info    0x0000bb64      0x97e src/main.o
 .debug_info    0x0000c4e2      0xf2a src/syscalls.o
 .debug_info    0x0000d40c      0x456 src/system_stm32f10x.o
 .debug_info    0x0000d862       0x95 startup/startup_stm32f10x_md.o

.debug_abbrev   0x00000000     0x27b3
 .debug_abbrev  0x00000000      0x1ae StdPeriph_Driver/src/stm32f10x_adc.o
 .debug_abbrev  0x000001ae      0x17b StdPeriph_Driver/src/stm32f10x_bkp.o
 .debug_abbrev  0x00000329      0x1a3 StdPeriph_Driver/src/stm32f10x_flash.o
 .debug_abbrev  0x000004cc      0x1e0 StdPeriph_Driver/src/stm32f10x_gpio.o
 .debug_abbrev  0x000006ac      0x194 StdPeriph_Driver/src/stm32f10x_i2c.o
 .debug_abbrev  0x00000840      0x1c3 StdPeriph_Driver/src/stm32f10x_pwr.o
 .debug_abbrev  0x00000a03      0x1d2 StdPeriph_Driver/src/stm32f10x_rcc.o
 .debug_abbrev  0x00000bd5      0x1a3 StdPeriph_Driver/src/stm32f10x_rtc.o
 .debug_abbrev  0x00000d78      0x1c6 StdPeriph_Driver/src/stm32f10x_tim.o
 .debug_abbrev  0x00000f3e      0x192 StdPeriph_Driver/src/stm32f10x_usart.o
 .debug_abbrev  0x000010d0      0x201 src/BSP.o
 .debug_abbrev  0x000012d1      0x230 src/Driver_ADC.o
 .debug_abbrev  0x00001501      0x1ce src/Driver_Core.o
 .debug_abbrev  0x000016cf      0x24a src/Driver_I2C.o
 .debug_abbrev  0x00001919      0x238 src/Driver_NVIC.o
 .debug_abbrev  0x00001b51      0x239 src/Driver_UART.o
 .debug_abbrev  0x00001d8a      0x217 src/Func_Clock.o
 .debug_abbrev  0x00001fa1      0x1f8 src/Utility.o
 .debug_abbrev  0x00002199      0x1c2 src/main.o
 .debug_abbrev  0x0000235b      0x2aa src/syscalls.o
 .debug_abbrev  0x00002605      0x19c src/system_stm32f10x.o
 .debug_abbrev  0x000027a1       0x12 startup/startup_stm32f10x_md.o

.debug_aranges  0x00000000      0xd70
 .debug_aranges
                0x00000000      0x138 StdPeriph_Driver/src/stm32f10x_adc.o
 .debug_aranges
                0x00000138       0x78 StdPeriph_Driver/src/stm32f10x_bkp.o
 .debug_aranges
                0x000001b0       0xf8 StdPeriph_Driver/src/stm32f10x_flash.o
 .debug_aranges
                0x000002a8       0xa8 StdPeriph_Driver/src/stm32f10x_gpio.o
 .debug_aranges
                0x00000350      0x120 StdPeriph_Driver/src/stm32f10x_i2c.o
 .debug_aranges
                0x00000470       0x70 StdPeriph_Driver/src/stm32f10x_pwr.o
 .debug_aranges
                0x000004e0      0x118 StdPeriph_Driver/src/stm32f10x_rcc.o
 .debug_aranges
                0x000005f8       0x88 StdPeriph_Driver/src/stm32f10x_rtc.o
 .debug_aranges
                0x00000680      0x2f0 StdPeriph_Driver/src/stm32f10x_tim.o
 .debug_aranges
                0x00000970      0x100 StdPeriph_Driver/src/stm32f10x_usart.o
 .debug_aranges
                0x00000a70       0x40 src/BSP.o
 .debug_aranges
                0x00000ab0       0x28 src/Driver_ADC.o
 .debug_aranges
                0x00000ad8       0x40 src/Driver_Core.o
 .debug_aranges
                0x00000b18       0x50 src/Driver_I2C.o
 .debug_aranges
                0x00000b68       0x38 src/Driver_NVIC.o
 .debug_aranges
                0x00000ba0       0x40 src/Driver_UART.o
 .debug_aranges
                0x00000be0       0x30 src/Func_Clock.o
 .debug_aranges
                0x00000c10       0x30 src/Utility.o
 .debug_aranges
                0x00000c40       0x20 src/main.o
 .debug_aranges
                0x00000c60       0xb0 src/syscalls.o
 .debug_aranges
                0x00000d10       0x38 src/system_stm32f10x.o
 .debug_aranges
                0x00000d48       0x28 startup/startup_stm32f10x_md.o

.debug_ranges   0x00000000      0xc18
 .debug_ranges  0x00000000      0x128 StdPeriph_Driver/src/stm32f10x_adc.o
 .debug_ranges  0x00000128       0x68 StdPeriph_Driver/src/stm32f10x_bkp.o
 .debug_ranges  0x00000190       0xe8 StdPeriph_Driver/src/stm32f10x_flash.o
 .debug_ranges  0x00000278       0x98 StdPeriph_Driver/src/stm32f10x_gpio.o
 .debug_ranges  0x00000310      0x110 StdPeriph_Driver/src/stm32f10x_i2c.o
 .debug_ranges  0x00000420       0x60 StdPeriph_Driver/src/stm32f10x_pwr.o
 .debug_ranges  0x00000480      0x108 StdPeriph_Driver/src/stm32f10x_rcc.o
 .debug_ranges  0x00000588       0x78 StdPeriph_Driver/src/stm32f10x_rtc.o
 .debug_ranges  0x00000600      0x2e0 StdPeriph_Driver/src/stm32f10x_tim.o
 .debug_ranges  0x000008e0       0xf0 StdPeriph_Driver/src/stm32f10x_usart.o
 .debug_ranges  0x000009d0       0x30 src/BSP.o
 .debug_ranges  0x00000a00       0x18 src/Driver_ADC.o
 .debug_ranges  0x00000a18       0x30 src/Driver_Core.o
 .debug_ranges  0x00000a48       0x40 src/Driver_I2C.o
 .debug_ranges  0x00000a88       0x28 src/Driver_NVIC.o
 .debug_ranges  0x00000ab0       0x30 src/Driver_UART.o
 .debug_ranges  0x00000ae0       0x20 src/Func_Clock.o
 .debug_ranges  0x00000b00       0x20 src/Utility.o
 .debug_ranges  0x00000b20       0x10 src/main.o
 .debug_ranges  0x00000b30       0xa0 src/syscalls.o
 .debug_ranges  0x00000bd0       0x28 src/system_stm32f10x.o
 .debug_ranges  0x00000bf8       0x20 startup/startup_stm32f10x_md.o

.debug_macro    0x00000000     0x68e5
 .debug_macro   0x00000000      0x285 StdPeriph_Driver/src/stm32f10x_adc.o
 .debug_macro   0x00000285      0x13e StdPeriph_Driver/src/stm32f10x_adc.o
 .debug_macro   0x000003c3       0x8b StdPeriph_Driver/src/stm32f10x_adc.o
 .debug_macro   0x0000044e      0x1e3 StdPeriph_Driver/src/stm32f10x_bkp.o
 .debug_macro   0x00000631      0x22d StdPeriph_Driver/src/stm32f10x_flash.o
 .debug_macro   0x0000085e      0x2c9 StdPeriph_Driver/src/stm32f10x_flash.o
 .debug_macro   0x00000b27      0x1d7 StdPeriph_Driver/src/stm32f10x_gpio.o
 .debug_macro   0x00000cfe      0x2a6 StdPeriph_Driver/src/stm32f10x_gpio.o
 .debug_macro   0x00000fa4      0x25b StdPeriph_Driver/src/stm32f10x_i2c.o
 .debug_macro   0x000011ff      0x2ab StdPeriph_Driver/src/stm32f10x_i2c.o
 .debug_macro   0x000014aa      0x1cb StdPeriph_Driver/src/stm32f10x_pwr.o
 .debug_macro   0x00001675       0x7c StdPeriph_Driver/src/stm32f10x_pwr.o
 .debug_macro   0x000016f1      0x2a1 StdPeriph_Driver/src/stm32f10x_rcc.o
 .debug_macro   0x00001992      0x3dc StdPeriph_Driver/src/stm32f10x_rcc.o
 .debug_macro   0x00001d6e      0x191 StdPeriph_Driver/src/stm32f10x_rtc.o
 .debug_macro   0x00001eff       0x52 StdPeriph_Driver/src/stm32f10x_rtc.o
 .debug_macro   0x00001f51      0x1a1 StdPeriph_Driver/src/stm32f10x_tim.o
 .debug_macro   0x000020f2      0x70b StdPeriph_Driver/src/stm32f10x_tim.o
 .debug_macro   0x000027fd      0x23d StdPeriph_Driver/src/stm32f10x_usart.o
 .debug_macro   0x00002a3a      0x21a StdPeriph_Driver/src/stm32f10x_usart.o
 .debug_macro   0x00002c54      0x32d src/BSP.o
 .debug_macro   0x00002f81       0x16 src/BSP.o
 .debug_macro   0x00002f97       0x4c src/BSP.o
 .debug_macro   0x00002fe3      0x6bd src/BSP.o
 .debug_macro   0x000036a0       0x58 src/BSP.o
 .debug_macro   0x000036f8       0x35 src/BSP.o
 .debug_macro   0x0000372d       0x9c src/BSP.o
 .debug_macro   0x000037c9       0x16 src/BSP.o
 .debug_macro   0x000037df       0x97 src/BSP.o
 .debug_macro   0x00003876      0x330 src/BSP.o
 .debug_macro   0x00003ba6       0xfd src/BSP.o
 .debug_macro   0x00003ca3       0x10 src/BSP.o
 .debug_macro   0x00003cb3       0x58 src/BSP.o
 .debug_macro   0x00003d0b       0x1f src/BSP.o
 .debug_macro   0x00003d2a       0x43 src/BSP.o
 .debug_macro   0x00003d6d       0x20 src/BSP.o
 .debug_macro   0x00003d8d      0x187 src/BSP.o
 .debug_macro   0x00003f14       0x10 src/BSP.o
 .debug_macro   0x00003f24       0x1c src/BSP.o
 .debug_macro   0x00003f40       0x52 src/BSP.o
 .debug_macro   0x00003f92       0x40 src/BSP.o
 .debug_macro   0x00003fd2       0x10 src/BSP.o
 .debug_macro   0x00003fe2       0x40 src/BSP.o
 .debug_macro   0x00004022       0xd7 src/BSP.o
 .debug_macro   0x000040f9       0x16 src/BSP.o
 .debug_macro   0x0000410f      0x18b src/BSP.o
 .debug_macro   0x0000429a       0x16 src/BSP.o
 .debug_macro   0x000042b0       0x35 src/BSP.o
 .debug_macro   0x000042e5       0x16 src/BSP.o
 .debug_macro   0x000042fb       0x29 src/BSP.o
 .debug_macro   0x00004324       0xf4 src/BSP.o
 .debug_macro   0x00004418      0x32d src/Driver_ADC.o
 .debug_macro   0x00004745      0x189 src/Driver_Core.o
 .debug_macro   0x000048ce      0x32d src/Driver_I2C.o
 .debug_macro   0x00004bfb      0x348 src/Driver_NVIC.o
 .debug_macro   0x00004f43       0x52 src/Driver_NVIC.o
 .debug_macro   0x00004f95      0x358 src/Driver_UART.o
 .debug_macro   0x000052ed       0x16 src/Driver_UART.o
 .debug_macro   0x00005303      0x2db src/Func_Clock.o
 .debug_macro   0x000055de      0x32d src/Utility.o
 .debug_macro   0x0000590b      0x377 src/main.o
 .debug_macro   0x00005c82      0x236 src/syscalls.o
 .debug_macro   0x00005eb8       0x52 src/syscalls.o
 .debug_macro   0x00005f0a       0x8d src/syscalls.o
 .debug_macro   0x00005f97       0x57 src/syscalls.o
 .debug_macro   0x00005fee      0x174 src/syscalls.o
 .debug_macro   0x00006162       0x10 src/syscalls.o
 .debug_macro   0x00006172       0x10 src/syscalls.o
 .debug_macro   0x00006182       0x10 src/syscalls.o
 .debug_macro   0x00006192       0x35 src/syscalls.o
 .debug_macro   0x000061c7      0x122 src/syscalls.o
 .debug_macro   0x000062e9       0x10 src/syscalls.o
 .debug_macro   0x000062f9      0x241 src/syscalls.o
 .debug_macro   0x0000653a       0x1c src/syscalls.o
 .debug_macro   0x00006556       0x10 src/syscalls.o
 .debug_macro   0x00006566      0x159 src/syscalls.o
 .debug_macro   0x000066bf       0x16 src/syscalls.o
 .debug_macro   0x000066d5       0x88 src/syscalls.o
 .debug_macro   0x0000675d      0x188 src/system_stm32f10x.o

.debug_line     0x00000000     0xab7a
 .debug_line    0x00000000      0x929 StdPeriph_Driver/src/stm32f10x_adc.o
 .debug_line    0x00000929      0x6ba StdPeriph_Driver/src/stm32f10x_bkp.o
 .debug_line    0x00000fe3      0x8b9 StdPeriph_Driver/src/stm32f10x_flash.o
 .debug_line    0x0000189c      0x7be StdPeriph_Driver/src/stm32f10x_gpio.o
 .debug_line    0x0000205a      0x8c1 StdPeriph_Driver/src/stm32f10x_i2c.o
 .debug_line    0x0000291b      0x6be StdPeriph_Driver/src/stm32f10x_pwr.o
 .debug_line    0x00002fd9      0x8ba StdPeriph_Driver/src/stm32f10x_rcc.o
 .debug_line    0x00003893      0x6ff StdPeriph_Driver/src/stm32f10x_rtc.o
 .debug_line    0x00003f92      0xf3f StdPeriph_Driver/src/stm32f10x_tim.o
 .debug_line    0x00004ed1      0x88c StdPeriph_Driver/src/stm32f10x_usart.o
 .debug_line    0x0000575d      0x7e5 src/BSP.o
 .debug_line    0x00005f42      0x7c7 src/Driver_ADC.o
 .debug_line    0x00006709      0x6c3 src/Driver_Core.o
 .debug_line    0x00006dcc      0x95b src/Driver_I2C.o
 .debug_line    0x00007727      0x80b src/Driver_NVIC.o
 .debug_line    0x00007f32      0x82e src/Driver_UART.o
 .debug_line    0x00008760      0x77d src/Func_Clock.o
 .debug_line    0x00008edd      0x7c6 src/Utility.o
 .debug_line    0x000096a3      0x814 src/main.o
 .debug_line    0x00009eb7      0x5d4 src/syscalls.o
 .debug_line    0x0000a48b      0x673 src/system_stm32f10x.o
 .debug_line    0x0000aafe       0x7c startup/startup_stm32f10x_md.o

.debug_str      0x00000000    0x571b9
 .debug_str     0x00000000    0x4d489 StdPeriph_Driver/src/stm32f10x_adc.o
                              0x4d62b (size before relaxing)
 .debug_str     0x0004d489      0x643 StdPeriph_Driver/src/stm32f10x_bkp.o
                              0x4d10a (size before relaxing)
 .debug_str     0x0004dacc      0x7f6 StdPeriph_Driver/src/stm32f10x_flash.o
                              0x4d2c1 (size before relaxing)
 .debug_str     0x0004e2c2      0x5a4 StdPeriph_Driver/src/stm32f10x_gpio.o
                              0x4d04f (size before relaxing)
 .debug_str     0x0004e866      0x8ae StdPeriph_Driver/src/stm32f10x_i2c.o
                              0x4d3f1 (size before relaxing)
 .debug_str     0x0004f114      0x308 StdPeriph_Driver/src/stm32f10x_pwr.o
                              0x4cdba (size before relaxing)
 .debug_str     0x0004f41c      0xae2 StdPeriph_Driver/src/stm32f10x_rcc.o
                              0x4d635 (size before relaxing)
 .debug_str     0x0004fefe      0x1c8 StdPeriph_Driver/src/stm32f10x_rtc.o
                              0x4cce0 (size before relaxing)
 .debug_str     0x000500c6      0xb75 StdPeriph_Driver/src/stm32f10x_tim.o
                              0x4d753 (size before relaxing)
 .debug_str     0x00050c3b      0x7e9 StdPeriph_Driver/src/stm32f10x_usart.o
                              0x4d35f (size before relaxing)
 .debug_str     0x00051424     0x4503 src/BSP.o
                              0x51177 (size before relaxing)
 .debug_str     0x00055927       0x32 src/Driver_ADC.o
                              0x51239 (size before relaxing)
 .debug_str     0x00055959      0x3a3 src/Driver_Core.o
                              0x4ceab (size before relaxing)
 .debug_str     0x00055cfc      0x123 src/Driver_I2C.o
                              0x51338 (size before relaxing)
 .debug_str     0x00055e1f       0xee src/Driver_NVIC.o
                              0x51504 (size before relaxing)
 .debug_str     0x00055f0d       0xb2 src/Driver_UART.o